TAP version 13
# Subtest: K4: real editor name and phone save preserves an inert child claim
not ok 1 - K4: real editor name and phone save preserves an inert child claim
  ---
  duration_ms: 37.467791
  type: 'test'
  location: '/Users/ericr.bang/GitHub/ODOS2020/.worktrees/guarantor-claim-fence/ui/tests/guarantorEditor.test.tsx:1:14089'
  failureType: 'testCodeFailure'
  error: |-
    Expected values to be strictly deep-equal:
    + actual - expected
    
    + []
    - [
    -   {
    -     url: 'https://odos2020.com/fhir/StructureDefinition/guarantor-link-claim',
    -     valueReference: {
    -       reference: 'Task/inert-claim'
    -     }
    -   }
    - ]
    
  code: 'ERR_ASSERTION'
  name: 'AssertionError'
  expected:
    0:
      url: 'https://odos2020.com/fhir/StructureDefinition/guarantor-link-claim'
      valueReference:
        reference: 'Task/inert-claim'
  actual:
  operator: 'deepStrictEqual'
  stack: |-
    <anonymous> (/Users/ericr.bang/GitHub/ODOS2020/.worktrees/guarantor-claim-fence/ui/tests/guarantorEditor.test.tsx:277:12)
    async withEditor (/Users/ericr.bang/GitHub/ODOS2020/.worktrees/guarantor-claim-fence/ui/tests/guarantorEditor.test.tsx:62:5)
    async TestContext.<anonymous> (/Users/ericr.bang/GitHub/ODOS2020/.worktrees/guarantor-claim-fence/ui/tests/guarantorEditor.test.tsx:264:3)
    async Test.run (node:internal/test_runner/test:1054:7)
    async startSubtestAfterBootstrap (node:internal/test_runner/harness:296:3)
  ...
1..1
# tests 1
# suites 0
# pass 0
# fail 1
# cancelled 0
# skipped 0
# todo 0
# duration_ms 234.931333
