TAP version 13
# Subtest: exact \#57 legacy Coverage renders in the grid and editor, then upgrades in one transaction
not ok 1 - exact \#57 legacy Coverage renders in the grid and editor, then upgrades in one transaction
  ---
  duration_ms: 7.67775
  type: 'test'
  location: '/Users/ericr.bang/GitHub/ODOS2020/.worktrees/guarantor-claim-fence/ui/tests/patientInsurance.test.tsx:1:1898'
  failureType: 'testCodeFailure'
  error: |-
    Expected values to be strictly equal:
    + actual - expected
    
    + undefined
    - 'POST'
    
  code: 'ERR_ASSERTION'
  name: 'AssertionError'
  expected: 'POST'
  operator: 'strictEqual'
  stack: |-
    TestContext.<anonymous> (/Users/ericr.bang/GitHub/ODOS2020/.worktrees/guarantor-claim-fence/ui/tests/patientInsurance.test.tsx:100:10)
    Test.runInAsyncScope (node:async_hooks:214:14)
    Test.run (node:internal/test_runner/test:1047:25)
    Test.start (node:internal/test_runner/test:944:17)
    startSubtestAfterBootstrap (node:internal/test_runner/harness:296:17)
  ...
# Subtest: self Coverage keeps Patient demographics read-only and existing non-self subscribers update in place
ok 2 - self Coverage keeps Patient demographics read-only and existing non-self subscribers update in place
  ---
  duration_ms: 0.896917
  type: 'test'
  ...
# Subtest: manual benefit entry emits the required request-response history pair and benefit money/extensions
ok 3 - manual benefit entry emits the required request-response history pair and benefit money/extensions
  ---
  duration_ms: 1.42775
  type: 'test'
  ...
# Subtest: applying a plan template copies only plan-level facts and keeps the 7a bundle path unchanged
ok 4 - applying a plan template copies only plan-level facts and keeps the 7a bundle path unchanged
  ---
  duration_ms: 0.90325
  type: 'test'
  ...
# Subtest: applying an incomplete plan template leaves an undefined benefit kind untouched
ok 5 - applying an incomplete plan template leaves an undefined benefit kind untouched
  ---
  duration_ms: 0.132667
  type: 'test'
  ...
# Subtest: all six benefit statuses are derived from period, authorization, exclusion, and used facts
ok 6 - all six benefit statuses are derived from period, authorization, exclusion, and used facts
  ---
  duration_ms: 0.153459
  type: 'test'
  ...
# Subtest: claim context is active only when a current Coverage has an active applicable lens benefit
ok 7 - claim context is active only when a current Coverage has an active applicable lens benefit
  ---
  duration_ms: 0.557291
  type: 'test'
  ...
# Subtest: latest benefit selection treats malformed created timestamps as older than valid responses
ok 8 - latest benefit selection treats malformed created timestamps as older than valid responses
  ---
  duration_ms: 0.073667
  type: 'test'
  ...
# Subtest: both insurance clients use their dedicated routes and preserve transaction bodies
ok 9 - both insurance clients use their dedicated routes and preserve transaction bodies
  ---
  duration_ms: 12.492125
  type: 'test'
  ...
# Subtest: benefit table renders the exact column vocabulary, derived status, history, and detail view
ok 10 - benefit table renders the exact column vocabulary, derived status, history, and detail view
  ---
  duration_ms: 13.148667
  type: 'test'
  ...
# Subtest: INS2 U1 reuse offers only subscriber-only records
ok 11 - INS2 U1 reuse offers only subscriber-only records
  ---
  duration_ms: 0.833333
  type: 'test'
  ...
# Subtest: INS2 U2 legacy guardian subscriber becomes a new record without a guardian write
not ok 12 - INS2 U2 legacy guardian subscriber becomes a new record without a guardian write
  ---
  duration_ms: 0.415542
  type: 'test'
  location: '/Users/ericr.bang/GitHub/ODOS2020/.worktrees/guarantor-claim-fence/ui/tests/patientInsurance.test.tsx:1:20577'
  failureType: 'testCodeFailure'
  error: |-
    Expected values to be strictly equal:
    
    1 !== 2
    
  code: 'ERR_ASSERTION'
  name: 'AssertionError'
  expected: 2
  actual: 1
  operator: 'strictEqual'
  stack: |-
    ins2AssertGuardianCopy (/Users/ericr.bang/GitHub/ODOS2020/.worktrees/guarantor-claim-fence/ui/tests/patientInsurance.test.tsx:460:10)
    TestContext.<anonymous> (/Users/ericr.bang/GitHub/ODOS2020/.worktrees/guarantor-claim-fence/ui/tests/patientInsurance.test.tsx:489:3)
    Test.runInAsyncScope (node:async_hooks:214:14)
    Test.run (node:internal/test_runner/test:1047:25)
    Test.processPendingSubtests (node:internal/test_runner/test:744:18)
    Test.postRun (node:internal/test_runner/test:1173:19)
    Test.run (node:internal/test_runner/test:1101:12)
    async Test.processPendingSubtests (node:internal/test_runner/test:744:7)
  ...
# Subtest: INS2 U3 subscriber activity is independent of Coverage activity
not ok 13 - INS2 U3 subscriber activity is independent of Coverage activity
  ---
  duration_ms: 0.166042
  type: 'test'
  location: '/Users/ericr.bang/GitHub/ODOS2020/.worktrees/guarantor-claim-fence/ui/tests/patientInsurance.test.tsx:1:20710'
  failureType: 'testCodeFailure'
  error: "Cannot read properties of undefined (reading 'request')"
  code: 'ERR_TEST_FAILURE'
  name: 'TypeError'
  stack: |-
    TestContext.<anonymous> (/Users/ericr.bang/GitHub/ODOS2020/.worktrees/guarantor-claim-fence/ui/tests/patientInsurance.test.tsx:495:26)
    Test.runInAsyncScope (node:async_hooks:214:14)
    Test.run (node:internal/test_runner/test:1047:25)
    Test.processPendingSubtests (node:internal/test_runner/test:744:18)
    Test.postRun (node:internal/test_runner/test:1173:19)
    Test.run (node:internal/test_runner/test:1101:12)
    async Test.processPendingSubtests (node:internal/test_runner/test:744:7)
  ...
# Subtest: INS2 U4 unloaded or mismatched subscriber refuses to emit a bundle
ok 14 - INS2 U4 unloaded or mismatched subscriber refuses to emit a bundle
  ---
  duration_ms: 0.429375
  type: 'test'
  ...
# Subtest: INS2 U5 primary extension alone excludes reuse and prevents guardian writes
not ok 15 - INS2 U5 primary extension alone excludes reuse and prevents guardian writes
  ---
  duration_ms: 0.936833
  type: 'test'
  location: '/Users/ericr.bang/GitHub/ODOS2020/.worktrees/guarantor-claim-fence/ui/tests/patientInsurance.test.tsx:1:22220'
  failureType: 'testCodeFailure'
  error: |-
    Expected values to be strictly equal:
    
    1 !== 2
    
  code: 'ERR_ASSERTION'
  name: 'AssertionError'
  expected: 2
  actual: 1
  operator: 'strictEqual'
  stack: |-
    ins2AssertGuardianCopy (/Users/ericr.bang/GitHub/ODOS2020/.worktrees/guarantor-claim-fence/ui/tests/patientInsurance.test.tsx:460:10)
    TestContext.<anonymous> (/Users/ericr.bang/GitHub/ODOS2020/.worktrees/guarantor-claim-fence/ui/tests/patientInsurance.test.tsx:521:3)
    Test.runInAsyncScope (node:async_hooks:214:14)
    Test.run (node:internal/test_runner/test:1047:25)
    Test.processPendingSubtests (node:internal/test_runner/test:744:18)
    Test.postRun (node:internal/test_runner/test:1173:19)
    Test.run (node:internal/test_runner/test:1101:12)
    async Test.processPendingSubtests (node:internal/test_runner/test:744:7)
  ...
1..15
# tests 15
# suites 0
# pass 11
# fail 4
# cancelled 0
# skipped 0
# todo 0
# duration_ms 268.289625
