node:internal/modules/run_main:123
    triggerUncaughtException(
    ^

AssertionError [ERR_ASSERTION]: Expected values to be strictly deep-equal:
+ actual - expected

+ Comparison {}
- Comparison {
-   code: 'ERR_ASSERTION'
- }

    at async <anonymous> (/Users/ericr.bang/GitHub/ODOS2020/.worktrees/guarantor-claim-fence/.odos/guarantor-f1/setup-guard.mjs:10:3) {
  generatedMessage: true,
  code: 'ERR_ASSERTION',
  actual: Error: Network calls forbidden by this guard
      at <anonymous> (/Users/ericr.bang/GitHub/ODOS2020/.worktrees/guarantor-claim-fence/.odos/guarantor-f1/setup-guard.mjs:6:21)
      at ModuleJob.run (node:internal/modules/esm/module_job:343:25)
      at async onImport.tracePromise.__proto__ (node:internal/modules/esm/loader:681:26)
      at async asyncRunEntryPointWithESMLoader (node:internal/modules/run_main:117:5),
  expected: { code: 'ERR_ASSERTION' },
  operator: 'rejects',
  diff: 'simple'
}

Node.js v22.22.3
