TAP version 13
# Subtest: ROS browser: comprehensive burst and explicit immutable reviews
not ok 1 - ROS browser: comprehensive burst and explicit immutable reviews
  ---
  duration_ms: 5830.147542
  type: 'test'
  location: '/Users/ericr.bang/GitHub/ODOS2020/.worktrees/pr536-round5/ui/tests/historyRosBrowser.test.tsx:1:825'
  failureType: 'unhandledRejection'
  error: 'page.waitForResponse: Target page, context or browser has been closed'
  code: 'ERR_TEST_FAILURE'
  stack: |-
    TestContext.<anonymous> (/Users/ericr.bang/GitHub/ODOS2020/.worktrees/pr536-round5/ui/tests/historyRosBrowser.test.tsx:146:33)
  ...
1..1
# tests 1
# suites 0
# pass 0
# fail 1
# cancelled 0
# skipped 0
# todo 0
# duration_ms 6485.715292
