TAP version 13
# Subtest: ROS browser: comprehensive burst and explicit immutable reviews
not ok 1 - ROS browser: comprehensive burst and explicit immutable reviews
  ---
  duration_ms: 6061.984292
  type: 'test'
  location: '/Users/ericr.bang/GitHub/ODOS2020/.worktrees/pr536-round5/ui/tests/historyRosBrowser.test.tsx:1:825'
  failureType: 'testCodeFailure'
  error: |-
    Expected values to be strictly equal:
    + actual - expected
    
    + 'unexpected HTTP 409'
    - 'final unit held'
    
  code: 'ERR_ASSERTION'
  name: 'AssertionError'
  expected: 'final unit held'
  actual: 'unexpected HTTP 409'
  operator: 'strictEqual'
  stack: |-
    TestContext.<anonymous> (/Users/ericr.bang/GitHub/ODOS2020/.worktrees/pr536-round5/ui/tests/historyRosBrowser.test.tsx:155:12)
    runNextTicks (node:internal/process/task_queues:64:5)
    process.processImmediate (node:internal/timers:452:9)
    process.callbackTrampoline (node:internal/async_hooks:130:17)
    async Test.run (node:internal/test_runner/test:1054:7)
    async startSubtestAfterBootstrap (node:internal/test_runner/harness:296:3)
  ...
1..1
# tests 1
# suites 0
# pass 0
# fail 1
# cancelled 0
# skipped 0
# todo 0
# duration_ms 6571.927208
