TAP version 13
# Subtest: ROS browser: comprehensive burst and explicit immutable reviews
not ok 1 - ROS browser: comprehensive burst and explicit immutable reviews
  ---
  duration_ms: 6178.152459
  type: 'test'
  location: '/Users/ericr.bang/GitHub/ODOS2020/.worktrees/pr536-round5/ui/tests/historyRosBrowser.test.tsx:1:825'
  failureType: 'testCodeFailure'
  error: |-
    a lost request owner cannot release the in-flight section lease
    
    'free' !== 'held'
    
  code: 'ERR_ASSERTION'
  name: 'AssertionError'
  expected: 'held'
  actual: 'free'
  operator: 'strictEqual'
  stack: |-
    TestContext.<anonymous> (/Users/ericr.bang/GitHub/ODOS2020/.worktrees/pr536-round5/ui/tests/historyRosBrowser.test.tsx:209:12)
    async Test.run (node:internal/test_runner/test:1054:7)
    async startSubtestAfterBootstrap (node:internal/test_runner/harness:296:3)
  ...
1..1
# tests 1
# suites 0
# pass 0
# fail 1
# cancelled 0
# skipped 0
# todo 0
# duration_ms 6686.632625
