TAP version 13
# Subtest: EXAM-1B in-flight edit remains unsaved after the older request completes
ok 1 - EXAM-1B in-flight edit remains unsaved after the older request completes
  ---
  duration_ms: 25.590417
  type: 'test'
  ...
# Subtest: W133 pending All Normal survives remarks with the same act id
ok 2 - W133 pending All Normal survives remarks with the same act id
  ---
  duration_ms: 27.043333
  type: 'test'
  ...
# Subtest: W133 pending All Normal survives measurement with the same act id
ok 3 - W133 pending All Normal survives measurement with the same act id
  ---
  duration_ms: 7.683667
  type: 'test'
  ...
# Subtest: W133 pending All Normal survives grade with the same act id
ok 4 - W133 pending All Normal survives grade with the same act id
  ---
  duration_ms: 6.557459
  type: 'test'
  ...
# Subtest: W133 pending All Normal survives Other cleared with the same act id
ok 5 - W133 pending All Normal survives Other cleared with the same act id
  ---
  duration_ms: 5.013875
  type: 'test'
  ...
# Subtest: W133 pending All Normal is dropped after scoped positive
ok 6 - W133 pending All Normal is dropped after scoped positive
  ---
  duration_ms: 4.121292
  type: 'test'
  ...
# Subtest: W133 pending All Normal is dropped after Other text
ok 7 - W133 pending All Normal is dropped after Other text
  ---
  duration_ms: 3.473708
  type: 'test'
  ...
# Subtest: W133 pending All Normal is dropped after deferred
ok 8 - W133 pending All Normal is dropped after deferred
  ---
  duration_ms: 5.265334
  type: 'test'
  ...
# Subtest: W148 OD staged All Normal replacement is explained until positive-only save completes
ok 9 - W148 OD staged All Normal replacement is explained until positive-only save completes
  ---
  duration_ms: 4.165375
  type: 'test'
  ...
# Subtest: W148 OS staged All Normal replacement is explained until positive-only save completes
ok 10 - W148 OS staged All Normal replacement is explained until positive-only save completes
  ---
  duration_ms: 4.357125
  type: 'test'
  ...
# Subtest: W148 replacement notice survives an unconfirmed save and clears after identical Retry succeeds
ok 11 - W148 replacement notice survives an unconfirmed save and clears after identical Retry succeeds
  ---
  duration_ms: 4.836917
  type: 'test'
  ...
# Subtest: W131/W148 identical Retry retains its original capture and leaves later edits unsaved
ok 12 - W131/W148 identical Retry retains its original capture and leaves later edits unsaved
  ---
  duration_ms: 7.266125
  type: 'test'
  ...
# Subtest: W148 retrying an older All Normal request retains a later replacement notice as unsaved
ok 13 - W148 retrying an older All Normal request retains a later replacement notice as unsaved
  ---
  duration_ms: 4.431667
  type: 'test'
  ...
# Subtest: W130/W137 inactive recorded-absent fact stays visible, unchecked and locked
ok 14 - W130/W137 inactive recorded-absent fact stays visible, unchecked and locked
  ---
  duration_ms: 3.057542
  type: 'test'
  ...
1..14
# tests 14
# suites 0
# pass 14
# fail 0
# cancelled 0
# skipped 0
# todo 0
# duration_ms 633.123375
