TAP version 13
# Subtest: ROS browser: comprehensive burst and explicit immutable reviews
not ok 1 - ROS browser: comprehensive burst and explicit immutable reviews
  ---
  duration_ms: 6039.146791
  type: 'test'
  location: '/Users/ericr.bang/GitHub/ODOS2020/.worktrees/pr536-round6/ui/tests/historyRosBrowser.test.tsx:1:882'
  failureType: 'testCodeFailure'
  error: |-
    the header gesture stays disabled while its section is frozen
    
    false !== true
    
  code: 'ERR_ASSERTION'
  name: 'AssertionError'
  expected: true
  actual: false
  operator: 'strictEqual'
  stack: |-
    TestContext.<anonymous> (/Users/ericr.bang/GitHub/ODOS2020/.worktrees/pr536-round6/ui/tests/historyRosBrowser.test.tsx:166:12)
    async Test.run (node:internal/test_runner/test:1054:7)
    async startSubtestAfterBootstrap (node:internal/test_runner/harness:296:3)
  ...
1..1
# tests 1
# suites 0
# pass 0
# fail 1
# cancelled 0
# skipped 0
# todo 0
# duration_ms 6542.495542
