TAP version 13
# Subtest: DEFER-1 guard 5: entrance Deferred button follows the definition permission
not ok 1 - DEFER-1 guard 5: entrance Deferred button follows the definition permission
  ---
  duration_ms: 16.463959
  type: 'test'
  location: '/Users/ericr.bang/GitHub/ODOS2020/.worktrees/defer-dilation/ui/tests/entranceBattery.test.tsx:1:30330'
  failureType: 'testCodeFailure'
  error: |-
    Expected values to be strictly equal:
    
    2 !== 0
    
  code: 'ERR_ASSERTION'
  name: 'AssertionError'
  expected: 0
  actual: 2
  operator: 'strictEqual'
  stack: |-
    TestContext.<anonymous> (/Users/ericr.bang/GitHub/ODOS2020/.worktrees/defer-dilation/ui/tests/entranceBattery.test.tsx:839:12)
    Test.runInAsyncScope (node:async_hooks:214:14)
    Test.run (node:internal/test_runner/test:1047:25)
    Test.start (node:internal/test_runner/test:944:17)
    startSubtestAfterBootstrap (node:internal/test_runner/harness:296:17)
  ...
1..1
# tests 1
# suites 0
# pass 0
# fail 1
# cancelled 0
# skipped 0
# todo 0
# duration_ms 424.900333
