TAP version 13
# Subtest: Q10: missing linked Person is read-only and direct save handler cannot create
ok 1 - Q10: missing linked Person is read-only and direct save handler cannot create
  ---
  duration_ms: 15.116666
  type: 'test'
  ...
# Subtest: Q11: reopening a clean editor offers repair by patient name and converges
ok 2 - Q11: reopening a clean editor offers repair by patient name and converges
  ---
  duration_ms: 12.301833
  type: 'test'
  ...
# Subtest: Q12: multiple linked Persons refuse editing and identify both records
ok 3 - Q12: multiple linked Persons refuse editing and identify both records
  ---
  duration_ms: 1.263333
  type: 'test'
  ...
# Subtest: editing one name preserves every loaded contact and address entry without a Patient write
ok 4 - editing one name preserves every loaded contact and address entry without a Patient write
  ---
  duration_ms: 5.062459
  type: 'test'
  ...
# Subtest: structured address edits clear stale display text only on the edited address
ok 5 - structured address edits clear stale display text only on the edited address
  ---
  duration_ms: 19.078083
  type: 'test'
  ...
# Subtest: clearing then replacing the first phone keeps the second phone in its original slot
ok 6 - clearing then replacing the first phone keeps the second phone in its original slot
  ---
  duration_ms: 3.088208
  type: 'test'
  ...
# Subtest: saving an intentionally blank phone removes only that contact and retains untouched valueless entries
ok 7 - saving an intentionally blank phone removes only that contact and retains untouched valueless entries
  ---
  duration_ms: 2.622375
  type: 'test'
  ...
# Subtest: per-patient results distinguish rejected child writes from lost update responses
ok 8 - per-patient results distinguish rejected child writes from lost update responses
  ---
  duration_ms: 4.656667
  type: 'test'
  ...
# Subtest: F1e superseded save reloads automatically and one Repair converges
ok 9 - F1e superseded save reloads automatically and one Repair converges
  ---
  duration_ms: 3.706292
  type: 'test'
  ...
# Subtest: L3 S7: unowned claimed child is pending, names every patient, and Complete reloads the editor
ok 10 - L3 S7: unowned claimed child is pending, names every patient, and Complete reloads the editor
  ---
  duration_ms: 26.549458
  type: 'test'
  ...
# Subtest: S7: a claim on another linked child makes the guarantor pending
ok 11 - S7: a claim on another linked child makes the guarantor pending
  ---
  duration_ms: 0.70125
  type: 'test'
  ...
# Subtest: S7: inert, missing, and copied claims do not suppress ordinary classification
ok 12 - S7: inert, missing, and copied claims do not suppress ordinary classification
  ---
  duration_ms: 2.03825
  type: 'test'
  ...
# Subtest: S7: unreadable operation status remains unknown and does not offer editing
ok 13 - S7: unreadable operation status remains unknown and does not offer editing
  ---
  duration_ms: 1.443166
  type: 'test'
  ...
# Subtest: S7: Correct requires a reason, sends one new operation id, and reloads after a refusal
ok 14 - S7: Correct requires a reason, sends one new operation id, and reloads after a refusal
  ---
  duration_ms: 2.889125
  type: 'test'
  ...
# Subtest: L4 S7: Repair sees a claim in its fresh read and submits no child PUT
ok 15 - L4 S7: Repair sees a claim in its fresh read and submits no child PUT
  ---
  duration_ms: 1.486708
  type: 'test'
  ...
# Subtest: S7: Save fresh-checks claims after the Person save and stops every remaining child
ok 16 - S7: Save fresh-checks claims after the Person save and stops every remaining child
  ---
  duration_ms: 1.381083
  type: 'test'
  ...
# Subtest: S7: Save keeps the loaded child version after its fresh claim-only read
ok 17 - S7: Save keeps the loaded child version after its fresh claim-only read
  ---
  duration_ms: 1.542958
  type: 'test'
  ...
# Subtest: S7: Save checks each child and reloads pending after a late claim
ok 18 - S7: Save checks each child and reloads pending after a late claim
  ---
  duration_ms: 5.195542
  type: 'test'
  ...
# Subtest: L23 S7: an edit after release is ordinary drift and Repair converges to current D
ok 19 - L23 S7: an edit after release is ordinary drift and Repair converges to current D
  ---
  duration_ms: 3.881292
  type: 'test'
  ...
# Subtest: S7: Repair stops at a newly claimed matching child before repairing a mismatched sibling
ok 20 - S7: Repair stops at a newly claimed matching child before repairing a mismatched sibling
  ---
  duration_ms: 1.193625
  type: 'test'
  ...
# Subtest: S7: a correction reason survives same-Task refusal and clears when another Task takes over
ok 21 - S7: a correction reason survives same-Task refusal and clears when another Task takes over
  ---
  duration_ms: 4.660333
  type: 'test'
  ...
# Subtest: S7: Correct sends fresh v4 operation IDs when randomUUID is unavailable
ok 22 - S7: Correct sends fresh v4 operation IDs when randomUUID is unavailable
  ---
  duration_ms: 3.278334
  type: 'test'
  ...
# Subtest: S7: Correct keeps native randomUUID when available
ok 23 - S7: Correct keeps native randomUUID when available
  ---
  duration_ms: 0.556209
  type: 'test'
  ...
# Subtest: K14 create-new starts disabled before any keyed search
ok 24 - K14 create-new starts disabled before any keyed search
  ---
  duration_ms: 22.308083
  type: 'test'
  ...
# Subtest: K9 stale confirmation makes one create and requires Review again
ok 25 - K9 stale confirmation makes one create and requires Review again
  ---
  duration_ms: 4.686334
  type: 'test'
  ...
# Subtest: K10 existing Move drafts before create
ok 26 - K10 existing Move drafts before create
  ---
  duration_ms: 2.82375
  type: 'test'
  ...
# Subtest: K10 new Move creates Person before draft and Review again reuses it
ok 27 - K10 new Move creates Person before draft and Review again reuses it
  ---
  duration_ms: 3.969166
  type: 'test'
  ...
# Subtest: K11 Join keeps Loaded Ann and moves loser full set
ok 28 - K11 Join keeps Loaded Ann and moves loser full set
  ---
  duration_ms: 3.039334
  type: 'test'
  ...
# Subtest: K11 Join keeps Found Ann and moves loser full set
ok 29 - K11 Join keeps Found Ann and moves loser full set
  ---
  duration_ms: 2.776916
  type: 'test'
  ...
# Subtest: K13 Undo only on completed non-correct and requires a reason
ok 30 - K13 Undo only on completed non-correct and requires a reason
  ---
  duration_ms: 1.680875
  type: 'test'
  ...
# Subtest: K14 matching cards require None of these before new guarantor
ok 31 - K14 matching cards require None of these before new guarantor
  ---
  duration_ms: 1.326167
  type: 'test'
  ...
# Subtest: K12 missing offers no Move Join or history Undo
ok 32 - K12 missing offers no Move Join or history Undo
  ---
  duration_ms: 0.940375
  type: 'test'
  ...
# Subtest: K12 ambiguous offers no Move Join or history Undo
ok 33 - K12 ambiguous offers no Move Join or history Undo
  ---
  duration_ms: 0.805875
  type: 'test'
  ...
# Subtest: K12 dangling offers no Move Join or history Undo
ok 34 - K12 dangling offers no Move Join or history Undo
  ---
  duration_ms: 0.744875
  type: 'test'
  ...
# Subtest: K12 unknown offers no Move Join or history Undo
ok 35 - K12 unknown offers no Move Join or history Undo
  ---
  duration_ms: 0.715375
  type: 'test'
  ...
# Subtest: K12 pending offers no Move Join or history Undo
ok 36 - K12 pending offers no Move Join or history Undo
  ---
  duration_ms: 0.600208
  type: 'test'
  ...
# Subtest: K9 uncertain confirmation retry reuses the submitted operation id
ok 37 - K9 uncertain confirmation retry reuses the submitted operation id
  ---
  duration_ms: 2.478166
  type: 'test'
  ...
# Subtest: K13 uncertain Undo retry reuses the submitted correction id
ok 38 - K13 uncertain Undo retry reuses the submitted correction id
  ---
  duration_ms: 1.693958
  type: 'test'
  ...
# Subtest: K15 paused create reloads once and closes without Review again or a second create
ok 39 - K15 paused create reloads once and closes without Review again or a second create
  ---
  duration_ms: 3.562
  type: 'test'
  ...
# Subtest: K15 paused Undo reloads once and closes without a second correction
ok 40 - K15 paused Undo reloads once and closes without a second correction
  ---
  duration_ms: 1.308041
  type: 'test'
  ...
1..40
# tests 40
# suites 0
# pass 40
# fail 0
# cancelled 0
# skipped 0
# todo 0
# duration_ms 357.330208
