TAP version 13
# Subtest: readEncounterUndoLedger fetches the ledger, and answers the empty ledger for a non-ledger body or a failed request
ok 1 - readEncounterUndoLedger fetches the ledger, and answers the empty ledger for a non-ledger body or a failed request
  ---
  duration_ms: 8.035041
  type: 'test'
  ...
# Subtest: undo ledger rejects an entire slot containing an invalid entry before rendering
ok 2 - undo ledger rejects an entire slot containing an invalid entry before rendering
  ---
  duration_ms: 5.972166
  type: 'test'
  ...
# Subtest: undoEncounterVoid posts the scope to the undo endpoint, returns the restore, and surfaces the server's error
ok 3 - undoEncounterVoid posts the scope to the undo endpoint, returns the restore, and surfaces the server's error
  ---
  duration_ms: 0.597542
  type: 'test'
  ...
# Subtest: undoSlotForSection finds the sheet's slot by any of its keys, exact or by prefix, and prefers the most recent
ok 4 - undoSlotForSection finds the sheet's slot by any of its keys, exact or by prefix, and prefers the most recent
  ---
  duration_ms: 4.544625
  type: 'test'
  ...
# Subtest: G2: a successful void vouches only for slots whose every ref it actually enumerated — a no-op 200 vouches for nothing
ok 5 - G2: a successful void vouches only for slots whose every ref it actually enumerated — a no-op 200 vouches for nothing
  ---
  duration_ms: 0.134625
  type: 'test'
  ...
# Subtest: strip copy says Removed for a tier-1 remove and Cleared for a section or the visit, scaled by count — exact only for a slot this page saw confirmed
ok 6 - strip copy says Removed for a tier-1 remove and Cleared for a section or the visit, scaled by count — exact only for a slot this page saw confirmed
  ---
  duration_ms: 0.088125
  type: 'test'
  ...
# Subtest: F2: a slot read back from the server is intent-derived, so its count is an upper bound and the copy says so — by default
ok 7 - F2: a slot read back from the server is intent-derived, so its count is an upper bound and the copy says so — by default
  ---
  duration_ms: 0.045
  type: 'test'
  ...
# Subtest: UndoStrip is a polite status row with one Undo verb; Undo calls back and reports a failure inline
ok 8 - UndoStrip is a polite status row with one Undo verb; Undo calls back and reports a failure inline
  ---
  duration_ms: 4.441792
  type: 'test'
  ...
# Subtest: F2: a strip for a slot this page saw confirmed renders the exact count and the exact Undo title
ok 9 - F2: a strip for a slot this page saw confirmed renders the exact count and the exact Undo title
  ---
  duration_ms: 0.442
  type: 'test'
  ...
# Subtest: UndoStrip renders present-but-disabled with the amendment tooltip once the encounter is signed
ok 10 - UndoStrip renders present-but-disabled with the amendment tooltip once the encounter is signed
  ---
  duration_ms: 0.863084
  type: 'test'
  ...
# Subtest: the entry sheet renders the section's Undo strip directly beneath its heading row, scoped to that section
ok 11 - the entry sheet renders the section's Undo strip directly beneath its heading row, scoped to that section
  ---
  duration_ms: 1.220334
  type: 'test'
  ...
# Subtest: the entry sheet shows no strip when the section has nothing to undo, and a disabled one after sign
ok 12 - the entry sheet shows no strip when the section has nothing to undo, and a disabled one after sign
  ---
  duration_ms: 0.3885
  type: 'test'
  ...
# Subtest: the chart bar carries the visit Undo in its own slot immediately after exam-sections, only while a visit clear is pending
ok 13 - the chart bar carries the visit Undo in its own slot immediately after exam-sections, only while a visit clear is pending
  ---
  duration_ms: 1.018417
  type: 'test'
  ...
# Subtest: CvfSection's tier-1 remove names both of the sheet's section keys so the server files one Undo slot for the sheet
ok 14 - CvfSection's tier-1 remove names both of the sheet's section keys so the server files one Undo slot for the sheet
  ---
  duration_ms: 0.208708
  type: 'test'
  ...
# Subtest: STAFF-DX-GATE Undo protects diagnosis slots: true, observation
ok 15 - STAFF-DX-GATE Undo protects diagnosis slots: true, observation
  ---
  duration_ms: 0.428959
  type: 'test'
  ...
# Subtest: STAFF-DX-GATE Undo protects diagnosis slots: true, condition
ok 16 - STAFF-DX-GATE Undo protects diagnosis slots: true, condition
  ---
  duration_ms: 0.272917
  type: 'test'
  ...
# Subtest: STAFF-DX-GATE Undo protects diagnosis slots: true, diagnosis-row
ok 17 - STAFF-DX-GATE Undo protects diagnosis slots: true, diagnosis-row
  ---
  duration_ms: 0.272208
  type: 'test'
  ...
# Subtest: STAFF-DX-GATE Undo protects diagnosis slots: false, observation
ok 18 - STAFF-DX-GATE Undo protects diagnosis slots: false, observation
  ---
  duration_ms: 0.237709
  type: 'test'
  ...
# Subtest: STAFF-DX-GATE Undo protects diagnosis slots: false, condition
ok 19 - STAFF-DX-GATE Undo protects diagnosis slots: false, condition
  ---
  duration_ms: 0.255708
  type: 'test'
  ...
# Subtest: STAFF-DX-GATE Undo protects diagnosis slots: false, diagnosis-row
ok 20 - STAFF-DX-GATE Undo protects diagnosis slots: false, diagnosis-row
  ---
  duration_ms: 0.218375
  type: 'test'
  ...
# Subtest: STAFF-DX-GATE Undo protects diagnosis slots: undefined, observation
ok 21 - STAFF-DX-GATE Undo protects diagnosis slots: undefined, observation
  ---
  duration_ms: 0.26
  type: 'test'
  ...
# Subtest: STAFF-DX-GATE Undo protects diagnosis slots: undefined, condition
ok 22 - STAFF-DX-GATE Undo protects diagnosis slots: undefined, condition
  ---
  duration_ms: 0.22075
  type: 'test'
  ...
# Subtest: STAFF-DX-GATE Undo protects diagnosis slots: undefined, diagnosis-row
ok 23 - STAFF-DX-GATE Undo protects diagnosis slots: undefined, diagnosis-row
  ---
  duration_ms: 0.276458
  type: 'test'
  ...
# Subtest: STAFF-DX-GATE ledger and undo capabilities stay outside the persisted ledger
ok 24 - STAFF-DX-GATE ledger and undo capabilities stay outside the persisted ledger
  ---
  duration_ms: 0.541333
  type: 'test'
  ...
# Subtest: STAFF-DX-GATE sheet and chart bar forward current diagnosis capability: true
ok 25 - STAFF-DX-GATE sheet and chart bar forward current diagnosis capability: true
  ---
  duration_ms: 0.811125
  type: 'test'
  ...
# Subtest: STAFF-DX-GATE sheet and chart bar forward current diagnosis capability: false
ok 26 - STAFF-DX-GATE sheet and chart bar forward current diagnosis capability: false
  ---
  duration_ms: 0.444
  type: 'test'
  ...
# Subtest: STAFF-DX-GATE sheet and chart bar forward current diagnosis capability: undefined
ok 27 - STAFF-DX-GATE sheet and chart bar forward current diagnosis capability: undefined
  ---
  duration_ms: 0.392625
  type: 'test'
  ...
# Subtest: W144 section Undo sends the action ID retained from void-response and refuses a superseded retry
not ok 28 - W144 section Undo sends the action ID retained from void-response and refuses a superseded retry
  ---
  duration_ms: 2.099375
  type: 'test'
  location: '/Users/ericr.bang/GitHub/ODOS2020/.worktrees/r10-a3-2/ui/tests/encounterUndo.test.tsx:1:18863'
  failureType: 'testCodeFailure'
  error: 'W144 superseded action explains refusal'
  code: 'ERR_ASSERTION'
  name: 'AssertionError'
  expected:
  actual: 'Cleared Pupils · up to 6 valuesThis void action is no longer current.Undo'
  operator: 'match'
  stack: |-
    TestContext.<anonymous> (/Users/ericr.bang/GitHub/ODOS2020/.worktrees/r10-a3-2/ui/tests/encounterUndo.test.tsx:436:16)
    async Test.run (node:internal/test_runner/test:1054:7)
    async Test.processPendingSubtests (node:internal/test_runner/test:744:7)
  ...
# Subtest: W144 section Undo sends the action ID retained from ledger and refuses a superseded retry
not ok 29 - W144 section Undo sends the action ID retained from ledger and refuses a superseded retry
  ---
  duration_ms: 1.112292
  type: 'test'
  location: '/Users/ericr.bang/GitHub/ODOS2020/.worktrees/r10-a3-2/ui/tests/encounterUndo.test.tsx:1:18863'
  failureType: 'testCodeFailure'
  error: 'W144 superseded action explains refusal'
  code: 'ERR_ASSERTION'
  name: 'AssertionError'
  expected:
  actual: 'Cleared Pupils · up to 6 valuesThis void action is no longer current.Undo'
  operator: 'match'
  stack: |-
    TestContext.<anonymous> (/Users/ericr.bang/GitHub/ODOS2020/.worktrees/r10-a3-2/ui/tests/encounterUndo.test.tsx:436:16)
    async Test.run (node:internal/test_runner/test:1054:7)
    async Test.processPendingSubtests (node:internal/test_runner/test:744:7)
  ...
# Subtest: W144 encounter Undo sends the action ID retained from void-response and refuses a superseded retry
not ok 30 - W144 encounter Undo sends the action ID retained from void-response and refuses a superseded retry
  ---
  duration_ms: 0.793291
  type: 'test'
  location: '/Users/ericr.bang/GitHub/ODOS2020/.worktrees/r10-a3-2/ui/tests/encounterUndo.test.tsx:1:18863'
  failureType: 'testCodeFailure'
  error: 'W144 superseded action explains refusal'
  code: 'ERR_ASSERTION'
  name: 'AssertionError'
  expected:
  actual: 'Cleared Pupils · up to 6 valuesThis void action is no longer current.Undo'
  operator: 'match'
  stack: |-
    TestContext.<anonymous> (/Users/ericr.bang/GitHub/ODOS2020/.worktrees/r10-a3-2/ui/tests/encounterUndo.test.tsx:436:16)
    async Test.run (node:internal/test_runner/test:1054:7)
    async Test.processPendingSubtests (node:internal/test_runner/test:744:7)
  ...
# Subtest: W144 encounter Undo sends the action ID retained from ledger and refuses a superseded retry
not ok 31 - W144 encounter Undo sends the action ID retained from ledger and refuses a superseded retry
  ---
  duration_ms: 0.628334
  type: 'test'
  location: '/Users/ericr.bang/GitHub/ODOS2020/.worktrees/r10-a3-2/ui/tests/encounterUndo.test.tsx:1:18863'
  failureType: 'testCodeFailure'
  error: 'W144 superseded action explains refusal'
  code: 'ERR_ASSERTION'
  name: 'AssertionError'
  expected:
  actual: 'Cleared Pupils · up to 6 valuesThis void action is no longer current.Undo'
  operator: 'match'
  stack: |-
    TestContext.<anonymous> (/Users/ericr.bang/GitHub/ODOS2020/.worktrees/r10-a3-2/ui/tests/encounterUndo.test.tsx:436:16)
    async Test.run (node:internal/test_runner/test:1054:7)
    async Test.processPendingSubtests (node:internal/test_runner/test:744:7)
  ...
# Subtest: W144 legacy slot without an action ID offers no blind Undo
ok 32 - W144 legacy slot without an action ID offers no blind Undo
  ---
  duration_ms: 0.1395
  type: 'test'
  ...
1..32
# tests 32
# suites 0
# pass 28
# fail 4
# cancelled 0
# skipped 0
# todo 0
# duration_ms 260.111292
