TAP version 13
# Subtest: voidEncounterEntries posts the scope to the encounter void endpoint and returns the server's summary
ok 1 - voidEncounterEntries posts the scope to the encounter void endpoint and returns the server's summary
  ---
  duration_ms: 8.417916
  type: 'test'
  ...
# Subtest: previewEncounterVoid sends preview: true and surfaces the server error on failure
ok 2 - previewEncounterVoid sends preview: true and surfaces the server error on failure
  ---
  duration_ms: 0.359
  type: 'test'
  ...
# Subtest: isClosedEncounterStatus mirrors the server's sign gate
ok 3 - isClosedEncounterStatus mirrors the server's sign gate
  ---
  duration_ms: 0.046167
  type: 'test'
  ...
# Subtest: confirm copy names the count and, for the visit, every section
ok 4 - confirm copy names the count and, for the visit, every section
  ---
  duration_ms: 0.078209
  type: 'test'
  ...
# Subtest: Clear section stays hidden while the section has nothing recorded
ok 5 - Clear section stays hidden while the section has nothing recorded
  ---
  duration_ms: 9.440625
  type: 'test'
  ...
# Subtest: Clear section previews the count, confirms with it, voids, and reports the result
ok 6 - Clear section previews the count, confirms with it, voids, and reports the result
  ---
  duration_ms: 17.141417
  type: 'test'
  ...
# Subtest: Clear section does nothing when the clinician declines the confirm
ok 7 - Clear section does nothing when the clinician declines the confirm
  ---
  duration_ms: 14.42175
  type: 'test'
  ...
# Subtest: a failed Clear section keeps the server's error on screen AND tells the encounter to re-read the chart
ok 8 - a failed Clear section keeps the server's error on screen AND tells the encounter to re-read the chart
  ---
  duration_ms: 13.415542
  type: 'test'
  ...
# Subtest: a failed Clear everything keeps the server's error on screen AND tells the encounter to re-read the chart
ok 9 - a failed Clear everything keeps the server's error on screen AND tells the encounter to re-read the chart
  ---
  duration_ms: 15.489416
  type: 'test'
  ...
# Subtest: a failed preview reports but does not claim a clear failed — nothing was attempted
ok 10 - a failed preview reports but does not claim a clear failed — nothing was attempted
  ---
  duration_ms: 4.630958
  type: 'test'
  ...
# Subtest: Clear section renders present-but-disabled with the amendment tooltip once the encounter is signed
ok 11 - Clear section renders present-but-disabled with the amendment tooltip once the encounter is signed
  ---
  duration_ms: 5.224542
  type: 'test'
  ...
# Subtest: Remove confirms only when typed detail would be lost, and is reachable only through Edit
ok 12 - Remove confirms only when typed detail would be lost, and is reachable only through Edit
  ---
  duration_ms: 23.826209
  type: 'test'
  ...
# Subtest: once the encounter is signed no Remove is rendered; the Edit door is present-but-disabled with the amendment tooltip
ok 13 - once the encounter is signed no Remove is rendered; the Edit door is present-but-disabled with the amendment tooltip
  ---
  duration_ms: 4.232167
  type: 'test'
  ...
# Subtest: HPI, IOP, and CVF sheets expose a working Back to exam overview action
ok 14 - HPI, IOP, and CVF sheets expose a working Back to exam overview action
  ---
  duration_ms: 0.601708
  type: 'test'
  ...
# Subtest: the entry sheet chrome carries Clear chart left of Back to exam overview, from any section
ok 15 - the entry sheet chrome carries Clear chart left of Back to exam overview, from any section
  ---
  duration_ms: 14.678708
  type: 'test'
  ...
# Subtest: the visit-level control is disabled with the amendment tooltip after sign and absent from non-clinical sheets
ok 16 - the visit-level control is disabled with the amendment tooltip after sign and absent from non-clinical sheets
  ---
  duration_ms: 10.24625
  type: 'test'
  ...
# Subtest: an empty visit tells the clinician there is nothing to clear instead of confirming
ok 17 - an empty visit tells the clinician there is nothing to clear instead of confirming
  ---
  duration_ms: 5.589959
  type: 'test'
  ...
# Subtest: count honesty: Dilation section preview, confirm, void result, section subtotal, and stored statuses all agree
not ok 18 - count honesty: Dilation section preview, confirm, void result, section subtotal, and stored statuses all agree
  ---
  duration_ms: 44.175417
  type: 'test'
  location: '/Users/ericr.bang/GitHub/ODOS2020/.worktrees/r10-a3-2/ui/tests/encounterVoid.test.tsx:1:15669'
  failureType: 'testCodeFailure'
  error: |-
    Expected values to be strictly deep-equal:
    + actual - expected
    ... Skipped lines

      [
        {
          canWriteDiagnosis: true,
          count: 3,
          entries: [
    ...
          ],
    -     voidActionId: 'ca5234a9-95d4-4aed-a577-c93233dd08e0',
          voided: [
            'Observation/dfe',
            'MedicationAdministration/ma1',
            'MedicationAdministration/ma2'
          ]

  code: 'ERR_ASSERTION'
  name: 'AssertionError'
  expected:
    0:
      canWriteDiagnosis: true
      voided:
        0: 'Observation/dfe'
        1: 'MedicationAdministration/ma1'
        2: 'MedicationAdministration/ma2'
      count: 3
      sections:
        0:
          sectionKey: 'entrance:dilation'
          label: 'Dilation'
          count: 3
      entries:
        0:
          reference: 'Observation/dfe'
          sectionKey: 'entrance:dilation'
          findingKey: 'entrance:dilation'
          laterality: 'UNKNOWN'
      preview: false
      ledger:
        encounterId: 'e1'
        encounter: ~
        sections:
          entrance:dilation:
            voidActionId: 'ca5234a9-95d4-4aed-a577-c93233dd08e0'
            voided:
              0:
                ref: 'Observation/dfe'
                priorStatus: 'final'
              1:
                ref: 'MedicationAdministration/ma1'
                priorStatus: 'completed'
              2:
                ref: 'MedicationAdministration/ma2'
                priorStatus: 'completed'
            label: 'Dilation'
            count: 3
            at: '2026-09-01T15:00:00.000Z'
            sectionKeys:
              0: 'entrance:dilation'
            scope: 'section'
      voidActionId: 'ca5234a9-95d4-4aed-a577-c93233dd08e0'
  actual:
    0:
      canWriteDiagnosis: true
      voided:
        0: 'Observation/dfe'
        1: 'MedicationAdministration/ma1'
        2: 'MedicationAdministration/ma2'
      count: 3
      sections:
        0:
          sectionKey: 'entrance:dilation'
          label: 'Dilation'
          count: 3
      entries:
        0:
          reference: 'Observation/dfe'
          sectionKey: 'entrance:dilation'
          findingKey: 'entrance:dilation'
          laterality: 'UNKNOWN'
      preview: false
      ledger:
        encounterId: 'e1'
        encounter: ~
        sections:
          entrance:dilation:
            voidActionId: 'ca5234a9-95d4-4aed-a577-c93233dd08e0'
            voided:
              0:
                ref: 'Observation/dfe'
                priorStatus: 'final'
              1:
                ref: 'MedicationAdministration/ma1'
                priorStatus: 'completed'
              2:
                ref: 'MedicationAdministration/ma2'
                priorStatus: 'completed'
            label: 'Dilation'
            count: 3
            at: '2026-09-01T15:00:00.000Z'
            sectionKeys:
              0: 'entrance:dilation'
            scope: 'section'
  operator: 'deepStrictEqual'
  stack: |-
    TestContext.<anonymous> (/Users/ericr.bang/GitHub/ODOS2020/.worktrees/r10-a3-2/ui/tests/encounterVoid.test.tsx:444:12)
    async Test.run (node:internal/test_runner/test:1054:7)
    async Test.processPendingSubtests (node:internal/test_runner/test:744:7)
  ...
# Subtest: count honesty: whole-visit preview, confirm, void result, section subtotals, and stored statuses all agree
not ok 19 - count honesty: whole-visit preview, confirm, void result, section subtotals, and stored statuses all agree
  ---
  duration_ms: 22.993708
  type: 'test'
  location: '/Users/ericr.bang/GitHub/ODOS2020/.worktrees/r10-a3-2/ui/tests/encounterVoid.test.tsx:1:18086'
  failureType: 'testCodeFailure'
  error: |-
    Expected values to be strictly deep-equal:
    + actual - expected
    ... Skipped lines

      [
        {
          canWriteDiagnosis: true,
          count: 4,
          entries: [
    ...
          ],
    -     voidActionId: '189f0113-4055-4afc-8cc7-19842effd993',
          voided: [
            'Observation/dfe',
            'Observation/today',
            'MedicationAdministration/ma1',
            'MedicationAdministration/ma2'

  code: 'ERR_ASSERTION'
  name: 'AssertionError'
  expected:
    0:
      canWriteDiagnosis: true
      voided:
        0: 'Observation/dfe'
        1: 'Observation/today'
        2: 'MedicationAdministration/ma1'
        3: 'MedicationAdministration/ma2'
      count: 4
      sections:
        0:
          sectionKey: 'entrance:dilation'
          label: 'Dilation'
          count: 3
        1:
          sectionKey: 'entrance:cvf'
          label: 'Confrontation visual fields'
          count: 1
      entries:
        0:
          reference: 'Observation/dfe'
          sectionKey: 'entrance:dilation'
          findingKey: 'entrance:dilation'
          laterality: 'UNKNOWN'
        1:
          reference: 'Observation/today'
          sectionKey: 'entrance:cvf'
          findingKey: 'entrance:cvf'
          laterality: 'OD'
      preview: false
      ledger:
        encounterId: 'e1'
        encounter:
          voidActionId: '189f0113-4055-4afc-8cc7-19842effd993'
          voided:
            0:
              ref: 'Observation/dfe'
              priorStatus: 'final'
            1:
              ref: 'Observation/today'
              priorStatus: 'final'
            2:
              ref: 'MedicationAdministration/ma1'
              priorStatus: 'completed'
            3:
              ref: 'MedicationAdministration/ma2'
              priorStatus: 'completed'
          label: 'everything charted'
          count: 4
          at: '2026-09-01T15:00:00.000Z'
          sectionKeys:
          scope: 'encounter'
        sections:
      voidActionId: '189f0113-4055-4afc-8cc7-19842effd993'
  actual:
    0:
      canWriteDiagnosis: true
      voided:
        0: 'Observation/dfe'
        1: 'Observation/today'
        2: 'MedicationAdministration/ma1'
        3: 'MedicationAdministration/ma2'
      count: 4
      sections:
        0:
          sectionKey: 'entrance:dilation'
          label: 'Dilation'
          count: 3
        1:
          sectionKey: 'entrance:cvf'
          label: 'Confrontation visual fields'
          count: 1
      entries:
        0:
          reference: 'Observation/dfe'
          sectionKey: 'entrance:dilation'
          findingKey: 'entrance:dilation'
          laterality: 'UNKNOWN'
        1:
          reference: 'Observation/today'
          sectionKey: 'entrance:cvf'
          findingKey: 'entrance:cvf'
          laterality: 'OD'
      preview: false
      ledger:
        encounterId: 'e1'
        encounter:
          voidActionId: '189f0113-4055-4afc-8cc7-19842effd993'
          voided:
            0:
              ref: 'Observation/dfe'
              priorStatus: 'final'
            1:
              ref: 'Observation/today'
              priorStatus: 'final'
            2:
              ref: 'MedicationAdministration/ma1'
              priorStatus: 'completed'
            3:
              ref: 'MedicationAdministration/ma2'
              priorStatus: 'completed'
          label: 'everything charted'
          count: 4
          at: '2026-09-01T15:00:00.000Z'
          sectionKeys:
          scope: 'encounter'
        sections:
  operator: 'deepStrictEqual'
  stack: |-
    TestContext.<anonymous> (/Users/ericr.bang/GitHub/ODOS2020/.worktrees/r10-a3-2/ui/tests/encounterVoid.test.tsx:502:12)
    async Test.run (node:internal/test_runner/test:1054:7)
    async Test.processPendingSubtests (node:internal/test_runner/test:744:7)
  ...
# Subtest: guard 4: removing the only refraction block voids its saved Observations on the server
ok 20 - guard 4: removing the only refraction block voids its saved Observations on the server
  ---
  duration_ms: 135.045875
  type: 'test'
  ...
# Subtest: every surface in the design table renders Clear section, and HpiSection no longer carries a dead onClear stub
ok 21 - every surface in the design table renders Clear section, and HpiSection no longer carries a dead onClear stub
  ---
  duration_ms: 3.853833
  type: 'test'
  ...
# Subtest: Wearing Rx offers the standard persisted section clear and resets its editor to blank
ok 22 - Wearing Rx offers the standard persisted section clear and resets its editor to blank
  ---
  duration_ms: 45.096167
  type: 'test'
  ...
# Subtest: fixback 5: refraction block Remove is disabled with the amendment tooltip once the encounter is signed
ok 23 - fixback 5: refraction block Remove is disabled with the amendment tooltip once the encounter is signed
  ---
  duration_ms: 49.079917
  type: 'test'
  ...
# Subtest: Auto-refraction reopens with the current encounter's stored AR, Auto-K, PD, and remarks in the editor
ok 24 - Auto-refraction reopens with the current encounter's stored AR, Auto-K, PD, and remarks in the editor
  ---
  duration_ms: 62.405834
  type: 'test'
  ...
# Subtest: Auto-refraction history cannot overwrite an edit made while hydration is in flight
ok 25 - Auto-refraction history cannot overwrite an edit made while hydration is in flight
  ---
  duration_ms: 39.125292
  type: 'test'
  ...
# Subtest: Auto-refraction encounter changes reset fields and replace saved references before new history resolves
ok 26 - Auto-refraction encounter changes reset fields and replace saved references before new history resolves
  ---
  duration_ms: 77.433625
  type: 'test'
  ...
# Subtest: Auto-refraction Remove keeps preview-only references when latest-value history resolves later
ok 27 - Auto-refraction Remove keeps preview-only references when latest-value history resolves later
  ---
  duration_ms: 51.763583
  type: 'test'
  ...
# Subtest: Auto-refraction late persisted preview cannot restore references after Remove succeeds
ok 28 - Auto-refraction late persisted preview cannot restore references after Remove succeeds
  ---
  duration_ms: 54.939792
  type: 'test'
  ...
# Subtest: fixback 56ff8d36 P2\#A (restraint §5): a signed reopened chart renders Clear section AND the Edit door for VA, IOP, and Auto-refraction present-but-disabled with the amendment tooltip, and no Remove
ok 29 - fixback 56ff8d36 P2\#A (restraint §5): a signed reopened chart renders Clear section AND the Edit door for VA, IOP, and Auto-refraction present-but-disabled with the amendment tooltip, and no Remove
  ---
  duration_ms: 74.052292
  type: 'test'
  ...
# Subtest: fixback 4: VA, IOP, and Auto-refraction offer Clear section on reopen when the server holds recorded values
ok 30 - fixback 4: VA, IOP, and Auto-refraction offer Clear section on reopen when the server holds recorded values
  ---
  duration_ms: 184.13425
  type: 'test'
  ...
# Subtest: STAFF-DX-GATE section clear checks diagnosis impact before confirmation: true, diagnosis=true
ok 31 - STAFF-DX-GATE section clear checks diagnosis impact before confirmation: true, diagnosis=true
  ---
  duration_ms: 5.763666
  type: 'test'
  ...
# Subtest: STAFF-DX-GATE section clear checks diagnosis impact before confirmation: true, diagnosis=false
ok 32 - STAFF-DX-GATE section clear checks diagnosis impact before confirmation: true, diagnosis=false
  ---
  duration_ms: 5.25975
  type: 'test'
  ...
# Subtest: STAFF-DX-GATE section clear checks diagnosis impact before confirmation: false, diagnosis=true
ok 33 - STAFF-DX-GATE section clear checks diagnosis impact before confirmation: false, diagnosis=true
  ---
  duration_ms: 3.953125
  type: 'test'
  ...
# Subtest: STAFF-DX-GATE section clear checks diagnosis impact before confirmation: false, diagnosis=false
ok 34 - STAFF-DX-GATE section clear checks diagnosis impact before confirmation: false, diagnosis=false
  ---
  duration_ms: 3.919417
  type: 'test'
  ...
# Subtest: STAFF-DX-GATE section clear checks diagnosis impact before confirmation: undefined, diagnosis=true
ok 35 - STAFF-DX-GATE section clear checks diagnosis impact before confirmation: undefined, diagnosis=true
  ---
  duration_ms: 4.922041
  type: 'test'
  ...
# Subtest: STAFF-DX-GATE section clear checks diagnosis impact before confirmation: undefined, diagnosis=false
ok 36 - STAFF-DX-GATE section clear checks diagnosis impact before confirmation: undefined, diagnosis=false
  ---
  duration_ms: 5.107875
  type: 'test'
  ...
# Subtest: STAFF-DX-GATE encounter clear checks diagnosis impact before confirmation: true, diagnosis=true
ok 37 - STAFF-DX-GATE encounter clear checks diagnosis impact before confirmation: true, diagnosis=true
  ---
  duration_ms: 5.235875
  type: 'test'
  ...
# Subtest: STAFF-DX-GATE encounter clear checks diagnosis impact before confirmation: true, diagnosis=false
ok 38 - STAFF-DX-GATE encounter clear checks diagnosis impact before confirmation: true, diagnosis=false
  ---
  duration_ms: 5.205708
  type: 'test'
  ...
# Subtest: STAFF-DX-GATE encounter clear checks diagnosis impact before confirmation: false, diagnosis=true
ok 39 - STAFF-DX-GATE encounter clear checks diagnosis impact before confirmation: false, diagnosis=true
  ---
  duration_ms: 5.190125
  type: 'test'
  ...
# Subtest: STAFF-DX-GATE encounter clear checks diagnosis impact before confirmation: false, diagnosis=false
ok 40 - STAFF-DX-GATE encounter clear checks diagnosis impact before confirmation: false, diagnosis=false
  ---
  duration_ms: 3.962583
  type: 'test'
  ...
# Subtest: STAFF-DX-GATE encounter clear checks diagnosis impact before confirmation: undefined, diagnosis=true
ok 41 - STAFF-DX-GATE encounter clear checks diagnosis impact before confirmation: undefined, diagnosis=true
  ---
  duration_ms: 4.9515
  type: 'test'
  ...
# Subtest: STAFF-DX-GATE encounter clear checks diagnosis impact before confirmation: undefined, diagnosis=false
ok 42 - STAFF-DX-GATE encounter clear checks diagnosis impact before confirmation: undefined, diagnosis=false
  ---
  duration_ms: 5.096833
  type: 'test'
  ...
1..42
# tests 42
# suites 0
# pass 40
# fail 2
# cancelled 0
# skipped 0
# todo 0
# duration_ms 1396.811292
