TAP version 13
# Subtest: W133 pending All Normal survives remarks with the same act id
not ok 1 - W133 pending All Normal survives remarks with the same act id
  ---
  duration_ms: 26.918709
  type: 'test'
  location: '/Users/ericr.bang/GitHub/ODOS2020/.worktrees/r10-a3-2/ui/tests/r10A3OcularEditor.test.tsx:1:12881'
  failureType: 'testCodeFailure'
  error: |-
    Expected values to be strictly equal:
    + actual - expected

    + undefined
    - '7c540c20-521c-4f38-8b17-4417298be208'

  code: 'ERR_ASSERTION'
  name: 'AssertionError'
  expected: '7c540c20-521c-4f38-8b17-4417298be208'
  operator: 'strictEqual'
  stack: |-
    TestContext.<anonymous> (/Users/ericr.bang/GitHub/ODOS2020/.worktrees/r10-a3-2/ui/tests/r10A3OcularEditor.test.tsx:130:10)
    async Test.run (node:internal/test_runner/test:1054:7)
    async startSubtestAfterBootstrap (node:internal/test_runner/harness:296:3)
  ...
# Subtest: W133 pending All Normal survives measurement with the same act id
not ok 2 - W133 pending All Normal survives measurement with the same act id
  ---
  duration_ms: 7.113
  type: 'test'
  location: '/Users/ericr.bang/GitHub/ODOS2020/.worktrees/r10-a3-2/ui/tests/r10A3OcularEditor.test.tsx:1:12881'
  failureType: 'testCodeFailure'
  error: |-
    Expected values to be strictly equal:
    + actual - expected

    + undefined
    - '433e6700-5d7f-4caa-af6a-7187f0fb3555'

  code: 'ERR_ASSERTION'
  name: 'AssertionError'
  expected: '433e6700-5d7f-4caa-af6a-7187f0fb3555'
  operator: 'strictEqual'
  stack: |-
    TestContext.<anonymous> (/Users/ericr.bang/GitHub/ODOS2020/.worktrees/r10-a3-2/ui/tests/r10A3OcularEditor.test.tsx:130:10)
    async Test.run (node:internal/test_runner/test:1054:7)
    async Test.processPendingSubtests (node:internal/test_runner/test:744:7)
  ...
# Subtest: W133 pending All Normal survives grade with the same act id
not ok 3 - W133 pending All Normal survives grade with the same act id
  ---
  duration_ms: 6.079167
  type: 'test'
  location: '/Users/ericr.bang/GitHub/ODOS2020/.worktrees/r10-a3-2/ui/tests/r10A3OcularEditor.test.tsx:1:12881'
  failureType: 'testCodeFailure'
  error: |-
    Expected values to be strictly equal:
    + actual - expected

    + undefined
    - '6f2a4e77-5263-4ec9-90ac-63b84e44dc84'

  code: 'ERR_ASSERTION'
  name: 'AssertionError'
  expected: '6f2a4e77-5263-4ec9-90ac-63b84e44dc84'
  operator: 'strictEqual'
  stack: |-
    TestContext.<anonymous> (/Users/ericr.bang/GitHub/ODOS2020/.worktrees/r10-a3-2/ui/tests/r10A3OcularEditor.test.tsx:130:10)
    async Test.run (node:internal/test_runner/test:1054:7)
    async Test.processPendingSubtests (node:internal/test_runner/test:744:7)
  ...
# Subtest: W133 pending All Normal survives Other cleared with the same act id
not ok 4 - W133 pending All Normal survives Other cleared with the same act id
  ---
  duration_ms: 3.949
  type: 'test'
  location: '/Users/ericr.bang/GitHub/ODOS2020/.worktrees/r10-a3-2/ui/tests/r10A3OcularEditor.test.tsx:1:12881'
  failureType: 'testCodeFailure'
  error: |-
    Expected values to be strictly equal:
    + actual - expected

    + undefined
    - '43254586-5c8b-4bcd-8d11-64ffc2652a94'

  code: 'ERR_ASSERTION'
  name: 'AssertionError'
  expected: '43254586-5c8b-4bcd-8d11-64ffc2652a94'
  operator: 'strictEqual'
  stack: |-
    TestContext.<anonymous> (/Users/ericr.bang/GitHub/ODOS2020/.worktrees/r10-a3-2/ui/tests/r10A3OcularEditor.test.tsx:130:10)
    async Test.run (node:internal/test_runner/test:1054:7)
    async Test.processPendingSubtests (node:internal/test_runner/test:744:7)
  ...
# Subtest: W133 pending All Normal is dropped after scoped positive
ok 5 - W133 pending All Normal is dropped after scoped positive
  ---
  duration_ms: 4.310917
  type: 'test'
  ...
# Subtest: W133 pending All Normal is dropped after Other text
ok 6 - W133 pending All Normal is dropped after Other text
  ---
  duration_ms: 2.849458
  type: 'test'
  ...
# Subtest: W133 pending All Normal is dropped after deferred
ok 7 - W133 pending All Normal is dropped after deferred
  ---
  duration_ms: 4.185083
  type: 'test'
  ...
1..7
# tests 7
# suites 0
# pass 3
# fail 4
# cancelled 0
# skipped 0
# todo 0
# duration_ms 373.706708
