TAP version 13
# Subtest: seven generated glaucoma built-ins replace the suspect v1 finding seeds
ok 1 - seven generated glaucoma built-ins replace the suspect v1 finding seeds
  ---
  duration_ms: 0.451875
  type: 'test'
  ...
# Subtest: hidden report is exact and hidden tests never become orders or charges
ok 2 - hidden report is exact and hidden tests never become orders or charges
  ---
  duration_ms: 1.208709
  type: 'test'
  ...
# Subtest: every named test is orderable or explicitly pending
ok 3 - every named test is orderable or explicitly pending
  ---
  duration_ms: 0.079875
  type: 'test'
  ...
# Subtest: independent catalog oracle assigns all 15 rows and 60 laterality slots to exactly the intended set
ok 4 - independent catalog oracle assigns all 15 rows and 60 laterality slots to exactly the intended set
  ---
  duration_ms: 1.86825
  type: 'test'
  ...
# Subtest: unresolved family and injected finding seeds are refused
ok 5 - unresolved family and injected finding seeds are refused
  ---
  duration_ms: 0.837916
  type: 'test'
  ...
# Subtest: missing and unknown handouts stay hidden without fabricated references
ok 6 - missing and unknown handouts stay hidden without fabricated references
  ---
  duration_ms: 0.158625
  type: 'test'
  ...
# Subtest: placeholder metadata blocks a handout including mixed real and placeholder URLs
ok 7 - placeholder metadata blocks a handout including mixed real and placeholder URLs
  ---
  duration_ms: 0.113625
  type: 'test'
  ...
# Subtest: real handout uses catalog title and accurate recording note
ok 8 - real handout uses catalog title and accurate recording note
  ---
  duration_ms: 0.072417
  type: 'test'
  ...
# Subtest: photo focus keeps first legacy identity and second focus shares one charge
ok 9 - photo focus keeps first legacy identity and second focus shares one charge
  ---
  duration_ms: 0.519792
  type: 'test'
  ...
# Subtest: v2 glaucoma rules cover the union, remain provisional, and preserve legacy v1 rules
ok 10 - v2 glaucoma rules cover the union, remain provisional, and preserve legacy v1 rules
  ---
  duration_ms: 0.726834
  type: 'test'
  ...
# Subtest: dry-eye series v2 links the exact practice switch and preserves package dependency
ok 11 - dry-eye series v2 links the exact practice switch and preserves package dependency
  ---
  duration_ms: 0.119458
  type: 'test'
  ...
# Subtest: first and repeated photo focus must be distinct
ok 12 - first and repeated photo focus must be distinct
  ---
  duration_ms: 0.316292
  type: 'test'
  ...
1..12
# tests 12
# suites 0
# pass 12
# fail 0
# cancelled 0
# skipped 0
# todo 0
# duration_ms 114.0855
