TAP version 13
# Subtest: EXAM-1B per-eye negative act leaves touched OD alone and asserts OS
not ok 1 - EXAM-1B per-eye negative act leaves touched OD alone and asserts OS
  ---
  duration_ms: 6.527833
  type: 'test'
  location: '/Users/ericr.bang/GitHub/ODOS2020/.worktrees/exam-1b/ui/tests/customSections.test.tsx:1:111702'
  failureType: 'testCodeFailure'
  error: |-
    Expected values to be strictly equal:
    
    4 !== 5
    
  code: 'ERR_ASSERTION'
  name: 'AssertionError'
  expected: 5
  actual: 4
  operator: 'strictEqual'
  stack: |-
    TestContext.<anonymous> (/Users/ericr.bang/GitHub/ODOS2020/.worktrees/exam-1b/ui/tests/customSections.test.tsx:3492:10)
    Test.runInAsyncScope (node:async_hooks:214:14)
    Test.run (node:internal/test_runner/test:1047:25)
    Test.start (node:internal/test_runner/test:944:17)
    startSubtestAfterBootstrap (node:internal/test_runner/harness:296:17)
  ...
1..1
# tests 1
# suites 0
# pass 0
# fail 1
# cancelled 0
# skipped 0
# todo 0
# duration_ms 677.414667
