TAP version 13
# EXAM-1B PARTIAL: named failure; 3 initial writes, 1 retry, 0 successful structures reasserted
# Subtest: EXAM-1B partial failure names the structure and All Normal retries only that failure
ok 1 - EXAM-1B partial failure names the structure and All Normal retries only that failure
  ---
  duration_ms: 29.242583
  type: 'test'
  ...
# Subtest: EXAM-1B retry keeps the other segment failure visible until it succeeds
ok 2 - EXAM-1B retry keeps the other segment failure visible until it succeeds
  ---
  duration_ms: 9.969583
  type: 'test'
  ...
# Subtest: EXAM-1B reverted failed edit cannot trap All Normal in an empty retry
ok 3 - EXAM-1B reverted failed edit cannot trap All Normal in an empty retry
  ---
  duration_ms: 2.444458
  type: 'test'
  ...
# Subtest: EXAM-1B re-edit after partial save remains unsaved when another structure is retried
ok 4 - EXAM-1B re-edit after partial save remains unsaved when another structure is retried
  ---
  duration_ms: 5.819083
  type: 'test'
  ...
# EXAM-1B BROWSER: Failed: Synthetic Beta visible; only Beta retried with unchanged assertion ID
# Subtest: EXAM-1B browser names partial failure and retries only the failed structure
ok 5 - EXAM-1B browser names partial failure and retries only the failed structure
  ---
  duration_ms: 2193.524417
  type: 'test'
  ...
1..5
# tests 5
# suites 0
# pass 5
# fail 0
# cancelled 0
# skipped 0
# todo 0
# duration_ms 3018.661
