TAP version 13
# Subtest: EXAM-1B per-eye negative act leaves touched OD alone and asserts OS
ok 1 - EXAM-1B per-eye negative act leaves touched OD alone and asserts OS
  ---
  duration_ms: 0.998125
  type: 'test'
  ...
# EXAM-1B PARTIAL: named failure; 3 initial writes, 1 retry, 0 successful structures reasserted
# Subtest: EXAM-1B partial failure names the structure and All Normal retries only that failure
ok 2 - EXAM-1B partial failure names the structure and All Normal retries only that failure
  ---
  duration_ms: 26.984375
  type: 'test'
  ...
# Subtest: EXAM-1B retry keeps the other segment failure visible until it succeeds
ok 3 - EXAM-1B retry keeps the other segment failure visible until it succeeds
  ---
  duration_ms: 8.469
  type: 'test'
  ...
# Subtest: EXAM-1B reverted failed edit cannot trap All Normal in an empty retry
ok 4 - EXAM-1B reverted failed edit cannot trap All Normal in an empty retry
  ---
  duration_ms: 2.085667
  type: 'test'
  ...
# Subtest: EXAM-1B re-edit after partial save remains unsaved when another structure is retried
ok 5 - EXAM-1B re-edit after partial save remains unsaved when another structure is retried
  ---
  duration_ms: 4.600083
  type: 'test'
  ...
# Subtest: EXAM-1B in-flight edit remains unsaved after the older request completes
ok 6 - EXAM-1B in-flight edit remains unsaved after the older request completes
  ---
  duration_ms: 3.14775
  type: 'test'
  ...
1..6
# tests 6
# suites 0
# pass 6
# fail 0
# cancelled 0
# skipped 0
# todo 0
# duration_ms 683.216459
