TAP version 13
# Subtest: AVFILL-1 selecting then clearing an unsaved ratio leaves no clinical write
not ok 1 - AVFILL-1 selecting then clearing an unsaved ratio leaves no clinical write
  ---
  duration_ms: 24.948583
  type: 'test'
  location: '/Users/ericr.bang/GitHub/ODOS2020/.worktrees/av-ratio-default/ui/tests/customSections.test.tsx:1:149310'
  failureType: 'testCodeFailure'
  error: |-
    Expected values to be strictly deep-equal:
    + actual - expected
    
    + [
    +   '{"patientReference":"Patient/avfill","encounterReference":"Encounter/avfill","eyes":{"OD":{"state":"normal","customFields":[]}}}'
    + ]
    - []
    
  code: 'ERR_ASSERTION'
  name: 'AssertionError'
  expected:
  actual:
    0: '{"patientReference":"Patient/avfill","encounterReference":"Encounter/avfill","eyes":{"OD":{"state":"normal","customFields":[]}}}'
  operator: 'deepStrictEqual'
  stack: |-
    TestContext.<anonymous> (/Users/ericr.bang/GitHub/ODOS2020/.worktrees/av-ratio-default/ui/tests/customSections.test.tsx:4536:12)
    async Test.run (node:internal/test_runner/test:1054:7)
    async startSubtestAfterBootstrap (node:internal/test_runner/harness:296:3)
  ...
1..1
# tests 1
# suites 0
# pass 0
# fail 1
# cancelled 0
# skipped 0
# todo 0
# duration_ms 755.211792
