TAP version 13
# ROS: 10 persisted answers, 0 answer-side acts; 1 tick; immutable retraction/undo; HTTP 200; delta sizes 1,1,1,1,1,1,1,1,1,1,0,0,0,0,0,0,0,0,0
# Subtest: ROS browser: comprehensive burst and explicit immutable reviews
ok 1 - ROS browser: comprehensive burst and explicit immutable reviews
  ---
  duration_ms: 5701.399625
  type: 'test'
  ...
# Subtest: ROS browser: follow-up self-folds
ok 2 - ROS browser: follow-up self-folds
  ---
  duration_ms: 760.284584
  type: 'test'
  ...
# Subtest: ROS browser: review-only History clear
ok 3 - ROS browser: review-only History clear
  ---
  duration_ms: 1006.209041
  type: 'test'
  ...
1..3
# tests 3
# suites 0
# pass 3
# fail 0
# cancelled 0
# skipped 0
# todo 0
# duration_ms 8166.570167
