TAP version 13
# Subtest: preferences GET returns effective matrix and evidence rows
ok 1 - preferences GET returns effective matrix and evidence rows
  ---
  duration_ms: 20.320875
  type: 'test'
  ...
# Subtest: G2 preferences PUT all twenty ON leaves STOP extensions unchanged
ok 2 - G2 preferences PUT all twenty ON leaves STOP extensions unchanged
  ---
  duration_ms: 11.360417
  type: 'test'
  ...
# Subtest: G6 preferences PUT requires actual preferences business action
ok 3 - G6 preferences PUT requires actual preferences business action
  ---
  duration_ms: 2.152625
  type: 'test'
  ...
# Subtest: G6 removing preferences action from staff declaration refuses PUT
ok 4 - G6 removing preferences action from staff declaration refuses PUT
  ---
  duration_ms: 2.072459
  type: 'test'
  ...
# Subtest: G21 preference PUT optimistic conflict returns 409
ok 5 - G21 preference PUT optimistic conflict returns 409
  ---
  duration_ms: 2.058
  type: 'test'
  ...
# Subtest: evidence POST uses an atomic Patient Consent Provenance transaction and preserves cells
ok 6 - evidence POST uses an atomic Patient Consent Provenance transaction and preserves cells
  ---
  duration_ms: 4.148916
  type: 'test'
  ...
# Subtest: preferences routes reject invalid enums duplicates dates and phone keys
ok 7 - preferences routes reject invalid enums duplicates dates and phone keys
  ---
  duration_ms: 9.109209
  type: 'test'
  ...
# Subtest: evidence gaps routes provide JSON and CSV and reject arbitrary URL cursor
ok 8 - evidence gaps routes provide JSON and CSV and reject arbitrary URL cursor
  ---
  duration_ms: 3.478292
  type: 'test'
  ...
# Subtest: CSV evidence report exposes truncation and continuation even with zero rows
ok 9 - CSV evidence report exposes truncation and continuation even with zero rows
  ---
  duration_ms: 90.334542
  type: 'test'
  ...
# Subtest: preferences GET audit identifies the queried patient
ok 10 - preferences GET audit identifies the queried patient
  ---
  duration_ms: 1.507625
  type: 'test'
  ...
# Subtest: M5 preferences reports opaque versions from the Patient transaction entry
ok 11 - M5 preferences reports opaque versions from the Patient transaction entry
  ---
  duration_ms: 1.349459
  type: 'test'
  ...
# Subtest: M5 consent-evidence reports opaque versions from the Patient transaction entry
ok 12 - M5 consent-evidence reports opaque versions from the Patient transaction entry
  ---
  duration_ms: 1.667125
  type: 'test'
  ...
# Subtest: M5 preferences omits unknown version undefined
ok 13 - M5 preferences omits unknown version undefined
  ---
  duration_ms: 2.021083
  type: 'test'
  ...
# Subtest: M5 preferences omits unknown version Patient/other/_history/opaque-next
ok 14 - M5 preferences omits unknown version Patient/other/_history/opaque-next
  ---
  duration_ms: 1.560708
  type: 'test'
  ...
# Subtest: M5 preferences omits unknown version Patient/synthetic-matrix/_history/
ok 15 - M5 preferences omits unknown version Patient/synthetic-matrix/_history/
  ---
  duration_ms: 1.380416
  type: 'test'
  ...
# Subtest: M5 consent-evidence omits unknown version undefined
ok 16 - M5 consent-evidence omits unknown version undefined
  ---
  duration_ms: 1.262292
  type: 'test'
  ...
# Subtest: M5 consent-evidence omits unknown version Patient/other/_history/opaque-next
ok 17 - M5 consent-evidence omits unknown version Patient/other/_history/opaque-next
  ---
  duration_ms: 1.358709
  type: 'test'
  ...
# Subtest: M5 consent-evidence omits unknown version Patient/synthetic-matrix/_history/
ok 18 - M5 consent-evidence omits unknown version Patient/synthetic-matrix/_history/
  ---
  duration_ms: 1.304667
  type: 'test'
  ...
# Subtest: M6 defaults route returns imported server defaults with communications read access
ok 19 - M6 defaults route returns imported server defaults with communications read access
  ---
  duration_ms: 1.224542
  type: 'test'
  ...
# Subtest: defaults route requires communications read access
ok 20 - defaults route requires communications read access
  ---
  duration_ms: 0.9825
  type: 'test'
  ...
# Subtest: M5 preferences history fallback
ok 21 - M5 preferences history fallback
  ---
  duration_ms: 1.305917
  type: 'test'
  ...
# Subtest: M5 preferences disagreement omits report
ok 22 - M5 preferences disagreement omits report
  ---
  duration_ms: 1.137708
  type: 'test'
  ...
# Subtest: M5 consent-evidence history fallback
ok 23 - M5 consent-evidence history fallback
  ---
  duration_ms: 1.09175
  type: 'test'
  ...
# Subtest: M5 consent-evidence disagreement omits report
ok 24 - M5 consent-evidence disagreement omits report
  ---
  duration_ms: 2.075667
  type: 'test'
  ...
# Subtest: F1 confirmed non-Text preferences preserve stored Text ON after STOP is cleared and exclude Text evidence
ok 25 - F1 confirmed non-Text preferences preserve stored Text ON after STOP is cleared and exclude Text evidence
  ---
  duration_ms: 5.826209
  type: 'test'
  ...
# Subtest: X12 a returned Patient with a different id yields no patientVersion
ok 26 - X12 a returned Patient with a different id yields no patientVersion
  ---
  duration_ms: 0.061708
  type: 'test'
  ...
1..26
# tests 26
# suites 0
# pass 26
# fail 0
# cancelled 0
# skipped 0
# todo 0
# duration_ms 515.937
