TAP version 13
# Subtest: W55 kept eye choice uses current live rows and handles builder errors: eye-conflict
ok 1 - W55 kept eye choice uses current live rows and handles builder errors: eye-conflict
  ---
  duration_ms: 48.397875
  type: 'test'
  ...
# Subtest: W55 kept eye choice uses current live rows and handles builder errors: eye-invalid
ok 2 - W55 kept eye choice uses current live rows and handles builder errors: eye-invalid
  ---
  duration_ms: 18.816125
  type: 'test'
  ...
# Subtest: W55 kept eye choice uses current live rows and handles builder errors: eye-different
ok 3 - W55 kept eye choice uses current live rows and handles builder errors: eye-different
  ---
  duration_ms: 15.925583
  type: 'test'
  ...
# Subtest: W55 kept shrink choice retires the current presence with its fresh baseline
ok 4 - W55 kept shrink choice retires the current presence with its fresh baseline
  ---
  duration_ms: 16.125833
  type: 'test'
  ...
1..4
# tests 4
# suites 0
# pass 4
# fail 0
# cancelled 0
# skipped 0
# todo 0
# duration_ms 301.744916
