TAP version 13
# Subtest: W88 one suggestion per diagnosis unions real per-eye views: OD+OS
not ok 1 - W88 one suggestion per diagnosis unions real per-eye views: OD+OS
  ---
  duration_ms: 10.274833
  type: 'test'
  location: '<repo>/ui/tests/r10DiagnosisTable.test.tsx:1:16716'
  failureType: 'testCodeFailure'
  error: |-
    Expected values to be strictly equal:
    
    2 !== 1
    
  code: 'ERR_ASSERTION'
  name: 'AssertionError'
  expected: 1
  actual: 2
  operator: 'strictEqual'
  stack: |-
    TestContext.<anonymous> (<repo>/ui/tests/r10DiagnosisTable.test.tsx:150:10)
    Test.runInAsyncScope (node:async_hooks:214:14)
    Test.run (node:internal/test_runner/test:1047:25)
    Test.start (node:internal/test_runner/test:944:17)
    startSubtestAfterBootstrap (node:internal/test_runner/harness:296:17)
  ...
# Subtest: W88 one suggestion per diagnosis unions real per-eye views: OD
ok 2 - W88 one suggestion per diagnosis unions real per-eye views: OD
  ---
  duration_ms: 0.846458
  type: 'test'
  ...
1..2
# tests 2
# suites 0
# pass 1
# fail 1
# cancelled 0
# skipped 0
# todo 0
# duration_ms 201.493583
