cwd: /private/tmp/odos-email-e1a-fixback-proof/ui
command: ["node", "--import", "tsx", "--test", "--test-concurrency=1", "--test-name-pattern=E1a education email disclosure", "tests/engageCommunicationPreferences.test.tsx"]
TAP version 13
# Subtest: E1a education email disclosure renders inside confirmation before any send
not ok 1 - E1a education email disclosure renders inside confirmation before any send
  ---
  duration_ms: 23.380875
  type: 'test'
  location: '/private/tmp/odos-email-e1a-fixback-proof/ui/tests/engageCommunicationPreferences.test.tsx:1:9930'
  failureType: 'testCodeFailure'
  error: |-
    The input did not match the regular expression /Education email is off for this patient\. Sending will turn it back on\./. Input:

    'Confirm  email  ·  Education guide ✎ Override for this send Cancel Send'

  code: 'ERR_ASSERTION'
  name: 'AssertionError'
  expected:
  actual: 'Confirm  email  ·  Education guide ✎ Override for this send Cancel Send'
  operator: 'match'
  stack: |-
    TestContext.<anonymous> (/private/tmp/odos-email-e1a-fixback-proof/ui/tests/engageCommunicationPreferences.test.tsx:129:12)
    async Test.run (node:internal/test_runner/test:1054:7)
    async startSubtestAfterBootstrap (node:internal/test_runner/harness:296:3)
  ...
1..1
# tests 1
# suites 0
# pass 0
# fail 1
# cancelled 0
# skipped 0
# todo 0
# duration_ms 376.934584
