TAP version 13
# Subtest: previous-exam helpers append unique encounters in server order and summarize exact recorded findings
ok 1 - previous-exam helpers append unique encounters in server order and summarize exact recorded findings
  ---
  duration_ms: 0.671292
  type: 'test'
  ...
# Subtest: previous-exam client rejects malformed successful rows and does not surface unsafe error detail
ok 2 - previous-exam client rejects malformed successful rows and does not surface unsafe error detail
  ---
  duration_ms: 7.830541
  type: 'test'
  ...
# Subtest: previous-exam client enforces four-row pages, FHIR dates, and trimmed clinical labels
ok 3 - previous-exam client enforces four-row pages, FHIR dates, and trimmed clinical labels
  ---
  duration_ms: 1.685792
  type: 'test'
  ...
# Subtest: FHIR history dates preserve partial precision and validate leap seconds and boundary offsets
ok 4 - FHIR history dates preserve partial precision and validate leap seconds and boundary offsets
  ---
  duration_ms: 8.973333
  type: 'test'
  ...
# Subtest: previous exams loads four encounters automatically, keeps them through paging failure, and retries the same cursor
ok 5 - previous exams loads four encounters automatically, keeps them through paging failure, and retries the same cursor
  ---
  duration_ms: 13.346125
  type: 'test'
  ...
# Subtest: previous exams renders the exact plain empty state
ok 6 - previous exams renders the exact plain empty state
  ---
  duration_ms: 0.672916
  type: 'test'
  ...
# Subtest: visible paging sentinel starts one request per cursor and ignores repeated observer delivery
ok 7 - visible paging sentinel starts one request per cursor and ignores repeated observer delivery
  ---
  duration_ms: 2.799875
  type: 'test'
  ...
# Subtest: consumed observer cursors cannot replay or restore paging after a terminal next page
ok 8 - consumed observer cursors cannot replay or restore paging after a terminal next page
  ---
  duration_ms: 7.219708
  type: 'test'
  ...
# Subtest: encounter changes ignore stale previous-exam responses
ok 9 - encounter changes ignore stale previous-exam responses
  ---
  duration_ms: 3.651667
  type: 'test'
  ...
# Subtest: read-only checked prior diagnoses select without POST while provider pulls are idempotent and row-specific
ok 10 - read-only checked prior diagnoses select without POST while provider pulls are idempotent and row-specific
  ---
  duration_ms: 5.752208
  type: 'test'
  ...
# Subtest: a stale pull cannot release the same row lock owned by the next encounter generation
ok 11 - a stale pull cannot release the same row lock owned by the next encounter generation
  ---
  duration_ms: 9.182875
  type: 'test'
  ...
# Subtest: a deferred pull settling after true unmount schedules no state update warning
ok 12 - a deferred pull settling after true unmount schedules no state update warning
  ---
  duration_ms: 4.486375
  type: 'test'
  ...
# Subtest: finding rows distinguish unchanged carried presence, prior absence, and fresh assertions
ok 13 - finding rows distinguish unchanged carried presence, prior absence, and fresh assertions
  ---
  duration_ms: 1.974958
  type: 'test'
  ...
# Subtest: V25 W135 carry refresh event follows complete server evidence
ok 14 - V25 W135 carry refresh event follows complete server evidence
  ---
  duration_ms: 3.752625
  type: 'test'
  ...
# Subtest: V25 W135 carry refresh event follows partial-confirmed server evidence
ok 15 - V25 W135 carry refresh event follows partial-confirmed server evidence
  ---
  duration_ms: 2.386084
  type: 'test'
  ...
# Subtest: V25 W135 carry refresh event follows unconfirmed server evidence
ok 16 - V25 W135 carry refresh event follows unconfirmed server evidence
  ---
  duration_ms: 2.338292
  type: 'test'
  ...
# Subtest: W142 partial carry shows steps and Finish carrying resends the identical command body
ok 17 - W142 partial carry shows steps and Finish carrying resends the identical command body
  ---
  duration_ms: 4.643166
  type: 'test'
  ...
# Subtest: V25 V36 W143 remounted checked carry discovers incomplete plan
ok 18 - V25 V36 W143 remounted checked carry discovers incomplete plan
  ---
  duration_ms: 5.653791
  type: 'test'
  ...
# Subtest: V25 V36 W143 remounted checked carry selects already complete without replan
ok 19 - V25 V36 W143 remounted checked carry selects already complete without replan
  ---
  duration_ms: 2.374875
  type: 'test'
  ...
# Subtest: W143 carry-incomplete reloads before replan with a new command and blocks while reload is unresolved
ok 20 - W143 carry-incomplete reloads before replan with a new command and blocks while reload is unresolved
  ---
  duration_ms: 5.282333
  type: 'test'
  ...
# Subtest: W145 previous-exams unscoped records display their notice, including an empty page
ok 21 - W145 previous-exams unscoped records display their notice, including an empty page
  ---
  duration_ms: 3.190291
  type: 'test'
  ...
# Subtest: W142 a dropped pull response keeps its request for Finish carrying
ok 22 - W142 a dropped pull response keeps its request for Finish carrying
  ---
  duration_ms: 4.007625
  type: 'test'
  ...
# Subtest: W143 failed reload preserves the prior carry and never posts a replan
ok 23 - W143 failed reload preserves the prior carry and never posts a replan
  ---
  duration_ms: 2.708375
  type: 'test'
  ...
# Subtest: STAFF-DX-GATE carry-forward permits existing selection and refuses new pulls: false
ok 24 - STAFF-DX-GATE carry-forward permits existing selection and refuses new pulls: false
  ---
  duration_ms: 0.885709
  type: 'test'
  ...
# Subtest: STAFF-DX-GATE carry-forward permits existing selection and refuses new pulls: undefined
ok 25 - STAFF-DX-GATE carry-forward permits existing selection and refuses new pulls: undefined
  ---
  duration_ms: 1.734167
  type: 'test'
  ...
1..25
# tests 25
# suites 0
# pass 25
# fail 0
# cancelled 0
# skipped 0
# todo 0
# duration_ms 321.430584
