TAP version 13
# Subtest: V25 W135 carry refresh event follows complete server evidence
not ok 1 - V25 W135 carry refresh event follows complete server evidence
  ---
  duration_ms: 28.3955
  type: 'test'
  location: '/Users/ericr.bang/GitHub/ODOS2020/.worktrees/r10-a3-2/ui/tests/diagnosisCarryForward.test.tsx:1:18574'
  failureType: 'testCodeFailure'
  error: |-
    V25 confirmed carry refreshes overview and the other finding door; unconfirmed transport never claims a write
    + actual - expected

    + []
    - [
    -   'Encounter/current'
    - ]

  code: 'ERR_ASSERTION'
  name: 'AssertionError'
  expected:
    0: 'Encounter/current'
  actual:
  operator: 'deepStrictEqual'
  stack: |-
    TestContext.<anonymous> (/Users/ericr.bang/GitHub/ODOS2020/.worktrees/r10-a3-2/ui/tests/diagnosisCarryForward.test.tsx:533:14)
    async Test.run (node:internal/test_runner/test:1054:7)
    async startSubtestAfterBootstrap (node:internal/test_runner/harness:296:3)
  ...
# Subtest: V25 W135 carry refresh event follows partial-confirmed server evidence
not ok 2 - V25 W135 carry refresh event follows partial-confirmed server evidence
  ---
  duration_ms: 3.85575
  type: 'test'
  location: '/Users/ericr.bang/GitHub/ODOS2020/.worktrees/r10-a3-2/ui/tests/diagnosisCarryForward.test.tsx:1:18574'
  failureType: 'testCodeFailure'
  error: |-
    V25 confirmed carry refreshes overview and the other finding door; unconfirmed transport never claims a write
    + actual - expected

    + []
    - [
    -   'Encounter/current'
    - ]

  code: 'ERR_ASSERTION'
  name: 'AssertionError'
  expected:
    0: 'Encounter/current'
  actual:
  operator: 'deepStrictEqual'
  stack: |-
    TestContext.<anonymous> (/Users/ericr.bang/GitHub/ODOS2020/.worktrees/r10-a3-2/ui/tests/diagnosisCarryForward.test.tsx:533:14)
    async Test.run (node:internal/test_runner/test:1054:7)
    async Test.processPendingSubtests (node:internal/test_runner/test:744:7)
  ...
# Subtest: V25 W135 carry refresh event follows unconfirmed server evidence
ok 3 - V25 W135 carry refresh event follows unconfirmed server evidence
  ---
  duration_ms: 3.083
  type: 'test'
  ...
1..3
# tests 3
# suites 0
# pass 1
# fail 2
# cancelled 0
# skipped 0
# todo 0
# duration_ms 271.841959
