TAP version 13
# Subtest: I2 every item-review HTTP door enforces one contract
ok 1 - I2 every item-review HTTP door enforces one contract
  ---
  duration_ms: 9.359708
  type: 'test'
  ...
# Subtest: I3 committed gestures reach complete after response loss and answer clear
ok 2 - I3 committed gestures reach complete after response loss and answer clear
  ---
  duration_ms: 2.466167
  type: 'test'
  ...
# Subtest: I3 committed gestures reach complete after response loss and section clear
ok 3 - I3 committed gestures reach complete after response loss and section clear
  ---
  duration_ms: 1.268333
  type: 'test'
  ...
# Subtest: I4 initial ledger persistence converges after 409
ok 4 - I4 initial ledger persistence converges after 409
  ---
  duration_ms: 0.773084
  type: 'test'
  ...
# Subtest: I4 initial ledger persistence converges after 412
ok 5 - I4 initial ledger persistence converges after 412
  ---
  duration_ms: 0.65075
  type: 'test'
  ...
# Subtest: I4 initial ledger persistence converges after lost response
ok 6 - I4 initial ledger persistence converges after lost response
  ---
  duration_ms: 0.6305
  type: 'test'
  ...
# Subtest: I3 an incompatible committed act terminates the interrupted gesture explicitly
ok 7 - I3 an incompatible committed act terminates the interrupted gesture explicitly
  ---
  duration_ms: 1.22575
  type: 'test'
  ...
1..7
# tests 7
# suites 0
# pass 7
# fail 0
# cancelled 0
# skipped 0
# todo 0
# duration_ms 222.058542
