TAP version 13
# ROS: 10 persisted answers, 0 answer-side acts; 1 tick; immutable retraction/undo; HTTP 200; delta sizes 1,1,1,1,1,1,1,1,1,1,0,0,0,0,0,0,0,0,0
# Subtest: ROS browser: comprehensive burst and explicit immutable reviews
ok 1 - ROS browser: comprehensive burst and explicit immutable reviews
  ---
  duration_ms: 5661.766208
  type: 'test'
  ...
# Subtest: ROS browser: follow-up self-folds
ok 2 - ROS browser: follow-up self-folds
  ---
  duration_ms: 778.982959
  type: 'test'
  ...
# Subtest: ROS browser: review-only History clear
ok 3 - ROS browser: review-only History clear
  ---
  duration_ms: 1026.629125
  type: 'test'
  ...
# Subtest: ROS browser: bulk denial is resumable and transient
ok 4 - ROS browser: bulk denial is resumable and transient
  ---
  duration_ms: 22516.697542
  type: 'test'
  ...
1..4
# tests 4
# suites 0
# pass 4
# fail 0
# cancelled 0
# skipped 0
# todo 0
# duration_ms 30470.213708
