
> odos-mcp@0.1.0 test:live-authz
> node scripts/run-tests.mjs tests/ageOfMajorityAuthzLive.test.ts tests/clinicalWriteAuthzLive.test.ts tests/encounterUndoLedgerAuthzLive.test.ts tests/r10DiagnosisDoorAuthzLive.test.ts tests/v05a-authz.test.ts

TAP version 13
# Subtest: age-of-majority singleton grants enforce all-role reads and Admin-only writes on live Medplum
    # Subtest: provider
        # Subtest: create
        ok 1 - create
          ---
          duration_ms: 0.296042
          type: 'test'
          ...
        # Subtest: update
        ok 2 - update
          ---
          duration_ms: 0.099333
          type: 'test'
          ...
        1..2
    ok 1 - provider
      ---
      duration_ms: 67.853958
      type: 'test'
      ...
    # Subtest: staff
        # Subtest: create
        ok 1 - create
          ---
          duration_ms: 0.102209
          type: 'test'
          ...
        # Subtest: update
        ok 2 - update
          ---
          duration_ms: 0.075625
          type: 'test'
          ...
        1..2
    ok 2 - staff
      ---
      duration_ms: 75.906583
      type: 'test'
      ...
    # Subtest: admin
        # Subtest: create
        ok 1 - create
          ---
          duration_ms: 0.188875
          type: 'test'
          ...
        # Subtest: update
        ok 2 - update
          ---
          duration_ms: 0.154541
          type: 'test'
          ...
        1..2
    ok 3 - admin
      ---
      duration_ms: 59.8595
      type: 'test'
      ...
    1..3
ok 1 - age-of-majority singleton grants enforce all-role reads and Admin-only writes on live Medplum
  ---
  duration_ms: 25248.600959
  type: 'test'
  ...
# Subtest: synced practice policies enforce all repaired clinical writes on running Medplum
    # Subtest: K1 staff cannot strip, add, or change an existing child claim
    ok 1 - K1 staff cannot strip, add, or change an existing child claim
      ---
      duration_ms: 27.41425
      type: 'test'
      ...
    # Subtest: K2 staff cannot create a claimed child
    ok 2 - K2 staff cannot create a claimed child
      ---
      duration_ms: 3.634833
      type: 'test'
      ...
    # Subtest: K3 staff can create and edit an unclaimed child
    ok 3 - K3 staff can create and edit an unclaimed child
      ---
      duration_ms: 12.240042
      type: 'test'
      ...
    # Subtest: K4 staff can edit name and phone while preserving an inert claim
    ok 4 - K4 staff can edit name and phone while preserving an inert claim
      ---
      duration_ms: 53.540333
      type: 'test'
      ...
    # Subtest: Provider voids a preliminary Observation seeded by Staff
    ok 5 - Provider voids a preliminary Observation seeded by Staff
      ---
      duration_ms: 6.147334
      type: 'test'
      ...
    # Subtest: Staff voids a preliminary Observation seeded by Provider
    ok 6 - Staff voids a preliminary Observation seeded by Provider
      ---
      duration_ms: 5.535291
      type: 'test'
      ...
    # Subtest: Staff cannot finalize a preliminary Observation seeded by Provider
    ok 7 - Staff cannot finalize a preliminary Observation seeded by Provider
      ---
      duration_ms: 4.390291
      type: 'test'
      ...
    # Subtest: Chart sidebar > Allergies — Mark no known allergies
    ok 8 - Chart sidebar > Allergies — Mark no known allergies
      ---
      duration_ms: 12.869333
      type: 'test'
      ...
    # Subtest: Chart sidebar > Allergies — Add allergy
    ok 9 - Chart sidebar > Allergies — Add allergy
      ---
      duration_ms: 9.317083
      type: 'test'
      ...
    # Subtest: Chart sidebar > Care Team — Add team member
    ok 10 - Chart sidebar > Care Team — Add team member
      ---
      duration_ms: 10.390458
      type: 'test'
      ...
    # Subtest: Diagnosis workspace/assessment — diagnosis laterality BodyStructure
    ok 11 - Diagnosis workspace/assessment — diagnosis laterality BodyStructure
      ---
      duration_ms: 9.21975
      type: 'test'
      ...
    # Subtest: IOP Timeline target editor — Save a new target
    ok 12 - IOP Timeline target editor — Save a new target
      ---
      duration_ms: 8.981
      type: 'test'
      ...
    # Subtest: IOP Timeline target editor — Save an existing target
    ok 13 - IOP Timeline target editor — Save an existing target
      ---
      duration_ms: 8.151667
      type: 'test'
      ...
    # Subtest: Prescriptions — Add prescription
    ok 14 - Prescriptions — Add prescription
      ---
      duration_ms: 9.977917
      type: 'test'
      ...
    # Subtest: Prescriptions — Staff edits repeats before transmission
    ok 15 - Prescriptions — Staff edits repeats before transmission
      ---
      duration_ms: 9.470958
      type: 'test'
      ...
    # Subtest: Prescriptions — Send to pharmacy (reserve WENO message id)
    ok 16 - Prescriptions — Send to pharmacy (reserve WENO message id)
      ---
      duration_ms: 7.902833
      type: 'test'
      ...
    # Subtest: Prescriptions — Send to pharmacy (record indeterminate outcome)
    ok 17 - Prescriptions — Send to pharmacy (record indeterminate outcome)
      ---
      duration_ms: 9.686959
      type: 'test'
      ...
    # Subtest: Prescriptions — Pharmacy verified not received — clear reservation
    ok 18 - Prescriptions — Pharmacy verified not received — clear reservation
      ---
      duration_ms: 8.72625
      type: 'test'
      ...
    # Subtest: Prescriptions — Send to pharmacy (record successful transmission)
    ok 19 - Prescriptions — Send to pharmacy (record successful transmission)
      ---
      duration_ms: 8.3285
      type: 'test'
      ...
    # Subtest: Prescriptions — Send to pharmacy (record WENO error)
    ok 20 - Prescriptions — Send to pharmacy (record WENO error)
      ---
      duration_ms: 8.134292
      type: 'test'
      ...
    # Subtest: Staff transmitted prescription mutation is denied while Provider control succeeds
    ok 21 - Staff transmitted prescription mutation is denied while Provider control succeeds
      ---
      duration_ms: 8.352791
      type: 'test'
      ...
    # Subtest: Staff prescription requester mutation is denied before transmission
    ok 22 - Staff prescription requester mutation is denied before transmission
      ---
      duration_ms: 3.422833
      type: 'test'
      ...
    # Subtest: Dry Eye > Adverse Event — Capture and persist Provenance
    ok 23 - Dry Eye > Adverse Event — Capture and persist Provenance
      ---
      duration_ms: 27.904667
      type: 'test'
      ...
    # Subtest: Ortho-K > Adverse Event — Capture and persist Provenance
    ok 24 - Ortho-K > Adverse Event — Capture and persist Provenance
      ---
      duration_ms: 19.941291
      type: 'test'
      ...
    # Subtest: practice-role clients cannot forge AuditEvent
    ok 25 - practice-role clients cannot forge AuditEvent
      ---
      duration_ms: 7.962333
      type: 'test'
      ...
    1..25
ok 2 - synced practice policies enforce all repaired clinical writes on running Medplum
  ---
  duration_ms: 544.286375
  type: 'test'
  ...
# Subtest: a clear persists the encounter undo ledger under the synced Provider and Staff policies on running Medplum
    # Subtest: provider clears one VA value and the ledger slot persists and reads back
        # Subtest: provider undoes the clear and reads the restored VA value under the same policy
        ok 1 - provider undoes the clear and reads the restored VA value under the same policy
          ---
          duration_ms: 34.066916
          type: 'test'
          ...
        # Subtest: provider cannot undo on a signed encounter and the refusal preserves the value and slot
        ok 2 - provider cannot undo on a signed encounter and the refusal preserves the value and slot
          ---
          duration_ms: 64.652458
          type: 'test'
          ...
        1..2
    ok 1 - provider clears one VA value and the ledger slot persists and reads back
      ---
      duration_ms: 191.544833
      type: 'test'
      ...
    # provider: chart -> clear -> persisted ledger -> Undo -> readable preliminary VA 20/20; slot consumed
    # provider: finished encounter -> Undo HTTP 409 encounter-closed; value still voided; ledger unchanged
    # Subtest: staff clears one VA value and the ledger slot persists and reads back
        # Subtest: staff undoes the clear and reads the restored VA value under the same policy
        ok 1 - staff undoes the clear and reads the restored VA value under the same policy
          ---
          duration_ms: 34.555625
          type: 'test'
          ...
        # Subtest: staff cannot undo on a signed encounter and the refusal preserves the value and slot
        ok 2 - staff cannot undo on a signed encounter and the refusal preserves the value and slot
          ---
          duration_ms: 92.127708
          type: 'test'
          ...
        1..2
    ok 2 - staff clears one VA value and the ledger slot persists and reads back
      ---
      duration_ms: 203.094333
      type: 'test'
      ...
    # staff: chart -> clear -> persisted ledger -> Undo -> readable preliminary VA 20/20; slot consumed
    # staff: finished encounter -> Undo HTTP 409 encounter-closed; value still voided; ledger unchanged
    1..2
ok 3 - a clear persists the encounter undo ledger under the synced Provider and Staff policies on running Medplum
  ---
  duration_ms: 502.950625
  type: 'test'
  ...
# Subtest: R10 diagnosis door enforces canonical policies through real handlers for staff and provider
    # Subtest: staff: assert clear revive move link and zero-write refusals
    ok 1 - staff: assert clear revive move link and zero-write refusals
      ---
      duration_ms: 512.313333
      type: 'test'
      ...
    # Subtest: provider: assert clear revive move link and zero-write refusals
    ok 2 - provider: assert clear revive move link and zero-write refusals
      ---
      duration_ms: 474.784084
      type: 'test'
      ...
    1..2
ok 4 - R10 diagnosis door enforces canonical policies through real handlers for staff and provider
  ---
  duration_ms: 1284.179666
  type: 'test'
  ...
# {"role":"staff","project":"ea11fe06-da39-47f4-9e18-d5ed6df92652","resourceType":"Observation","reference":"Observation/90f7fa98-3b75-494b-b5c0-200f62b2bcda","operation":"assert","before":"absent","after":"preliminary","policyReference":"AccessPolicy/79ded5d9-e554-4106-8c14-c724dd39ec7e","policyVersion":"90553f39-0755-4c9c-ba4f-75c3d0ccc411","lane":"test:live-authz","blocking":true}
# {"role":"staff","project":"ea11fe06-da39-47f4-9e18-d5ed6df92652","resourceType":"Observation","reference":"Observation/90f7fa98-3b75-494b-b5c0-200f62b2bcda","operation":"clear","before":"preliminary","after":"entered-in-error","policyReference":"AccessPolicy/79ded5d9-e554-4106-8c14-c724dd39ec7e","policyVersion":"90553f39-0755-4c9c-ba4f-75c3d0ccc411","lane":"test:live-authz","blocking":true}
# {"role":"staff","project":"ea11fe06-da39-47f4-9e18-d5ed6df92652","resourceType":"Observation","reference":"Observation/90f7fa98-3b75-494b-b5c0-200f62b2bcda","operation":"revive","before":"entered-in-error","after":"preliminary","policyReference":"AccessPolicy/79ded5d9-e554-4106-8c14-c724dd39ec7e","policyVersion":"90553f39-0755-4c9c-ba4f-75c3d0ccc411","lane":"test:live-authz","blocking":true}
# {"role":"staff","project":"ea11fe06-da39-47f4-9e18-d5ed6df92652","resourceType":"Observation","reference":"Observation/90f7fa98-3b75-494b-b5c0-200f62b2bcda","operation":"move","before":"Condition/fe9ec7de-58a8-4458-a498-a0b67d058419","after":"Condition/7ffe09e7-3a01-4bdb-9b1f-24d93ac266e3","policyReference":"AccessPolicy/79ded5d9-e554-4106-8c14-c724dd39ec7e","policyVersion":"90553f39-0755-4c9c-ba4f-75c3d0ccc411","lane":"test:live-authz","blocking":true}
# {"role":"staff","project":"ea11fe06-da39-47f4-9e18-d5ed6df92652","resourceType":"Observation","reference":"Observation/90f7fa98-3b75-494b-b5c0-200f62b2bcda","operation":"link","before":"Condition/7ffe09e7-3a01-4bdb-9b1f-24d93ac266e3","after":"Condition/7ffe09e7-3a01-4bdb-9b1f-24d93ac266e3,Condition/fe9ec7de-58a8-4458-a498-a0b67d058419","policyReference":"AccessPolicy/79ded5d9-e554-4106-8c14-c724dd39ec7e","policyVersion":"90553f39-0755-4c9c-ba4f-75c3d0ccc411","lane":"test:live-authz","blocking":true}
# {"role":"staff","project":"ea11fe06-da39-47f4-9e18-d5ed6df92652","resourceType":"Condition","operation":"update/pick","before":"unchanged","after":"403 unchanged","policyReference":"AccessPolicy/79ded5d9-e554-4106-8c14-c724dd39ec7e","blocking":true}
# {"role":"staff","project":"ea11fe06-da39-47f4-9e18-d5ed6df92652","resourceType":"Observation","reference":"Observation/90f7fa98-3b75-494b-b5c0-200f62b2bcda","operation":"signed-or-cancelled refusal","before":"final","after":"final","policyReference":"AccessPolicy/79ded5d9-e554-4106-8c14-c724dd39ec7e","policyVersion":"90553f39-0755-4c9c-ba4f-75c3d0ccc411","lane":"test:live-authz","blocking":true}
# {"role":"staff","project":"ea11fe06-da39-47f4-9e18-d5ed6df92652","resourceType":"Observation","reference":"Observation/90f7fa98-3b75-494b-b5c0-200f62b2bcda","operation":"signed-or-cancelled refusal","before":"cancelled","after":"cancelled","policyReference":"AccessPolicy/79ded5d9-e554-4106-8c14-c724dd39ec7e","policyVersion":"90553f39-0755-4c9c-ba4f-75c3d0ccc411","lane":"test:live-authz","blocking":true}
# {"role":"staff","project":"ea11fe06-da39-47f4-9e18-d5ed6df92652","resourceType":"Observation","reference":"Encounter/c254cd61-ee1a-4cb8-ac51-17d8f0eea287","operation":"pre-rebuild refusal","before":"legacy read-only","after":"409 unchanged","policyReference":"AccessPolicy/79ded5d9-e554-4106-8c14-c724dd39ec7e","policyVersion":"90553f39-0755-4c9c-ba4f-75c3d0ccc411","lane":"test:live-authz","blocking":true}
# {"role":"staff","project":"ea11fe06-da39-47f4-9e18-d5ed6df92652","resourceType":"Observation","operation":"two-tab eye-change","before":"OS differs","after":"409 zero writes","policyReference":"AccessPolicy/79ded5d9-e554-4106-8c14-c724dd39ec7e","blocking":true}
# {"role":"staff","project":"ea11fe06-da39-47f4-9e18-d5ed6df92652","resourceType":"Observation","operation":"lost response then identical Retry","before":"absent","after":"one persisted owner and one clinical write","policyReference":"AccessPolicy/79ded5d9-e554-4106-8c14-c724dd39ec7e","blocking":true}
# {"role":"provider","project":"ea11fe06-da39-47f4-9e18-d5ed6df92652","resourceType":"Observation","reference":"Observation/6d9789cd-d8a6-4f7c-903c-68cd7c119a16","operation":"assert","before":"absent","after":"preliminary","policyReference":"AccessPolicy/d12b563d-f347-4383-b679-492fd80efbea","policyVersion":"c33fe01c-6d11-42f1-b774-a23d49ab5fcd","lane":"test:live-authz","blocking":true}
# {"role":"provider","project":"ea11fe06-da39-47f4-9e18-d5ed6df92652","resourceType":"Observation","reference":"Observation/6d9789cd-d8a6-4f7c-903c-68cd7c119a16","operation":"clear","before":"preliminary","after":"entered-in-error","policyReference":"AccessPolicy/d12b563d-f347-4383-b679-492fd80efbea","policyVersion":"c33fe01c-6d11-42f1-b774-a23d49ab5fcd","lane":"test:live-authz","blocking":true}
# {"role":"provider","project":"ea11fe06-da39-47f4-9e18-d5ed6df92652","resourceType":"Observation","reference":"Observation/6d9789cd-d8a6-4f7c-903c-68cd7c119a16","operation":"revive","before":"entered-in-error","after":"preliminary","policyReference":"AccessPolicy/d12b563d-f347-4383-b679-492fd80efbea","policyVersion":"c33fe01c-6d11-42f1-b774-a23d49ab5fcd","lane":"test:live-authz","blocking":true}
# {"role":"provider","project":"ea11fe06-da39-47f4-9e18-d5ed6df92652","resourceType":"Observation","reference":"Observation/6d9789cd-d8a6-4f7c-903c-68cd7c119a16","operation":"move","before":"Condition/6dad409b-f33b-4ba4-a12e-2d2a0b6d630f","after":"Condition/0c3a2aa0-88bf-4b0e-b0f3-9178a9042fe8","policyReference":"AccessPolicy/d12b563d-f347-4383-b679-492fd80efbea","policyVersion":"c33fe01c-6d11-42f1-b774-a23d49ab5fcd","lane":"test:live-authz","blocking":true}
# {"role":"provider","project":"ea11fe06-da39-47f4-9e18-d5ed6df92652","resourceType":"Observation","reference":"Observation/6d9789cd-d8a6-4f7c-903c-68cd7c119a16","operation":"link","before":"Condition/0c3a2aa0-88bf-4b0e-b0f3-9178a9042fe8","after":"Condition/0c3a2aa0-88bf-4b0e-b0f3-9178a9042fe8,Condition/6dad409b-f33b-4ba4-a12e-2d2a0b6d630f","policyReference":"AccessPolicy/d12b563d-f347-4383-b679-492fd80efbea","policyVersion":"c33fe01c-6d11-42f1-b774-a23d49ab5fcd","lane":"test:live-authz","blocking":true}
# {"role":"provider","project":"ea11fe06-da39-47f4-9e18-d5ed6df92652","resourceType":"Observation","reference":"Observation/6d9789cd-d8a6-4f7c-903c-68cd7c119a16","operation":"signed-or-cancelled refusal","before":"final","after":"final","policyReference":"AccessPolicy/d12b563d-f347-4383-b679-492fd80efbea","policyVersion":"c33fe01c-6d11-42f1-b774-a23d49ab5fcd","lane":"test:live-authz","blocking":true}
# {"role":"provider","project":"ea11fe06-da39-47f4-9e18-d5ed6df92652","resourceType":"Observation","reference":"Observation/6d9789cd-d8a6-4f7c-903c-68cd7c119a16","operation":"signed-or-cancelled refusal","before":"cancelled","after":"cancelled","policyReference":"AccessPolicy/d12b563d-f347-4383-b679-492fd80efbea","policyVersion":"c33fe01c-6d11-42f1-b774-a23d49ab5fcd","lane":"test:live-authz","blocking":true}
# {"role":"provider","project":"ea11fe06-da39-47f4-9e18-d5ed6df92652","resourceType":"Observation","reference":"Encounter/f62d9957-fd31-4e22-8ff3-8963c907a5ec","operation":"pre-rebuild refusal","before":"legacy read-only","after":"409 unchanged","policyReference":"AccessPolicy/d12b563d-f347-4383-b679-492fd80efbea","policyVersion":"c33fe01c-6d11-42f1-b774-a23d49ab5fcd","lane":"test:live-authz","blocking":true}
# {"role":"provider","project":"ea11fe06-da39-47f4-9e18-d5ed6df92652","resourceType":"Observation","operation":"two-tab eye-change","before":"OS differs","after":"409 zero writes","policyReference":"AccessPolicy/d12b563d-f347-4383-b679-492fd80efbea","blocking":true}
# {"role":"provider","project":"ea11fe06-da39-47f4-9e18-d5ed6df92652","resourceType":"Observation","operation":"lost response then identical Retry","before":"absent","after":"one persisted owner and one clinical write","policyReference":"AccessPolicy/d12b563d-f347-4383-b679-492fd80efbea","blocking":true}
# Subtest: the practice role registry defines only Provider, Staff, and Admin
ok 5 - the practice role registry defines only Provider, Staff, and Admin
  ---
  duration_ms: 0.780666
  type: 'test'
  ...
# Subtest: full role table keeps diagnosis action equivalent to Condition create and update grants
ok 6 - full role table keeps diagnosis action equivalent to Condition create and update grants
  ---
  duration_ms: 0.258625
  type: 'test'
  ...
# Subtest: diagnosis permission cannot be granted independently of a credentialed role and can be revoked
ok 7 - diagnosis permission cannot be granted independently of a credentialed role and can be revoked
  ---
  duration_ms: 0.25525
  type: 'test'
  ...
# Subtest: AccessPolicy generator emits Medplum interactions, criteria, and writeConstraint without business-action leakage
ok 8 - AccessPolicy generator emits Medplum interactions, criteria, and writeConstraint without business-action leakage
  ---
  duration_ms: 0.453875
  type: 'test'
  ...
# Subtest: protocol authoring is credential-bound to Provider with code-fenced Basic grants
ok 9 - protocol authoring is credential-bound to Provider with code-fenced Basic grants
  ---
  duration_ms: 0.3225
  type: 'test'
  ...
# Subtest: front-desk can create the dispensary order + financial resources at practice scope
ok 10 - front-desk can create the dispensary order + financial resources at practice scope
  ---
  duration_ms: 0.094667
  type: 'test'
  ...
# Subtest: front-desk cannot update or delete PaymentReconciliation outside the guarded Phase 6a handlers
ok 11 - front-desk cannot update or delete PaymentReconciliation outside the guarded Phase 6a handlers
  ---
  duration_ms: 0.12
  type: 'test'
  ...
# Subtest: every role can read payments while only custody roles can create them
ok 12 - every role can read payments while only custody roles can create them
  ---
  duration_ms: 0.11225
  type: 'test'
  ...
# Subtest: compiled front-desk and practice-admin AccessPolicies grant payer Organization directory operations
ok 13 - compiled front-desk and practice-admin AccessPolicies grant payer Organization directory operations
  ---
  duration_ms: 0.264917
  type: 'test'
  ...
# Subtest: every role's AccessPolicy carries a machine-readable practice-role identifier (resolver anchor)
ok 14 - every role's AccessPolicy carries a machine-readable practice-role identifier (resolver anchor)
  ---
  duration_ms: 0.274167
  type: 'test'
  ...
# Subtest: ProjectMembership access builder emits parameterized provider, patient, and state-license values
ok 15 - ProjectMembership access builder emits parameterized provider, patient, and state-license values
  ---
  duration_ms: 0.143041
  type: 'test'
  ...
# Subtest: aesthetics-provider state scoping rejects out-of-state or out-of-scope procedures
ok 16 - aesthetics-provider state scoping rejects out-of-state or out-of-scope procedures
  ---
  duration_ms: 0.122375
  type: 'test'
  ...
# Subtest: Binary parser plugin requires securityContext and rejects outside patient compartment
ok 17 - Binary parser plugin requires securityContext and rejects outside patient compartment
  ---
  duration_ms: 0.157917
  type: 'test'
  ...
# Subtest: Binary parser plugin accepts valid raw upload header and blocks securityContext rewrite
ok 18 - Binary parser plugin accepts valid raw upload header and blocks securityContext rewrite
  ---
  duration_ms: 0.079583
  type: 'test'
  ...
# Subtest: MCP FHIR client refuses direct Binary create without parser guard header
ok 19 - MCP FHIR client refuses direct Binary create without parser guard header
  ---
  duration_ms: 0.187709
  type: 'test'
  ...
# Subtest: ProjectMembership lifecycle transitions emit audit rows and placeholder AuditEvent
ok 20 - ProjectMembership lifecycle transitions emit audit rows and placeholder AuditEvent
  ---
  duration_ms: 0.473333
  type: 'test'
  ...
# Subtest: ProjectMembership role review preserves state and emits a review audit row
ok 21 - ProjectMembership role review preserves state and emits a review audit row
  ---
  duration_ms: 0.792541
  type: 'test'
  ...
# Subtest: break-glass requires human reason, creates time-limited access, and flags admin review
ok 22 - break-glass requires human reason, creates time-limited access, and flags admin review
  ---
  duration_ms: 0.349084
  type: 'test'
  ...
# Subtest: break-glass rejects agent self-attestation and blank reason
ok 23 - break-glass rejects agent self-attestation and blank reason
  ---
  duration_ms: 0.065291
  type: 'test'
  ...
# Subtest: audit-only boundary AccessPolicy POST round-trip is accepted by Medplum when integration env is available
ok 24 - audit-only boundary AccessPolicy POST round-trip is accepted by Medplum when integration env is available
  ---
  duration_ms: 56945.451834
  type: 'test'
  ...
# Subtest: v0.5a audit-only boundary AccessPolicy enforces compartment isolation when bound via ProjectMembership (closes Mandate 8 fixture caveat)
ok 25 - v0.5a audit-only boundary AccessPolicy enforces compartment isolation when bound via ProjectMembership (closes Mandate 8 fixture caveat)
  ---
  duration_ms: 102.16725
  type: 'test'
  ...
# Subtest: compiled Staff policy fences RelatedPerson claims without changing other demographic grants
ok 26 - compiled Staff policy fences RelatedPerson claims without changing other demographic grants
  ---
  duration_ms: 0.200208
  type: 'test'
  ...
1..26
# tests 68
# suites 0
# pass 68
# fail 0
# cancelled 0
# skipped 0
# todo 0
# duration_ms 85576.270458
