TAP version 13
# Subtest: V21 V22 posterior re-save stays pristine, round-trips selections, and preserves the saved negative scope
not ok 1 - V21 V22 posterior re-save stays pristine, round-trips selections, and preserves the saved negative scope
  ---
  duration_ms: 32.999625
  type: 'test'
  location: '/Users/ericr.bang/GitHub/ODOS2020/.worktrees/r10-a3-2/ui/tests/customSections.test.tsx:1:109117'
  failureType: 'testCodeFailure'
  error: |-
    V22 unrelated save preserves recorded scope
    + actual - expected

    + '0 findings explicitly asserted absent · pending save2026-09-17T12:00:00Z · pending saveAbsent: NoneExcluded: NoneNot covered: Dot/blot hemorrhage'
    - '1 findings explicitly asserted absent · pending save2026-09-17T12:00:00Z · pending saveAbsent: Dot/blot hemorrhageExcluded: NoneNot covered: None'

  code: 'ERR_ASSERTION'
  name: 'AssertionError'
  expected: '1 findings explicitly asserted absent · pending save2026-09-17T12:00:00Z · pending saveAbsent: Dot/blot hemorrhageExcluded: NoneNot covered: None'
  actual: '0 findings explicitly asserted absent · pending save2026-09-17T12:00:00Z · pending saveAbsent: NoneExcluded: NoneNot covered: Dot/blot hemorrhage'
  operator: 'strictEqual'
  stack: |-
    TestContext.<anonymous> (/Users/ericr.bang/GitHub/ODOS2020/.worktrees/r10-a3-2/ui/tests/customSections.test.tsx:3224:12)
    async Test.run (node:internal/test_runner/test:1054:7)
    async startSubtestAfterBootstrap (node:internal/test_runner/harness:296:3)
  ...
1..1
# tests 1
# suites 0
# pass 0
# fail 1
# cancelled 0
# skipped 0
# todo 0
# duration_ms 574.169291
