TAP version 13
# Subtest: V21 V22 a saved negative scope stays frozen after the live normal template changes
not ok 1 - V21 V22 a saved negative scope stays frozen after the live normal template changes
  ---
  duration_ms: 26.16975
  type: 'test'
  location: '/Users/ericr.bang/GitHub/ODOS2020/.worktrees/r10-a3-2/ui/tests/customSections.test.tsx:1:85664'
  failureType: 'testCodeFailure'
  error: |-
    V22 the recorded negative scope and timestamp do not change with template prose
    + actual - expected

    + '1 findings explicitly asserted absent · pending saveLater edited live template. · pending saveAbsent: FindingExcluded: NoneNot covered: None'
    - '1 findings explicitly asserted absent · pending saveLive periocular-adnexa normal. · pending saveAbsent: FindingExcluded: NoneNot covered: None'

  code: 'ERR_ASSERTION'
  name: 'AssertionError'
  expected: '1 findings explicitly asserted absent · pending saveLive periocular-adnexa normal. · pending saveAbsent: FindingExcluded: NoneNot covered: None'
  actual: '1 findings explicitly asserted absent · pending saveLater edited live template. · pending saveAbsent: FindingExcluded: NoneNot covered: None'
  operator: 'strictEqual'
  stack: |-
    TestContext.<anonymous> (/Users/ericr.bang/GitHub/ODOS2020/.worktrees/r10-a3-2/ui/tests/customSections.test.tsx:2604:12)
    async Test.run (node:internal/test_runner/test:1054:7)
    async startSubtestAfterBootstrap (node:internal/test_runner/harness:296:3)
  ...
1..1
# tests 1
# suites 0
# pass 0
# fail 1
# cancelled 0
# skipped 0
# todo 0
# duration_ms 592.130958
