TAP version 13
# Subtest: finding definitions persist as one coded Basic carrying the interface JSON verbatim
ok 1 - finding definitions persist as one coded Basic carrying the interface JSON verbatim
  ---
  duration_ms: 14.817083
  type: 'test'
  ...
# Subtest: E2 seeds ten entrance definitions with canonical Pachymetry and declarative documentation elements
ok 2 - E2 seeds ten entrance definitions with canonical Pachymetry and declarative documentation elements
  ---
  duration_ms: 7.115458
  type: 'test'
  ...
# Subtest: DE-1 seeds seven new definitions and references the one existing TBUT stable key as the eighth workup section
ok 3 - DE-1 seeds seven new definitions and references the one existing TBUT stable key as the eighth workup section
  ---
  duration_ms: 6.6265
  type: 'test'
  ...
# Subtest: stored rows override compiled seeds by stableKey and survive a store restart
ok 4 - stored rows override compiled seeds by stableKey and survive a store restart
  ---
  duration_ms: 6.57125
  type: 'test'
  ...
# Subtest: a persisted practice option drives capture validation through the runtime dependency
ok 5 - a persisted practice option drives capture validation through the runtime dependency
  ---
  duration_ms: 8.485709
  type: 'test'
  ...
# Subtest: saving again updates the same Basic and deactivation materializes active false
ok 6 - saving again updates the same Basic and deactivation materializes active false
  ---
  duration_ms: 6.024125
  type: 'test'
  ...
# Subtest: save re-searches before create and updates a competing row that appeared
ok 7 - save re-searches before create and updates a competing row that appeared
  ---
  duration_ms: 6.177333
  type: 'test'
  ...
# Subtest: bad rows are skipped and duplicates resolve by lastUpdated then id
ok 8 - bad rows are skipped and duplicates resolve by lastUpdated then id
  ---
  duration_ms: 11.363417
  type: 'test'
  ...
# Subtest: a handler still receives working definitions when one stored row is garbage
ok 9 - a handler still receives working definitions when one stored row is garbage
  ---
  duration_ms: 7.024791
  type: 'test'
  ...
# Subtest: every definition-backed clinical-graph HTTP closure receives the persistent dependency
ok 10 - every definition-backed clinical-graph HTTP closure receives the persistent dependency
  ---
  duration_ms: 2.207291
  type: 'test'
  ...
# Subtest: DEFER-1 guard 1: dilation permits deferral
ok 11 - DEFER-1 guard 1: dilation permits deferral
  ---
  duration_ms: 5.71125
  type: 'test'
  ...
# Subtest: DEFER-1 guard 2: the complete seed has exactly one deferrable definition
ok 12 - DEFER-1 guard 2: the complete seed has exactly one deferrable definition
  ---
  duration_ms: 5.893583
  type: 'test'
  ...
# Subtest: DEFER-1 guard 3: stateDefinition factory output does not grant deferral
ok 13 - DEFER-1 guard 3: stateDefinition factory output does not grant deferral
  ---
  duration_ms: 5.839125
  type: 'test'
  ...
# Subtest: contract is frozen from Medplum 5.1.8's published definition bundles
ok 14 - contract is frozen from Medplum 5.1.8's published definition bundles
  ---
  duration_ms: 0.590459
  type: 'test'
  ...
# Subtest: historical ChargeItem status search is rejected while known-valid searches pass
ok 15 - historical ChargeItem status search is rejected while known-valid searches pass
  ---
  duration_ms: 0.34325
  type: 'test'
  ...
# Subtest: all direct fhir.search call sites are statically resolved or explicitly dynamic
ok 16 - all direct fhir.search call sites are statically resolved or explicitly dynamic
  ---
  duration_ms: 395.239375
  type: 'test'
  ...
# Subtest: static audit finds zero invalid search parameters
ok 17 - static audit finds zero invalid search parameters
  ---
  duration_ms: 275.675125
  type: 'test'
  ...
# Subtest: static audit rejects a mistyped dynamic override key
ok 18 - static audit rejects a mistyped dynamic override key
  ---
  duration_ms: 267.866334
  type: 'test'
  ...
1..18
# tests 18
# suites 0
# pass 18
# fail 0
# cancelled 0
# skipped 0
# todo 0
# duration_ms 1393.128667
