TAP version 13
# Subtest: T18 Assessment origin uses finding home sources
not ok 1 - T18 Assessment origin uses finding home sources
  ---
  duration_ms: 20.59625
  type: 'test'
  location: '/Users/ericr.bang/GitHub/ODOS2020/.worktrees/r10-a3-2/ui/tests/r10A3ReleaseScenarios.test.ts:1:8680'
  failureType: 'testCodeFailure'
  error: 'Assessment must display canonical origin from finding homeSources even when Condition.evidence is absent'
  code: 'ERR_ASSERTION'
  name: 'AssertionError'
  expected:
  actual: 'AssessmentVisit diagnoses are separate from the longitudinal problem list.ClearSave as Protocol1 visit diagnosesPrincipal▾PrincipalSecondaryOU▾ODOSOUDiagnosis / ICD-10Selected: Myopia, bilateralAdd diagnosisSynthetic diagnosisPossible · active · UncodedConfirmDiscard'
  operator: 'match'
  stack: |-
    withTransport.proposed (/Users/ericr.bang/GitHub/ODOS2020/.worktrees/r10-a3-2/ui/tests/r10A3ReleaseScenarios.test.ts:116:14)
    async withTransport (/Users/ericr.bang/GitHub/ODOS2020/.worktrees/r10-a3-2/ui/tests/r10A3ReleaseScenarios.test.ts:61:9)
    async TestContext.<anonymous> (/Users/ericr.bang/GitHub/ODOS2020/.worktrees/r10-a3-2/ui/tests/r10A3ReleaseScenarios.test.ts:109:3)
    async Test.run (node:internal/test_runner/test:1054:7)
    async startSubtestAfterBootstrap (node:internal/test_runner/harness:296:3)
  ...
1..1
# tests 1
# suites 0
# pass 0
# fail 1
# cancelled 0
# skipped 0
# todo 0
# duration_ms 303.958833
