TAP version 13
# Subtest: T15 Ocular Health picker accepts a canonical view without one observation id
ok 1 - T15 Ocular Health picker accepts a canonical view without one observation id
  ---
  duration_ms: 18.783041
  type: 'test'
  ...
# Subtest: T16 DiagnosisPicker proposal evidence resolves through finding homes
ok 2 - T16 DiagnosisPicker proposal evidence resolves through finding homes
  ---
  duration_ms: 2.061375
  type: 'test'
  ...
# Subtest: T17 Ocular Health picks link fact targets
ok 3 - T17 Ocular Health picks link fact targets
  ---
  duration_ms: 8.76125
  type: 'test'
  ...
# Subtest: T18 Assessment origin uses finding home sources
ok 4 - T18 Assessment origin uses finding home sources
  ---
  duration_ms: 4.958667
  type: 'test'
  ...
# Subtest: T4 Ocular Health hydrates current canonical facts and leaves cleared facts unchecked
ok 5 - T4 Ocular Health hydrates current canonical facts and leaves cleared facts unchecked
  ---
  duration_ms: 14.934708
  type: 'test'
  ...
# Subtest: T5 Ocular Health deselection writes the loaded canonical owner and preserves the other eye
ok 6 - T5 Ocular Health deselection writes the loaded canonical owner and preserves the other eye
  ---
  duration_ms: 23.654458
  type: 'test'
  ...
# Subtest: T6 Ocular Health All Normal skips an eye with a canonical positive
ok 7 - T6 Ocular Health All Normal skips an eye with a canonical positive
  ---
  duration_ms: 17.186
  type: 'test'
  ...
# Subtest: T21 pre-rebuild Ocular Health is labelled and has no save control
ok 8 - T21 pre-rebuild Ocular Health is labelled and has no save control
  ---
  duration_ms: 8.296791
  type: 'test'
  ...
# Subtest: T22 Ocular Health UI writes only canonical fact and panel identities
ok 9 - T22 Ocular Health UI writes only canonical fact and panel identities
  ---
  duration_ms: 13.458333
  type: 'test'
  ...
1..9
# tests 9
# suites 0
# pass 9
# fail 0
# cancelled 0
# skipped 0
# todo 0
# duration_ms 425.461
