TAP version 13
# Subtest: W134 diagnosis door names the closed-encounter refusal
not ok 1 - W134 diagnosis door names the closed-encounter refusal
  ---
  duration_ms: 1.994209
  type: 'test'
  location: '/Users/ericr.bang/GitHub/ODOS2020/.worktrees/r10-a3-2/ui/tests/r10A3ReleaseScenarios.test.ts:1:16083'
  failureType: 'testCodeFailure'
  error: |-
    Expected values to be strictly equal:
    + actual - expected

    + 'Read only'
    - 'Signed or closed visit'

  code: 'ERR_ASSERTION'
  name: 'AssertionError'
  expected: 'Signed or closed visit'
  actual: 'Read only'
  operator: 'strictEqual'
  stack: |-
    TestContext.<anonymous> (/Users/ericr.bang/GitHub/ODOS2020/.worktrees/r10-a3-2/ui/tests/r10A3ReleaseScenarios.test.ts:216:10)
    async Test.run (node:internal/test_runner/test:1054:7)
    async startSubtestAfterBootstrap (node:internal/test_runner/harness:296:3)
  ...
1..1
# tests 1
# suites 0
# pass 0
# fail 1
# cancelled 0
# skipped 0
# todo 0
# duration_ms 248.011209
