TAP version 13
# Subtest: EXAM-1B browser names partial failure and retries only the failed structure
not ok 1 - EXAM-1B browser names partial failure and retries only the failed structure
  ---
  duration_ms: 32620.827416
  type: 'test'
  location: '/Users/ericr.bang/GitHub/ODOS2020/.worktrees/r10-a3-2/ui/tests/entrySheets.test.tsx:1:43828'
  failureType: 'testCodeFailure'
  error: |-
    locator.waitFor: Timeout 30000ms exceeded.
    Call log:
    [2m  - waiting for getByText('3/3 ocular-health structures saved', { exact: true }) to be visible[22m

  code: 'ERR_TEST_FAILURE'
  name: 'TimeoutError'
  stack: |-
    TestContext.<anonymous> (/Users/ericr.bang/GitHub/ODOS2020/.worktrees/r10-a3-2/ui/tests/entrySheets.test.tsx:1133:81)
  ...
1..1
# tests 1
# suites 0
# pass 0
# fail 1
# cancelled 0
# skipped 0
# todo 0
# duration_ms 33649.610084
