TAP version 13
# Subtest: W90 door-put refuses a closed encounter before clinical or audit writes
ok 1 - W90 door-put refuses a closed encounter before clinical or audit writes
  ---
  duration_ms: 3.276458
  type: 'test'
  ...
# Subtest: W90 door-audit-repair refuses a closed encounter before clinical or audit writes
ok 2 - W90 door-audit-repair refuses a closed encounter before clinical or audit writes
  ---
  duration_ms: 0.773792
  type: 'test'
  ...
# Subtest: W90 pick refuses a closed encounter before Condition or Encounter writes
ok 3 - W90 pick refuses a closed encounter before Condition or Encounter writes
  ---
  duration_ms: 0.534625
  type: 'test'
  ...
# Subtest: W111 door returns closure observed after a confirmed command
ok 4 - W111 door returns closure observed after a confirmed command
  ---
  duration_ms: 2.97475
  type: 'test'
  ...
# Subtest: W65 W93 non-shared checkbox definition remains editable but its key is refused by the finding door
ok 5 - W65 W93 non-shared checkbox definition remains editable but its key is refused by the finding door
  ---
  duration_ms: 1.3345
  type: 'test'
  ...
# Subtest: W94 W117 stored select-panel-only mapping produces a candidate without finding supports or evidence reference
ok 6 - W94 W117 stored select-panel-only mapping produces a candidate without finding supports or evidence reference
  ---
  duration_ms: 13.278167
  type: 'test'
  ...
# Subtest: W94 W117 stored select-with-live-fact mapping produces a candidate without finding supports or evidence reference
ok 7 - W94 W117 stored select-with-live-fact mapping produces a candidate without finding supports or evidence reference
  ---
  duration_ms: 9.582125
  type: 'test'
  ...
# Subtest: W94 W117 stored numeric-TBUT-panel-only mapping produces a candidate without finding supports or evidence reference
ok 8 - W94 W117 stored numeric-TBUT-panel-only mapping produces a candidate without finding supports or evidence reference
  ---
  duration_ms: 8.41175
  type: 'test'
  ...
# Subtest: W93 finding GET searchIndex excludes shared select number and non-shared checkbox fields
ok 9 - W93 finding GET searchIndex excludes shared select number and non-shared checkbox fields
  ---
  duration_ms: 1.420958
  type: 'test'
  ...
# Subtest: W92 inactive historical fact remains a labelled read-only row through actual GET
ok 10 - W92 inactive historical fact remains a labelled read-only row through actual GET
  ---
  duration_ms: 0.948416
  type: 'test'
  ...
# Subtest: W111 review closure read failure preserves door-put command response
ok 11 - W111 review closure read failure preserves door-put command response
  ---
  duration_ms: 5.304292
  type: 'test'
  ...
# Subtest: W111 review closure read failure preserves door-audit-repair command response
ok 12 - W111 review closure read failure preserves door-audit-repair command response
  ---
  duration_ms: 1.214958
  type: 'test'
  ...
# Subtest: W94 review candidate dedupe preserves input objects and unions support
ok 13 - W94 review candidate dedupe preserves input objects and unions support
  ---
  duration_ms: 0.199583
  type: 'test'
  ...
# Subtest: W111 review closure read failure preserves pick command response
ok 14 - W111 review closure read failure preserves pick command response
  ---
  duration_ms: 2.089667
  type: 'test'
  ...
1..14
# tests 14
# suites 0
# pass 14
# fail 0
# cancelled 0
# skipped 0
# todo 0
# duration_ms 238.328208
