TAP version 13
# The above error occurred in the <EyePanel> component:
#     at EyePanel (/Users/ericr.bang/GitHub/ODOS2020/.worktrees/r10-a3-2/ui/src/components/charting/OcularHealthSection.tsx:622:21)
#     at div
#     at article
#     at div
#     at div
#     at div
#     at div
#     at section
#     at OcularHealthSection (/Users/ericr.bang/GitHub/ODOS2020/.worktrees/r10-a3-2/ui/src/components/charting/OcularHealthSection.tsx:111:3)
# Consider adding an error boundary to your tree to customize error handling behavior.
# Visit https://reactjs.org/link/error-boundaries to learn more about error boundaries.
# The above error occurred in the <EyePanel> component:
#     at EyePanel (/Users/ericr.bang/GitHub/ODOS2020/.worktrees/r10-a3-2/ui/src/components/charting/OcularHealthSection.tsx:622:21)
#     at div
#     at article
#     at div
#     at div
#     at div
#     at div
#     at section
#     at OcularHealthSection (/Users/ericr.bang/GitHub/ODOS2020/.worktrees/r10-a3-2/ui/src/components/charting/OcularHealthSection.tsx:111:3)
# Consider adding an error boundary to your tree to customize error handling behavior.
# Visit https://reactjs.org/link/error-boundaries to learn more about error boundaries.
# The above error occurred in the <EyePanel> component:
#     at EyePanel (/Users/ericr.bang/GitHub/ODOS2020/.worktrees/r10-a3-2/ui/src/components/charting/OcularHealthSection.tsx:622:21)
#     at div
#     at article
#     at div
#     at div
#     at div
#     at div
#     at section
#     at OcularHealthSection (/Users/ericr.bang/GitHub/ODOS2020/.worktrees/r10-a3-2/ui/src/components/charting/OcularHealthSection.tsx:111:3)
# Consider adding an error boundary to your tree to customize error handling behavior.
# Visit https://reactjs.org/link/error-boundaries to learn more about error boundaries.
# The above error occurred in the <EyePanel> component:
#     at EyePanel (/Users/ericr.bang/GitHub/ODOS2020/.worktrees/r10-a3-2/ui/src/components/charting/OcularHealthSection.tsx:622:21)
#     at div
#     at article
#     at div
#     at div
#     at div
#     at div
#     at section
#     at OcularHealthSection (/Users/ericr.bang/GitHub/ODOS2020/.worktrees/r10-a3-2/ui/src/components/charting/OcularHealthSection.tsx:111:3)
# Consider adding an error boundary to your tree to customize error handling behavior.
# Visit https://reactjs.org/link/error-boundaries to learn more about error boundaries.
# Subtest: SWEEP-1 guard 1 REAL SEED: Anterior All Normal posts only requests accepted by the real capture handler
not ok 1 - SWEEP-1 guard 1 REAL SEED: Anterior All Normal posts only requests accepted by the real capture handler
  ---
  duration_ms: 135.699291
  type: 'test'
  location: '/Users/ericr.bang/GitHub/ODOS2020/.worktrees/r10-a3-2/ui/tests/ocularSweepValueOnly.test.tsx:1:1549'
  failureType: 'unhandledRejection'
  error: "Cannot read properties of undefined (reading 'length')"
  code: 'ERR_TEST_FAILURE'
  name: 'TypeError'
  stack: |-
    EyePanel (/Users/ericr.bang/GitHub/ODOS2020/.worktrees/r10-a3-2/ui/src/components/charting/OcularHealthSection.tsx:661:51)
    renderWithHooks (/Users/ericr.bang/GitHub/ODOS2020/.worktrees/r10-a3-2/ui/node_modules/react-test-renderer/cjs/react-test-renderer.development.js:5608:18)
    mountIndeterminateComponent (/Users/ericr.bang/GitHub/ODOS2020/.worktrees/r10-a3-2/ui/node_modules/react-test-renderer/cjs/react-test-renderer.development.js:9884:13)
    beginWork (/Users/ericr.bang/GitHub/ODOS2020/.worktrees/r10-a3-2/ui/node_modules/react-test-renderer/cjs/react-test-renderer.development.js:11351:16)
    performUnitOfWork (/Users/ericr.bang/GitHub/ODOS2020/.worktrees/r10-a3-2/ui/node_modules/react-test-renderer/cjs/react-test-renderer.development.js:15850:12)
    workLoopSync (/Users/ericr.bang/GitHub/ODOS2020/.worktrees/r10-a3-2/ui/node_modules/react-test-renderer/cjs/react-test-renderer.development.js:15784:5)
    renderRootSync (/Users/ericr.bang/GitHub/ODOS2020/.worktrees/r10-a3-2/ui/node_modules/react-test-renderer/cjs/react-test-renderer.development.js:15756:7)
    performSyncWorkOnRoot (/Users/ericr.bang/GitHub/ODOS2020/.worktrees/r10-a3-2/ui/node_modules/react-test-renderer/cjs/react-test-renderer.development.js:15461:20)
    flushSyncCallbacks (/Users/ericr.bang/GitHub/ODOS2020/.worktrees/r10-a3-2/ui/node_modules/react-test-renderer/cjs/react-test-renderer.development.js:2597:22)
    flushSyncCallbacksOnlyInLegacyMode (/Users/ericr.bang/GitHub/ODOS2020/.worktrees/r10-a3-2/ui/node_modules/react-test-renderer/cjs/react-test-renderer.development.js:2576:5)
  ...
# Subtest: SWEEP-1 guard 2 FIXTURE: unseen anterior value-only definition is untouched
ok 2 - SWEEP-1 guard 2 FIXTURE: unseen anterior value-only definition is untouched
  ---
  duration_ms: 1.030917
  type: 'test'
  ...
# Subtest: SWEEP-1 guard 2 FIXTURE: unseen posterior value-only definition is untouched
ok 3 - SWEEP-1 guard 2 FIXTURE: unseen posterior value-only definition is untouched
  ---
  duration_ms: 0.107375
  type: 'test'
  ...
# Subtest: SWEEP-1 guard 3 REAL SEED: all 14 ordinary structures sweep both eyes with the frozen active scope
ok 4 - SWEEP-1 guard 3 REAL SEED: all 14 ordinary structures sweep both eyes with the frozen active scope
  ---
  duration_ms: 0.423417
  type: 'test'
  ...
# Subtest: SWEEP-1 guard 4 REAL SEED: Surface Staining has only values and remains untouched
ok 5 - SWEEP-1 guard 4 REAL SEED: Surface Staining has only values and remains untouched
  ---
  duration_ms: 0.167666
  type: 'test'
  ...
1..5
# tests 5
# suites 0
# pass 4
# fail 1
# cancelled 0
# skipped 0
# todo 0
# duration_ms 757.140209
