Collecting WeasyPrint==69.0
  Using cached weasyprint-69.0-py3-none-any.whl.metadata (3.8 kB)
Collecting pydyf>=0.11.0 (from WeasyPrint==69.0)
  Using cached pydyf-0.12.1-py3-none-any.whl.metadata (2.5 kB)
Collecting cffi>=0.6 (from WeasyPrint==69.0)
  Using cached cffi-2.1.1-cp312-cp312-macosx_11_0_arm64.whl.metadata (2.5 kB)
Collecting tinyhtml5>=2.0.0b1 (from WeasyPrint==69.0)
  Using cached tinyhtml5-2.1.0-py3-none-any.whl.metadata (2.9 kB)
Collecting tinycss2>=1.5.0 (from WeasyPrint==69.0)
  Using cached tinycss2-1.5.1-py3-none-any.whl.metadata (3.0 kB)
Collecting cssselect2>=0.8.0 (from WeasyPrint==69.0)
  Using cached cssselect2-0.10.1-py3-none-any.whl.metadata (2.9 kB)
Collecting Pyphen>=0.9.1 (from WeasyPrint==69.0)
  Using cached pyphen-0.18.1-py3-none-any.whl.metadata (3.4 kB)
Collecting Pillow>=9.1.0 (from WeasyPrint==69.0)
  Using cached pillow-12.3.0-cp312-cp312-macosx_11_0_arm64.whl.metadata (9.1 kB)
Collecting fonttools>=4.59.2 (from fonttools[woff]>=4.59.2->WeasyPrint==69.0)
  Downloading fonttools-4.65.0-cp312-cp312-macosx_10_13_universal2.whl.metadata (125 kB)
Collecting pycparser (from cffi>=0.6->WeasyPrint==69.0)
  Using cached pycparser-3.0-py3-none-any.whl.metadata (8.2 kB)
Collecting webencodings (from cssselect2>=0.8.0->WeasyPrint==69.0)
  Using cached webencodings-0.6.1-py3-none-any.whl.metadata (3.4 kB)
Collecting brotli>=1.0.1 (from fonttools[woff]>=4.59.2->WeasyPrint==69.0)
  Using cached brotli-1.2.0-cp312-cp312-macosx_10_13_universal2.whl.metadata (6.1 kB)
Collecting zopfli>=0.1.4 (from fonttools[woff]>=4.59.2->WeasyPrint==69.0)
  Using cached zopfli-0.4.3-cp310-abi3-macosx_10_9_universal2.whl.metadata (3.5 kB)
Using cached weasyprint-69.0-py3-none-any.whl (322 kB)
Using cached cffi-2.1.1-cp312-cp312-macosx_11_0_arm64.whl (184 kB)
Using cached cssselect2-0.10.1-py3-none-any.whl (15 kB)
Downloading fonttools-4.65.0-cp312-cp312-macosx_10_13_universal2.whl (3.1 MB)
   ━━━━━━━━━━━━━━━━━━━━━━━━━━━━━━━━━━━━━━━━ 3.1/3.1 MB 60.5 MB/s  0:00:00
Using cached brotli-1.2.0-cp312-cp312-macosx_10_13_universal2.whl (861 kB)
Using cached pillow-12.3.0-cp312-cp312-macosx_11_0_arm64.whl (4.8 MB)
Using cached pydyf-0.12.1-py3-none-any.whl (8.0 kB)
Using cached pyphen-0.18.1-py3-none-any.whl (2.1 MB)
Using cached tinycss2-1.5.1-py3-none-any.whl (28 kB)
Using cached tinyhtml5-2.1.0-py3-none-any.whl (39 kB)
Using cached webencodings-0.6.1-py3-none-any.whl (8.7 kB)
Using cached zopfli-0.4.3-cp310-abi3-macosx_10_9_universal2.whl (291 kB)
Using cached pycparser-3.0-py3-none-any.whl (48 kB)
Installing collected packages: brotli, zopfli, webencodings, Pyphen, pydyf, pycparser, Pillow, fonttools, tinyhtml5, tinycss2, cffi, cssselect2, WeasyPrint

Successfully installed Pillow-12.3.0 Pyphen-0.18.1 WeasyPrint-69.0 brotli-1.2.0 cffi-2.1.1 cssselect2-0.10.1 fonttools-4.65.0 pycparser-3.0 pydyf-0.12.1 tinycss2-1.5.1 tinyhtml5-2.1.0 webencodings-0.6.1 zopfli-0.4.3
