TAP version 13
# Age-of-majority guard clock: 2028-02-29T12:00:00.000Z
# (node:70489) ExperimentalWarning: The MockTimers API is an experimental feature and might change at any time
# (Use `node --trace-warnings ...` to show where the warning was created)
# <workspace>/ui/src/lib/patient-registration.ts:104
#   if (Object.keys(errors).length) throw new Error(Object.values(errors).join(" "));
#                                         ^
# Error: Date of birth must be a valid YYYY-MM-DD date.
#     at buildPatientResource (<workspace>/ui/src/lib/patient-registration.ts:104:41)
#     at <anonymous> (<workspace>/ui/tests/ageOfMajority.test.tsx:17:57)
#     at ModuleJob.run (node:internal/modules/esm/module_job:343:25)
#     at async onImport.tracePromise.__proto__ (node:internal/modules/esm/loader:681:26)
#     at async asyncRunEntryPointWithESMLoader (node:internal/modules/run_main:117:5)
# Node.js v22.22.3
# Subtest: tests/ageOfMajority.test.tsx
not ok 1 - tests/ageOfMajority.test.tsx
  ---
  duration_ms: 147.929791
  type: 'test'
  location: '<workspace>/ui/tests/ageOfMajority.test.tsx:1:1'
  failureType: 'testCodeFailure'
  exitCode: 1
  signal: ~
  error: 'test failed'
  code: 'ERR_TEST_FAILURE'
  ...
1..1
# tests 1
# suites 0
# pass 0
# fail 1
# cancelled 0
# skipped 0
# todo 0
# duration_ms 151.870208
