TAP version 13
# Age-of-majority guard clock: 2026-09-15T12:00:00.000Z
# (node:70483) ExperimentalWarning: The MockTimers API is an experimental feature and might change at any time
# (Use `node --trace-warnings ...` to show where the warning was created)
# Subtest: D6 UI setting 21 routes a 19-year-old to the guardian through shared isMinorOn
ok 1 - D6 UI setting 21 routes a 19-year-old to the guardian through shared isMinorOn
  ---
  duration_ms: 17.539208
  type: 'test'
  ...
# Subtest: D7 UI missing setting is visible and exposes neither patient nor guardian recipients
ok 2 - D7 UI missing setting is visible and exposes neither patient nor guardian recipients
  ---
  duration_ms: 3.682792
  type: 'test'
  ...
# Subtest: D7 UI invalid setting is visible and exposes neither patient nor guardian recipients
ok 3 - D7 UI invalid setting is visible and exposes neither patient nor guardian recipients
  ---
  duration_ms: 1.688333
  type: 'test'
  ...
# Subtest: settings saves writer-derived value with loaded version and shows current value
ok 4 - settings saves writer-derived value with loaded version and shows current value
  ---
  duration_ms: 1.753417
  type: 'test'
  ...
# Subtest: D7 UI reopening after setting deletion clears previously loaded guardian recipients
ok 5 - D7 UI reopening after setting deletion clears previously loaded guardian recipients
  ---
  duration_ms: 2.944584
  type: 'test'
  ...
# Subtest: D7 UI duplicate singleton search refuses ambiguity and Engage exposes no recipients
ok 6 - D7 UI duplicate singleton search refuses ambiguity and Engage exposes no recipients
  ---
  duration_ms: 1.393084
  type: 'test'
  ...
1..6
# tests 6
# suites 0
# pass 6
# fail 0
# cancelled 0
# skipped 0
# todo 0
# duration_ms 160.251708
