TAP version 13
1..0
# Subtest: tests/guarantorEditor.test.tsx
ok 1 - tests/guarantorEditor.test.tsx
  ---
  duration_ms: 224.488125
  type: 'test'
  ...
# Subtest: F1a repair fences generation after fresh child read
not ok 2 - F1a repair fences generation after fresh child read
  ---
  duration_ms: 20.29475
  type: 'test'
  location: '/Users/ericr.bang/GitHub/ODOS2020/.worktrees/guarantor-f1/ui/tests/guarantorPropagation.test.tsx:1:11184'
  failureType: 'testCodeFailure'
  error: |-
    Expected values to be strictly deep-equal:
    + actual - expected
    
    + [
    +   'PUT RelatedPerson/a',
    +   'PUT RelatedPerson/b'
    + ]
    - []
    
  code: 'ERR_ASSERTION'
  name: 'AssertionError'
  expected:
  actual:
    0: 'PUT RelatedPerson/a'
    1: 'PUT RelatedPerson/b'
  operator: 'deepStrictEqual'
  stack: |-
    <anonymous> (/Users/ericr.bang/GitHub/ODOS2020/.worktrees/guarantor-f1/ui/tests/guarantorPropagation.test.tsx:421:10)
    async fixture (/Users/ericr.bang/GitHub/ODOS2020/.worktrees/guarantor-f1/ui/tests/guarantorPropagation.test.tsx:141:5)
    async Test.run (node:internal/test_runner/test:1054:7)
    async startSubtestAfterBootstrap (node:internal/test_runner/harness:296:3)
  ...
# Subtest: F1b repair fences moved ownership after fresh child read
not ok 3 - F1b repair fences moved ownership after fresh child read
  ---
  duration_ms: 2.009125
  type: 'test'
  location: '/Users/ericr.bang/GitHub/ODOS2020/.worktrees/guarantor-f1/ui/tests/guarantorPropagation.test.tsx:1:11731'
  failureType: 'testCodeFailure'
  error: |-
    Expected values to be strictly deep-equal:
    + actual - expected
    
    + [
    +   'PUT RelatedPerson/a',
    +   'PUT RelatedPerson/b'
    + ]
    - []
    
  code: 'ERR_ASSERTION'
  name: 'AssertionError'
  expected:
  actual:
    0: 'PUT RelatedPerson/a'
    1: 'PUT RelatedPerson/b'
  operator: 'deepStrictEqual'
  stack: |-
    <anonymous> (/Users/ericr.bang/GitHub/ODOS2020/.worktrees/guarantor-f1/ui/tests/guarantorPropagation.test.tsx:440:10)
    async fixture (/Users/ericr.bang/GitHub/ODOS2020/.worktrees/guarantor-f1/ui/tests/guarantorPropagation.test.tsx:141:5)
    async Test.run (node:internal/test_runner/test:1054:7)
    async Test.processPendingSubtests (node:internal/test_runner/test:744:7)
  ...
1..3
# tests 3
# suites 0
# pass 1
# fail 2
# cancelled 0
# skipped 0
# todo 0
# duration_ms 231.595708
