TAP version 13
1..0
# Subtest: tests/guarantorEditor.test.tsx
ok 1 - tests/guarantorEditor.test.tsx
  ---
  duration_ms: 206.335333
  type: 'test'
  ...
# Subtest: F1a repair fences generation after fresh child read
ok 2 - F1a repair fences generation after fresh child read
  ---
  duration_ms: 15.757291
  type: 'test'
  ...
# Subtest: F1b repair fences moved ownership after fresh child read
ok 3 - F1b repair fences moved ownership after fresh child read
  ---
  duration_ms: 1.193625
  type: 'test'
  ...
1..3
# tests 3
# suites 0
# pass 3
# fail 0
# cancelled 0
# skipped 0
# todo 0
# duration_ms 209.486375
