TAP version 13
1..0
# Subtest: tests/guarantorEditor.test.tsx
ok 1 - tests/guarantorEditor.test.tsx
  ---
  duration_ms: 216.697792
  type: 'test'
  ...
# Subtest: F1e superseded message does not promise absent Repair
not ok 2 - F1e superseded message does not promise absent Repair
  ---
  duration_ms: 16.652709
  type: 'test'
  location: '/Users/ericr.bang/GitHub/ODOS2020/.worktrees/guarantor-f1/ui/tests/guarantorPropagation.test.tsx:1:13765'
  failureType: 'testCodeFailure'
  error: |-
    The input was expected to not match the regular expression /repair/i. Input:
    
    'A newer guarantor edit superseded this generation. Repair will use the current guarantor record.'
    
  code: 'ERR_ASSERTION'
  name: 'AssertionError'
  expected:
  actual: 'A newer guarantor edit superseded this generation. Repair will use the current guarantor record.'
  operator: 'doesNotMatch'
  stack: |-
    <anonymous> (/Users/ericr.bang/GitHub/ODOS2020/.worktrees/guarantor-f1/ui/tests/guarantorPropagation.test.tsx:492:10)
    async fixture (/Users/ericr.bang/GitHub/ODOS2020/.worktrees/guarantor-f1/ui/tests/guarantorPropagation.test.tsx:141:5)
    async Test.run (node:internal/test_runner/test:1054:7)
    async startSubtestAfterBootstrap (node:internal/test_runner/harness:296:3)
  ...
1..2
# tests 2
# suites 0
# pass 1
# fail 1
# cancelled 0
# skipped 0
# todo 0
# duration_ms 220.022333
