TAP version 13
# Subtest: F1 moved generation stays superseded if trailing verification fails
not ok 1 - F1 moved generation stays superseded if trailing verification fails
  ---
  duration_ms: 18.384042
  type: 'test'
  location: '/Users/ericr.bang/GitHub/ODOS2020/.worktrees/guarantor-f1/ui/tests/guarantorPropagation.test.tsx:1:14665'
  failureType: 'testCodeFailure'
  error: |-
    Expected values to be strictly equal:
    + actual - expected
    
    + 'unknown'
    - 'superseded'
    
  code: 'ERR_ASSERTION'
  name: 'AssertionError'
  expected: 'superseded'
  actual: 'unknown'
  operator: 'strictEqual'
  stack: |-
    <anonymous> (/Users/ericr.bang/GitHub/ODOS2020/.worktrees/guarantor-f1/ui/tests/guarantorPropagation.test.tsx:526:12)
    async fixture (/Users/ericr.bang/GitHub/ODOS2020/.worktrees/guarantor-f1/ui/tests/guarantorPropagation.test.tsx:141:5)
    async TestContext.<anonymous> (/Users/ericr.bang/GitHub/ODOS2020/.worktrees/guarantor-f1/ui/tests/guarantorPropagation.test.tsx:512:39)
    async Test.run (node:internal/test_runner/test:1054:7)
    async startSubtestAfterBootstrap (node:internal/test_runner/harness:296:3)
  ...
1..1
# tests 1
# suites 0
# pass 0
# fail 1
# cancelled 0
# skipped 0
# todo 0
# duration_ms 205.082667
