TAP version 13
# Subtest: D7 UI missing setting is visible and exposes neither patient nor guardian recipients
not ok 1 - D7 UI missing setting is visible and exposes neither patient nor guardian recipients
  ---
  duration_ms: 1.31775
  type: 'test'
  location: '/Users/ericr.bang/GitHub/ODOS2020/.worktrees/majority-ui-rebase/ui/tests/ageOfMajority.test.tsx:1:3172'
  failureType: 'testCodeFailure'
  error: 'Missing expected exception.'
  code: 'ERR_ASSERTION'
  name: 'AssertionError'
  expected:
  operator: 'throws'
  stack: |-
    TestContext.<anonymous> (/Users/ericr.bang/GitHub/ODOS2020/.worktrees/majority-ui-rebase/ui/tests/ageOfMajority.test.tsx:49:12)
    Test.runInAsyncScope (node:async_hooks:214:14)
    Test.run (node:internal/test_runner/test:1047:25)
    Test.start (node:internal/test_runner/test:944:17)
    startSubtestAfterBootstrap (node:internal/test_runner/harness:296:17)
  ...
1..1
# tests 1
# suites 0
# pass 0
# fail 1
# cancelled 0
# skipped 0
# todo 0
# duration_ms 231.286417
