TAP version 13
# Subtest: preferences GET returns effective matrix and evidence rows
ok 1 - preferences GET returns effective matrix and evidence rows
  ---
  duration_ms: 22.986042
  type: 'test'
  ...
# Subtest: G2 preferences PUT all twenty ON leaves STOP extensions unchanged
ok 2 - G2 preferences PUT all twenty ON leaves STOP extensions unchanged
  ---
  duration_ms: 15.393167
  type: 'test'
  ...
# Subtest: G6 preferences PUT requires actual preferences business action
ok 3 - G6 preferences PUT requires actual preferences business action
  ---
  duration_ms: 2.401709
  type: 'test'
  ...
# Subtest: G6 removing preferences action from staff declaration refuses PUT
ok 4 - G6 removing preferences action from staff declaration refuses PUT
  ---
  duration_ms: 1.65025
  type: 'test'
  ...
# Subtest: G21 preference PUT optimistic conflict returns 409
ok 5 - G21 preference PUT optimistic conflict returns 409
  ---
  duration_ms: 2.23525
  type: 'test'
  ...
# Subtest: evidence POST uses an atomic Patient Consent Provenance transaction and preserves cells
ok 6 - evidence POST uses an atomic Patient Consent Provenance transaction and preserves cells
  ---
  duration_ms: 4.854833
  type: 'test'
  ...
# Subtest: preferences routes reject invalid enums duplicates dates and phone keys
ok 7 - preferences routes reject invalid enums duplicates dates and phone keys
  ---
  duration_ms: 7.976416
  type: 'test'
  ...
# Subtest: evidence gaps routes provide JSON and CSV and reject arbitrary URL cursor
ok 8 - evidence gaps routes provide JSON and CSV and reject arbitrary URL cursor
  ---
  duration_ms: 3.750833
  type: 'test'
  ...
# Subtest: CSV evidence report exposes truncation and continuation even with zero rows
ok 9 - CSV evidence report exposes truncation and continuation even with zero rows
  ---
  duration_ms: 90.423583
  type: 'test'
  ...
# Subtest: preferences GET audit identifies the queried patient
ok 10 - preferences GET audit identifies the queried patient
  ---
  duration_ms: 3.035291
  type: 'test'
  ...
1..10
# tests 10
# suites 0
# pass 10
# fail 0
# cancelled 0
# skipped 0
# todo 0
# duration_ms 682.361292
