Working directory: ui
Command: node --import tsx --test tests/communicationPreferencesControl.test.tsx
Captured process exit: 0
TAP version 13
# Subtest: M1 STOP cells are locked amber labels, never checkboxes; default and legacy states remain distinct
ok 1 - M1 STOP cells are locked amber labels, never checkboxes; default and legacy states remain distinct
  ---
  duration_ms: 17.352042
  type: 'test'
  ...
# Subtest: M7 unconfirmed patient save sends only changed cells and reports the server version
ok 2 - M7 unconfirmed patient save sends only changed cells and reports the server version
  ---
  duration_ms: 5.079042
  type: 'test'
  ...
# Subtest: M7 patient paper confirmation sends all twenty cells and evidence fields
ok 3 - M7 patient paper confirmation sends all twenty cells and evidence fields
  ---
  duration_ms: 4.300375
  type: 'test'
  ...
# Subtest: patient paper confirmation with no date refuses to send
ok 4 - patient paper confirmation with no date refuses to send
  ---
  duration_ms: 2.33175
  type: 'test'
  ...
# Subtest: 403 leaves the loaded grid read-only with the permission message
ok 5 - 403 leaves the loaded grid read-only with the permission message
  ---
  duration_ms: 2.66675
  type: 'test'
  ...
# Subtest: 409 rereads the grid, discards stale changes, and never calls the successful-write callback
ok 6 - 409 rereads the grid, discards stale changes, and never calls the successful-write callback
  ---
  duration_ms: 3.309125
  type: 'test'
  ...
# Subtest: M14 a preferences GET 5xx renders the malformed-record message and no grid
ok 7 - M14 a preferences GET 5xx renders the malformed-record message and no grid
  ---
  duration_ms: 0.632625
  type: 'test'
  ...
# Subtest: registration reads server defaults and D2 sends only changes unless the grid is confirmed
ok 8 - registration reads server defaults and D2 sends only changes unless the grid is confirmed
  ---
  duration_ms: 1.884875
  type: 'test'
  ...
# Subtest: registration paper confirmation includes the date and twenty cells
ok 9 - registration paper confirmation includes the date and twenty cells
  ---
  duration_ms: 1.6445
  type: 'test'
  ...
# Subtest: external refresh preserves unsaved changes while new STOP state locks the cell
ok 10 - external refresh preserves unsaved changes while new STOP state locks the cell
  ---
  duration_ms: 2.105667
  type: 'test'
  ...
# Subtest: evidence warning amber is reserved for uncovered marketing Text and last setter is shown
ok 11 - evidence warning amber is reserved for uncovered marketing Text and last setter is shown
  ---
  duration_ms: 0.97575
  type: 'test'
  ...
# Subtest: M14 failed refresh removes a previously loaded grid instead of leaving editable stale preferences
ok 12 - M14 failed refresh removes a previously loaded grid instead of leaving editable stale preferences
  ---
  duration_ms: 1.302083
  type: 'test'
  ...
# Subtest: bulk selection never changes a suppressed cell in an unconfirmed write
ok 13 - bulk selection never changes a suppressed cell in an unconfirmed write
  ---
  duration_ms: 2.892125
  type: 'test'
  ...
# Subtest: a late rejected 409 reread cannot hide a different patient's freshly loaded grid
ok 14 - a late rejected 409 reread cannot hide a different patient's freshly loaded grid
  ---
  duration_ms: 2.269333
  type: 'test'
  ...
# Subtest: evidence without capture metadata uses a neutral label instead of inventing an in-person confirmation
ok 15 - evidence without capture metadata uses a neutral label instead of inventing an in-person confirmation
  ---
  duration_ms: 0.787459
  type: 'test'
  ...
1..15
# tests 15
# suites 0
# pass 15
# fail 0
# cancelled 0
# skipped 0
# todo 0
# duration_ms 417.253375
