Working directory: ui
Command: node --import tsx --test tests/communicationPreferencesControl.test.tsx
Captured process exit: 1
TAP version 13
# Subtest: M1 STOP cells are locked amber labels, never checkboxes; default and legacy states remain distinct
not ok 1 - M1 STOP cells are locked amber labels, never checkboxes; default and legacy states remain distinct
  ---
  duration_ms: 17.559917
  type: 'test'
  location: 'ui/tests/communicationPreferencesControl.test.tsx:1:2209'
  failureType: 'testCodeFailure'
  error: |-
    Expected values to be strictly equal:

    20 !== 19

  code: 'ERR_ASSERTION'
  name: 'AssertionError'
  expected: 19
  actual: 20
  operator: 'strictEqual'
  stack: |-
    <anonymous> (ui/tests/communicationPreferencesControl.test.tsx:35:12)
    mount (ui/tests/communicationPreferencesControl.test.tsx:25:71)
    async TestContext.<anonymous> (ui/tests/communicationPreferencesControl.test.tsx:34:3)
    async Test.run (node:internal/test_runner/test:1054:7)
    async startSubtestAfterBootstrap (node:internal/test_runner/harness:296:3)
  ...
# Subtest: M7 unconfirmed patient save sends only changed cells and reports the server version
ok 2 - M7 unconfirmed patient save sends only changed cells and reports the server version
  ---
  duration_ms: 5.330541
  type: 'test'
  ...
# Subtest: M7 patient paper confirmation sends all twenty cells and evidence fields
ok 3 - M7 patient paper confirmation sends all twenty cells and evidence fields
  ---
  duration_ms: 4.977583
  type: 'test'
  ...
# Subtest: patient paper confirmation with no date refuses to send
ok 4 - patient paper confirmation with no date refuses to send
  ---
  duration_ms: 1.944042
  type: 'test'
  ...
# Subtest: 403 leaves the loaded grid read-only with the permission message
ok 5 - 403 leaves the loaded grid read-only with the permission message
  ---
  duration_ms: 3.083
  type: 'test'
  ...
# Subtest: 409 rereads the grid, discards stale changes, and never calls the successful-write callback
not ok 6 - 409 rereads the grid, discards stale changes, and never calls the successful-write callback
  ---
  duration_ms: 3.389167
  type: 'test'
  location: 'ui/tests/communicationPreferencesControl.test.tsx:1:6411'
  failureType: 'testCodeFailure'
  error: |-
    Expected values to be strictly equal:

    1 !== 0

  code: 'ERR_ASSERTION'
  name: 'AssertionError'
  expected: 0
  actual: 1
  operator: 'strictEqual'
  stack: |-
    <anonymous> (ui/tests/communicationPreferencesControl.test.tsx:100:12)
    async mount (ui/tests/communicationPreferencesControl.test.tsx:25:65)
    async TestContext.<anonymous> (ui/tests/communicationPreferencesControl.test.tsx:93:3)
    async Test.run (node:internal/test_runner/test:1054:7)
    async Test.processPendingSubtests (node:internal/test_runner/test:744:7)
  ...
# Subtest: M14 a preferences GET 5xx renders the malformed-record message and no grid
ok 7 - M14 a preferences GET 5xx renders the malformed-record message and no grid
  ---
  duration_ms: 0.745625
  type: 'test'
  ...
# Subtest: registration reads server defaults and D2 sends only changes unless the grid is confirmed
ok 8 - registration reads server defaults and D2 sends only changes unless the grid is confirmed
  ---
  duration_ms: 1.599125
  type: 'test'
  ...
# Subtest: registration paper confirmation includes the date and twenty cells
ok 9 - registration paper confirmation includes the date and twenty cells
  ---
  duration_ms: 1.726041
  type: 'test'
  ...
# Subtest: external refresh preserves unsaved changes while new STOP state locks the cell
not ok 10 - external refresh preserves unsaved changes while new STOP state locks the cell
  ---
  duration_ms: 2.309667
  type: 'test'
  location: 'ui/tests/communicationPreferencesControl.test.tsx:1:10049'
  failureType: 'testCodeFailure'
  error: |-
    Expected values to be strictly equal:

    1 !== 0

  code: 'ERR_ASSERTION'
  name: 'AssertionError'
  expected: 0
  actual: 1
  operator: 'strictEqual'
  stack: |-
    <anonymous> (ui/tests/communicationPreferencesControl.test.tsx:154:12)
    async mount (ui/tests/communicationPreferencesControl.test.tsx:25:65)
    async TestContext.<anonymous> (ui/tests/communicationPreferencesControl.test.tsx:150:3)
    async Test.run (node:internal/test_runner/test:1054:7)
    async Test.processPendingSubtests (node:internal/test_runner/test:744:7)
  ...
# Subtest: evidence warning amber is reserved for uncovered marketing Text and last setter is shown
ok 11 - evidence warning amber is reserved for uncovered marketing Text and last setter is shown
  ---
  duration_ms: 1.125125
  type: 'test'
  ...
# Subtest: M14 failed refresh removes a previously loaded grid instead of leaving editable stale preferences
ok 12 - M14 failed refresh removes a previously loaded grid instead of leaving editable stale preferences
  ---
  duration_ms: 1.406625
  type: 'test'
  ...
# Subtest: bulk selection never changes a suppressed cell in an unconfirmed write
not ok 13 - bulk selection never changes a suppressed cell in an unconfirmed write
  ---
  duration_ms: 3.861167
  type: 'test'
  location: 'ui/tests/communicationPreferencesControl.test.tsx:1:12348'
  failureType: 'testCodeFailure'
  error: |-
    Expected values to be strictly equal:

    1 !== 0

  code: 'ERR_ASSERTION'
  name: 'AssertionError'
  expected: 0
  actual: 1
  operator: 'strictEqual'
  stack: |-
    <anonymous> (ui/tests/communicationPreferencesControl.test.tsx:188:12)
    async mount (ui/tests/communicationPreferencesControl.test.tsx:25:65)
    async TestContext.<anonymous> (ui/tests/communicationPreferencesControl.test.tsx:184:3)
    async Test.run (node:internal/test_runner/test:1054:7)
    async Test.processPendingSubtests (node:internal/test_runner/test:744:7)
  ...
# Subtest: a late rejected 409 reread cannot hide a different patient's freshly loaded grid
ok 14 - a late rejected 409 reread cannot hide a different patient's freshly loaded grid
  ---
  duration_ms: 2.54625
  type: 'test'
  ...
# Subtest: evidence without capture metadata uses a neutral label instead of inventing an in-person confirmation
ok 15 - evidence without capture metadata uses a neutral label instead of inventing an in-person confirmation
  ---
  duration_ms: 0.80425
  type: 'test'
  ...
1..15
# tests 15
# suites 0
# pass 11
# fail 4
# cancelled 0
# skipped 0
# todo 0
# duration_ms 421.609458
