Working directory: ui
Command: node --import tsx --test tests/communicationPreferencesClient.test.tsx
Captured process exit: 0
TAP version 13
# Subtest: preferences client reads twenty cells and saves the exact payload with opaque versions
ok 1 - preferences client reads twenty cells and saves the exact payload with opaque versions
  ---
  duration_ms: 9.007292
  type: 'test'
  ...
# Subtest: M11 preferences client rejects malformed source
ok 2 - M11 preferences client rejects malformed source
  ---
  duration_ms: 0.360708
  type: 'test'
  ...
# Subtest: M11 preferences client rejects malformed evidenceStatus
ok 3 - M11 preferences client rejects malformed evidenceStatus
  ---
  duration_ms: 0.182709
  type: 'test'
  ...
# Subtest: M11 preferences client rejects malformed patientVersion
ok 4 - M11 preferences client rejects malformed patientVersion
  ---
  duration_ms: 0.206833
  type: 'test'
  ...
# Subtest: M11 preferences client rejects malformed matrix
ok 5 - M11 preferences client rejects malformed matrix
  ---
  duration_ms: 0.191458
  type: 'test'
  ...
# Subtest: M11 preferences client rejects malformed rows
ok 6 - M11 preferences client rejects malformed rows
  ---
  duration_ms: 0.146208
  type: 'test'
  ...
# Subtest: M11 preferences client rejects malformed metadata
ok 7 - M11 preferences client rejects malformed metadata
  ---
  duration_ms: 0.176833
  type: 'test'
  ...
# Subtest: M11 preferences client rejects malformed evidence
ok 8 - M11 preferences client rejects malformed evidence
  ---
  duration_ms: 0.662625
  type: 'test'
  ...
# Subtest: defaults parser requires every server boolean and version
ok 9 - defaults parser requires every server boolean and version
  ---
  duration_ms: 0.74875
  type: 'test'
  ...
# Subtest: opt-out parsers retain optional opaque versions and reject malformed present shapes
ok 10 - opt-out parsers retain optional opaque versions and reject malformed present shapes
  ---
  duration_ms: 1.039291
  type: 'test'
  ...
# Subtest: evidence client preserves filters, cursor, suppressed rows and CSV metadata
ok 11 - evidence client preserves filters, cursor, suppressed rows and CSV metadata
  ---
  duration_ms: 0.819958
  type: 'test'
  ...
# Subtest: education sent parser surfaces only the supported preference failure flag
ok 12 - education sent parser surfaces only the supported preference failure flag
  ---
  duration_ms: 0.140667
  type: 'test'
  ...
# Subtest: preference and CSV failures preserve HTTP status for recovery
ok 13 - preference and CSV failures preserve HTTP status for recovery
  ---
  duration_ms: 0.281875
  type: 'test'
  ...
1..13
# tests 13
# suites 0
# pass 13
# fail 0
# cancelled 0
# skipped 0
# todo 0
# duration_ms 362.212

Exit: 0
