Working directory: ui
Command: node --import tsx --test tests/communicationPreferencesClient.test.tsx
Captured process exit: 1
TAP version 13
# Subtest: preferences client reads twenty cells and saves the exact payload with opaque versions
ok 1 - preferences client reads twenty cells and saves the exact payload with opaque versions
  ---
  duration_ms: 8.90925
  type: 'test'
  ...
# Subtest: M11 preferences client rejects malformed source
ok 2 - M11 preferences client rejects malformed source
  ---
  duration_ms: 0.447041
  type: 'test'
  ...
# Subtest: M11 preferences client rejects malformed evidenceStatus
not ok 3 - M11 preferences client rejects malformed evidenceStatus
  ---
  duration_ms: 1.158209
  type: 'test'
  location: 'ui/tests/communicationPreferencesClient.test.tsx:1:2247'
  failureType: 'testCodeFailure'
  error: 'Missing expected rejection (CommunicationsResponseError).'
  code: 'ERR_ASSERTION'
  name: 'AssertionError'
  stack: |-
    async TestContext.<anonymous> (ui/tests/communicationPreferencesClient.test.tsx:31:3)
    async Test.run (node:internal/test_runner/test:1054:7)
    async Test.processPendingSubtests (node:internal/test_runner/test:744:7)
  ...
# Subtest: M11 preferences client rejects malformed patientVersion
ok 4 - M11 preferences client rejects malformed patientVersion
  ---
  duration_ms: 0.265333
  type: 'test'
  ...
# Subtest: M11 preferences client rejects malformed matrix
ok 5 - M11 preferences client rejects malformed matrix
  ---
  duration_ms: 0.199375
  type: 'test'
  ...
# Subtest: M11 preferences client rejects malformed rows
ok 6 - M11 preferences client rejects malformed rows
  ---
  duration_ms: 0.170875
  type: 'test'
  ...
# Subtest: M11 preferences client rejects malformed metadata
ok 7 - M11 preferences client rejects malformed metadata
  ---
  duration_ms: 0.181541
  type: 'test'
  ...
# Subtest: M11 preferences client rejects malformed evidence
ok 8 - M11 preferences client rejects malformed evidence
  ---
  duration_ms: 0.659875
  type: 'test'
  ...
# Subtest: defaults parser requires every server boolean and version
ok 9 - defaults parser requires every server boolean and version
  ---
  duration_ms: 0.50925
  type: 'test'
  ...
# Subtest: opt-out parsers retain optional opaque versions and reject malformed present shapes
ok 10 - opt-out parsers retain optional opaque versions and reject malformed present shapes
  ---
  duration_ms: 1.046083
  type: 'test'
  ...
# Subtest: evidence client preserves filters, cursor, suppressed rows and CSV metadata
ok 11 - evidence client preserves filters, cursor, suppressed rows and CSV metadata
  ---
  duration_ms: 0.827125
  type: 'test'
  ...
# Subtest: education sent parser surfaces only the supported preference failure flag
ok 12 - education sent parser surfaces only the supported preference failure flag
  ---
  duration_ms: 0.147042
  type: 'test'
  ...
# Subtest: preference and CSV failures preserve HTTP status for recovery
ok 13 - preference and CSV failures preserve HTTP status for recovery
  ---
  duration_ms: 0.304416
  type: 'test'
  ...
1..13
# tests 13
# suites 0
# pass 12
# fail 1
# cancelled 0
# skipped 0
# todo 0
# duration_ms 369.458791

Exit: 1
