Working directory: ui
Command: node --import tsx --test tests/communicationTextingChip.test.tsx
Captured process exit: 1
TAP version 13
# Subtest: M13 chart Texting blocked chip global
ok 1 - M13 chart Texting blocked chip global
  ---
  duration_ms: 17.941458
  type: 'test'
  ...
# Subtest: M13 chart Texting blocked chip per-number
not ok 2 - M13 chart Texting blocked chip per-number
  ---
  duration_ms: 4.728834
  type: 'test'
  location: 'ui/tests/communicationTextingChip.test.tsx:1:392'
  failureType: 'testCodeFailure'
  error: |-
    Expected values to be strictly equal:

    false !== true

  code: 'ERR_ASSERTION'
  name: 'AssertionError'
  expected: true
  actual: false
  operator: 'strictEqual'
  stack: |-
    TestContext.<anonymous> (ui/tests/communicationTextingChip.test.tsx:25:12)
    async Test.run (node:internal/test_runner/test:1054:7)
    async Test.processPendingSubtests (node:internal/test_runner/test:744:7)
  ...
# Subtest: M13 chart Texting blocked chip clear
ok 3 - M13 chart Texting blocked chip clear
  ---
  duration_ms: 2.723583
  type: 'test'
  ...
# Subtest: M13 chart Texting blocked chip unavailable
ok 4 - M13 chart Texting blocked chip unavailable
  ---
  duration_ms: 1.854417
  type: 'test'
  ...
1..4
# tests 4
# suites 0
# pass 3
# fail 1
# cancelled 0
# skipped 0
# todo 0
# duration_ms 514.644666
