Working directory: ui
Command: node --import tsx --test tests/communicationTextingChip.test.tsx
Captured process exit: 0
TAP version 13
# Subtest: M13 chart Texting blocked chip global
ok 1 - M13 chart Texting blocked chip global
  ---
  duration_ms: 16.924833
  type: 'test'
  ...
# Subtest: M13 chart Texting blocked chip per-number
ok 2 - M13 chart Texting blocked chip per-number
  ---
  duration_ms: 3.858583
  type: 'test'
  ...
# Subtest: M13 chart Texting blocked chip clear
ok 3 - M13 chart Texting blocked chip clear
  ---
  duration_ms: 2.239458
  type: 'test'
  ...
# Subtest: M13 chart Texting blocked chip unavailable
ok 4 - M13 chart Texting blocked chip unavailable
  ---
  duration_ms: 2.112084
  type: 'test'
  ...
1..4
# tests 4
# suites 0
# pass 4
# fail 0
# cancelled 0
# skipped 0
# todo 0
# duration_ms 508.722667
