Working directory: ui
Command: node --import tsx --test --test-concurrency=1 tests/communicationPreferencesConcurrency.test.tsx
Captured process exit: 1
TAP version 13
# Subtest: M2 preferences save adopts the post-write version while keeping the demographic draft
ok 1 - M2 preferences save adopts the post-write version while keeping the demographic draft
  ---
  duration_ms: 30.019417
  type: 'test'
  ...
# Subtest: M4 intervening write refuses adoption and leaves demographics conditional save stale
not ok 2 - M4 intervening write refuses adoption and leaves demographics conditional save stale
  ---
  duration_ms: 10.047709
  type: 'test'
  location: 'ui/tests/communicationPreferencesConcurrency.test.tsx:1:4065'
  failureType: 'testCodeFailure'
  error: |-
    The expression evaluated to a falsy value:

      assert.ok(f.renderer.root.findAllByProps({ role: "status" }).some(n => n.children.join("") === notice))

  code: 'ERR_ASSERTION'
  name: 'AssertionError'
  expected: true
  actual: false
  operator: '=='
  stack: |-
    TestContext.<anonymous> (ui/tests/communicationPreferencesConcurrency.test.tsx:56:14)
    async Test.run (node:internal/test_runner/test:1054:7)
    async Test.processPendingSubtests (node:internal/test_runner/test:744:7)
  ...
# Subtest: unknown version refuses adoption and leaves demographics conditional save stale
ok 3 - unknown version refuses adoption and leaves demographics conditional save stale
  ---
  duration_ms: 5.504209
  type: 'test'
  ...
# Subtest: fresh read version mismatch refuses adoption and leaves demographics conditional save stale
ok 4 - fresh read version mismatch refuses adoption and leaves demographics conditional save stale
  ---
  duration_ms: 4.922959
  type: 'test'
  ...
# Subtest: M15 dirty preferences warn and stay available until saved before demographics
ok 5 - M15 dirty preferences warn and stay available until saved before demographics
  ---
  duration_ms: 6.625167
  type: 'test'
  ...
# Subtest: M3 record opt-out adopts before saving demographics
ok 6 - M3 record opt-out adopts before saving demographics
  ---
  duration_ms: 4.506084
  type: 'test'
  ...
# Subtest: M3 clear opt-out adopts before saving demographics
ok 7 - M3 clear opt-out adopts before saving demographics
  ---
  duration_ms: 3.659208
  type: 'test'
  ...
# Subtest: opt-out record 409 recovery never reports an owned write
ok 8 - opt-out record 409 recovery never reports an owned write
  ---
  duration_ms: 1.632833
  type: 'test'
  ...
# Subtest: opt-out clear 409 recovery never reports an owned write
ok 9 - opt-out clear 409 recovery never reports an owned write
  ---
  duration_ms: 1.957541
  type: 'test'
  ...
1..9
# tests 9
# suites 0
# pass 8
# fail 1
# cancelled 0
# skipped 0
# todo 0
# duration_ms 473.964042
