Working directory: ui
Command: node --import tsx --test tests/communicationPreferencesControl.test.tsx tests/registrationCommunicationPreferences.test.tsx
Captured process exit: 1
TAP version 13
# Subtest: M1 STOP cells are locked amber labels, never checkboxes; default and legacy states remain distinct
ok 1 - M1 STOP cells are locked amber labels, never checkboxes; default and legacy states remain distinct
  ---
  duration_ms: 17.87225
  type: 'test'
  ...
# Subtest: M7 unconfirmed patient save sends only changed cells and reports the server version
ok 2 - M7 unconfirmed patient save sends only changed cells and reports the server version
  ---
  duration_ms: 4.949584
  type: 'test'
  ...
# Subtest: M7 patient paper confirmation sends all twenty cells and evidence fields
not ok 3 - M7 patient paper confirmation sends all twenty cells and evidence fields
  ---
  duration_ms: 3.449875
  type: 'test'
  location: 'ui/tests/communicationPreferencesControl.test.tsx:1:4381'
  failureType: 'testCodeFailure'
  error: "Cannot read properties of undefined (reading 'cells')"
  code: 'ERR_TEST_FAILURE'
  name: 'TypeError'
  stack: |-
    <anonymous> (ui/tests/communicationPreferencesControl.test.tsx:67:30)
    async mount (ui/tests/communicationPreferencesControl.test.tsx:25:65)
    async TestContext.<anonymous> (ui/tests/communicationPreferencesControl.test.tsx:63:3)
    async Test.run (node:internal/test_runner/test:1054:7)
    async Test.processPendingSubtests (node:internal/test_runner/test:744:7)
  ...
# Subtest: patient paper confirmation with no date refuses to send
ok 4 - patient paper confirmation with no date refuses to send
  ---
  duration_ms: 4.188833
  type: 'test'
  ...
# Subtest: 403 leaves the loaded grid read-only with the permission message
ok 5 - 403 leaves the loaded grid read-only with the permission message
  ---
  duration_ms: 3.035458
  type: 'test'
  ...
# Subtest: 409 rereads the grid, discards stale changes, and never calls the successful-write callback
ok 6 - 409 rereads the grid, discards stale changes, and never calls the successful-write callback
  ---
  duration_ms: 3.343917
  type: 'test'
  ...
# Subtest: M14 a preferences GET 5xx renders the malformed-record message and no grid
ok 7 - M14 a preferences GET 5xx renders the malformed-record message and no grid
  ---
  duration_ms: 0.775625
  type: 'test'
  ...
# Subtest: registration reads server defaults and D2 sends only changes unless the grid is confirmed
not ok 8 - registration reads server defaults and D2 sends only changes unless the grid is confirmed
  ---
  duration_ms: 2.047625
  type: 'test'
  location: 'ui/tests/communicationPreferencesControl.test.tsx:1:7752'
  failureType: 'testCodeFailure'
  error: |-
    Expected values to be strictly equal:

    0 !== 20

  code: 'ERR_ASSERTION'
  name: 'AssertionError'
  expected: 20
  actual: 0
  operator: 'strictEqual'
  stack: |-
    <anonymous> (ui/tests/communicationPreferencesControl.test.tsx:127:12)
    async mount (ui/tests/communicationPreferencesControl.test.tsx:25:65)
    async TestContext.<anonymous> (ui/tests/communicationPreferencesControl.test.tsx:120:3)
    async Test.run (node:internal/test_runner/test:1054:7)
    async Test.processPendingSubtests (node:internal/test_runner/test:744:7)
  ...
# Subtest: registration paper confirmation includes the date and twenty cells
not ok 9 - registration paper confirmation includes the date and twenty cells
  ---
  duration_ms: 1.772416
  type: 'test'
  location: 'ui/tests/communicationPreferencesControl.test.tsx:1:9216'
  failureType: 'testCodeFailure'
  error: |-
    Expected values to be strictly equal:

    0 !== 20

  code: 'ERR_ASSERTION'
  name: 'AssertionError'
  expected: 20
  actual: 0
  operator: 'strictEqual'
  stack: |-
    <anonymous> (ui/tests/communicationPreferencesControl.test.tsx:143:12)
    async mount (ui/tests/communicationPreferencesControl.test.tsx:25:65)
    async TestContext.<anonymous> (ui/tests/communicationPreferencesControl.test.tsx:139:3)
    async Test.run (node:internal/test_runner/test:1054:7)
    async Test.processPendingSubtests (node:internal/test_runner/test:744:7)
  ...
# Subtest: external refresh preserves unsaved changes while new STOP state locks the cell
ok 10 - external refresh preserves unsaved changes while new STOP state locks the cell
  ---
  duration_ms: 2.630833
  type: 'test'
  ...
# Subtest: evidence warning amber is reserved for uncovered marketing Text and last setter is shown
ok 11 - evidence warning amber is reserved for uncovered marketing Text and last setter is shown
  ---
  duration_ms: 1.123417
  type: 'test'
  ...
# Subtest: M14 failed refresh removes a previously loaded grid instead of leaving editable stale preferences
ok 12 - M14 failed refresh removes a previously loaded grid instead of leaving editable stale preferences
  ---
  duration_ms: 1.431583
  type: 'test'
  ...
# Subtest: bulk selection never changes a suppressed cell in an unconfirmed write
ok 13 - bulk selection never changes a suppressed cell in an unconfirmed write
  ---
  duration_ms: 1.857917
  type: 'test'
  ...
# Subtest: a late rejected 409 reread cannot hide a different patient's freshly loaded grid
ok 14 - a late rejected 409 reread cannot hide a different patient's freshly loaded grid
  ---
  duration_ms: 3.277375
  type: 'test'
  ...
# Subtest: evidence without capture metadata uses a neutral label instead of inventing an in-person confirmation
ok 15 - evidence without capture metadata uses a neutral label instead of inventing an in-person confirmation
  ---
  duration_ms: 0.895792
  type: 'test'
  ...
# Subtest: M7 New Patient unconfirmed registration sends only changed cells and grid makes no separate writes
ok 16 - M7 New Patient unconfirmed registration sends only changed cells and grid makes no separate writes
  ---
  duration_ms: 27.253125
  type: 'test'
  ...
# Subtest: M7 New Patient paper confirmation sends all twenty cells and carries them through Create anyway
not ok 17 - M7 New Patient paper confirmation sends all twenty cells and carries them through Create anyway
  ---
  duration_ms: 8.111542
  type: 'test'
  location: 'ui/tests/registrationCommunicationPreferences.test.tsx:1:3617'
  failureType: 'testCodeFailure'
  error: "Cannot read properties of undefined (reading 'cells')"
  code: 'ERR_TEST_FAILURE'
  name: 'TypeError'
  stack: |-
    <anonymous> (ui/tests/registrationCommunicationPreferences.test.tsx:70:55)
    async mounted (ui/tests/registrationCommunicationPreferences.test.tsx:33:72)
    async TestContext.<anonymous> (ui/tests/registrationCommunicationPreferences.test.tsx:58:3)
    async Test.run (node:internal/test_runner/test:1054:7)
    async Test.processPendingSubtests (node:internal/test_runner/test:744:7)
  ...
# Subtest: unchanged and unconfirmed registration leaves defaults implicit
ok 18 - unchanged and unconfirmed registration leaves defaults implicit
  ---
  duration_ms: 5.785542
  type: 'test'
  ...
# Subtest: registration preference denial shows a specific message
ok 19 - registration preference denial shows a specific message
  ---
  duration_ms: 5.836
  type: 'test'
  ...
# Subtest: failed server defaults remain visible and prevent registration without a loaded grid
ok 20 - failed server defaults remain visible and prevent registration without a loaded grid
  ---
  duration_ms: 1.034625
  type: 'test'
  ...
# Subtest: paper confirmation requires a valid date before registration
ok 21 - paper confirmation requires a valid date before registration
  ---
  duration_ms: 3.514916
  type: 'test'
  ...
# Subtest: both registration client entry points omit an empty optional preference payload
ok 22 - both registration client entry points omit an empty optional preference payload
  ---
  duration_ms: 0.442291
  type: 'test'
  ...
1..22
# tests 22
# suites 0
# pass 18
# fail 4
# cancelled 0
# skipped 0
# todo 0
# duration_ms 605.737
