TAP version 13
# Subtest: S7: Correct sends fresh v4 operation IDs when randomUUID is unavailable
ok 1 - S7: Correct sends fresh v4 operation IDs when randomUUID is unavailable
  ---
  duration_ms: 19.300583
  type: 'test'
  ...
# Subtest: S7: Correct keeps native randomUUID when available
not ok 2 - S7: Correct keeps native randomUUID when available
  ---
  duration_ms: 0.730208
  type: 'test'
  location: '<worktree>/ui/tests/guarantorLinkOperations.test.tsx:1:17335'
  failureType: 'testCodeFailure'
  error: 'Native randomUUID must remain preferred'
  code: 'ERR_TEST_FAILURE'
  stack: |-
    Crypto.<anonymous> (<worktree>/ui/tests/guarantorLinkOperations.test.tsx:332:58)
    Object.apply (node:internal/test_runner/mock/mock:765:20)
    correctGuarantorLinkOperation (<worktree>/ui/src/lib/guarantor-link-operations.ts:45:26)
    <anonymous> (<worktree>/ui/tests/guarantorLinkOperations.test.tsx:334:9)
    async usingFixture (<worktree>/ui/tests/guarantorLinkOperations.test.tsx:93:9)
    async Test.run (node:internal/test_runner/test:1054:7)
    async Test.processPendingSubtests (node:internal/test_runner/test:744:7)
  ...
1..2
# tests 2
# suites 0
# pass 1
# fail 1
# cancelled 0
# skipped 0
# todo 0
# duration_ms 237.959791
