TAP version 13
# Subtest: SpineNav preserves its section inventory for an empty custom registry and safely appends missing-status custom sections
ok 1 - SpineNav preserves its section inventory for an empty custom registry and safely appends missing-status custom sections
  ---
  duration_ms: 5.836125
  type: 'test'
  ...
# Subtest: SpineNav groups the traditional spine and appends custom sections after every built-in group
ok 2 - SpineNav groups the traditional spine and appends custom sections after every built-in group
  ---
  duration_ms: 0.815958
  type: 'test'
  ...
# Subtest: only the active SpineNav group opens by default and a new active section auto-opens its group
ok 3 - only the active SpineNav group opens by default and a new active section auto-opens its group
  ---
  duration_ms: 12.562334
  type: 'test'
  ...
# Subtest: SpineNav status dots expose complete, incomplete, and read-only labels without dropping detailed summaries
ok 4 - SpineNav status dots expose complete, incomplete, and read-only labels without dropping detailed summaries
  ---
  duration_ms: 0.841417
  type: 'test'
  ...
# Subtest: ongoing Dry Eye, Eye Growth, and Myopia Management summaries stay incomplete
ok 5 - ongoing Dry Eye, Eye Growth, and Myopia Management summaries stay incomplete
  ---
  duration_ms: 0.994791
  type: 'test'
  ...
# Subtest: Dry Eye questionnaire persists total-score-only records and keeps unsaved scores bound to their instrument
ok 6 - Dry Eye questionnaire persists total-score-only records and keeps unsaved scores bound to their instrument
  ---
  duration_ms: 18.373875
  type: 'test'
  ...
# Subtest: Dry Eye treatment series survives a navigate-away-and-back round trip
ok 7 - Dry Eye treatment series survives a navigate-away-and-back round trip
  ---
  duration_ms: 5.793875
  type: 'test'
  ...
# Subtest: Dry Eye disables series creation when the server reports a clinical conflict
ok 8 - Dry Eye disables series creation when the server reports a clinical conflict
  ---
  duration_ms: 2.97025
  type: 'test'
  ...
# Subtest: Eye Growth is default-visible for paediatric patients independent of reference-band coverage
ok 9 - Eye Growth is default-visible for paediatric patients independent of reference-band coverage
  ---
  duration_ms: 1.857584
  type: 'test'
  ...
# Subtest: Eye Growth screening and Myopia Management plan stay on separate surfaces
ok 10 - Eye Growth screening and Myopia Management plan stay on separate surfaces
  ---
  duration_ms: 0.467167
  type: 'test'
  ...
# Subtest: atropine frequency input accepts alternate dosing text and saves it to MedicationStatement dosage
ok 11 - atropine frequency input accepts alternate dosing text and saves it to MedicationStatement dosage
  ---
  duration_ms: 2.9015
  type: 'test'
  ...
# Subtest: the generic renderer shows ordered fields, OD and OS columns, automatic notes, and history
ok 12 - the generic renderer shows ordered fields, OD and OS columns, automatic notes, and history
  ---
  duration_ms: 0.68125
  type: 'test'
  ...
# Subtest: an optionless toggle displays its true fallback and can be unset
ok 13 - an optionless toggle displays its true fallback and can be unset
  ---
  duration_ms: 2.619083
  type: 'test'
  ...
# Subtest: gland-structure history reads the saved dropout grade back beside its meibography image
ok 14 - gland-structure history reads the saved dropout grade back beside its meibography image
  ---
  duration_ms: 2.957125
  type: 'test'
  ...
# Subtest: gland-structure grade retry reuses the successful image upload
ok 15 - gland-structure grade retry reuses the successful image upload
  ---
  duration_ms: 3.806416
  type: 'test'
  ...
# Subtest: the same generic renderer records a data-defined Procedure without an aesthetics component fork
ok 16 - the same generic renderer records a data-defined Procedure without an aesthetics component fork
  ---
  duration_ms: 1.752375
  type: 'test'
  ...
# Subtest: aesthetics consent renders server-owned Questionnaire text and submits the shared Patient reference
ok 17 - aesthetics consent renders server-owned Questionnaire text and submits the shared Patient reference
  ---
  duration_ms: 2.037625
  type: 'test'
  ...
# Subtest: the generic renderer reaches and captures a nested child option under its parent
ok 18 - the generic renderer reaches and captures a nested child option under its parent
  ---
  duration_ms: 1.6075
  type: 'test'
  ...
# Subtest: the custom-field editor captures hierarchy and priority metadata for new options
ok 19 - the custom-field editor captures hierarchy and priority metadata for new options
  ---
  duration_ms: 0.766041
  type: 'test'
  ...
# Subtest: the shared section editor composes fields through the shipped custom-field editor affordance
ok 20 - the shared section editor composes fields through the shipped custom-field editor affordance
  ---
  duration_ms: 0.296542
  type: 'test'
  ...
# Subtest: the ocular-health renderer exposes segment headers, accelerators, bilateral copy, deferred, priority, nesting, and Other controls
not ok 21 - the ocular-health renderer exposes segment headers, accelerators, bilateral copy, deferred, priority, nesting, and Other controls
  ---
  duration_ms: 7.672708
  type: 'test'
  location: '/Users/ericr.bang/GitHub/ODOS2020/.worktrees/r10-a3-2/ui/tests/customSections.test.tsx:1:32245'
  failureType: 'testCodeFailure'
  error: |-
    The input did not match the regular expression /Collarettes/. Input:

    '{"type":"section","props":{"className":"h-full overflow-y-auto p-6"},"children":[{"type":"div","props":{"className":"mx-auto max-w-7xl"},"children":[{"type":"div","props":{"className":"sticky top-0 z-10 flex flex-wrap items-center justify-between gap-4 border-b border-white/10 bg-bg-deep/95 pb-4 backdrop-blur"},"children":[{"type":"div","props":{},"children":[{"type":"div","props":{"className":"text-xs font-semibold uppercase tracking-[0.18em] text-brand-light"},"children":["Ocular Health"]},{"type":"h2","props":{"className":"mt-1 text-xl font-semibold text-white"},"children":["Anterior & Posterior Segments"]},{"type":"p","props":{"className":"mt-1 text-sm text-white/45"},"children":["Record what is present. Normal requires an explicit negative assertion."]}]},{"type":"div","props":{"className":"flex flex-wrap gap-2"},"children":[{"type":"button","props":{"type":"button","disabled":false,"className":"rounded border border-[color:var(--odos-accent-border)] bg-[color:var(--odos-accent-tint-lo)] px-4 py-2 text-sm font-semibold text-[color:var(--odos-accent-hi)] hover:bg-[color:var(--odos-accent-tint-hi)] disabled:opacity-40"},"children":["Anterior All Normal"]},{"type":"button","props":{"type":"button","disabled":false,"className":"rounded border border-[color:var(--odos-accent-border)] bg-[color:var(--odos-accent-tint-lo)] px-4 py-2 text-sm font-semibold text-[color:var(--odos-accent-hi)] hover:bg-[color:var(--odos-accent-tint-hi)] disabled:opacity-40"},"children":["Fundus All Normal"]}]}]},{"type":"div","props":{"className":"mt-5"},"children":[{"type":"div","props":{"className":"space-y-5"},"children":[{"type":"div","props":{"className":"space-y-5"},"children":[{"type":"div","props":{"className":"border-b border-white/10 pb-2 text-xs font-semibold uppercase tracking-[0.18em] text-brand-light"},"children":["Anterior Segment"]},{"type":"article","props":{"id":"structure-ocular-health-anterior-lids-lashes","className":"scroll-mt-24 rounded border bg-bg-panel/65 p-4 border-white/10"},"children":[{"type":"div","props":{"className":"mb-4"},"children":[{"type":"h3","props":{"className":"font-semibold text-white"},"children":["Lids & Lashes"]}]},{"type":"div","props":{"className":"grid gap-4 xl:grid-cols-2"},"children":[{"type":"fieldset","props":{"disabled":false,"data-eye-panel":"OD","className":"rounded border border-white/10 bg-bg-deep/60 p-4"},"children":[{"type":"div","props":{"className":"flex items-center justify-between"},"children":[{"type":"span","props":{"className":"text-sm font-semibold text-white"},"children":["OD"]},{"type":"button","props":{"type":"button","disabled":false,"className":"rounded border border-[color:var(--odos-line)] px-2 py-1 text-xs text-[color:var(--odos-muted)] hover:text-[color:var(--odos-text)] disabled:cursor-not-allowed disabled:opacity-45"},"children":["Copy to OS →"]}]},{"type":"div","props":{"className":"mt-3"},"children":[{"type":"button","props":{"type":"button","disabled":false,"aria-pressed":false,"className":"rounded border border-white/15 px-3 py-1.5 text-xs text-white/55 hover:border-white/30"},"children":["Not performed / deferred"]}]},{"type":"p","props":{"className":"mt-3 text-xs text-white/45"},"children":["No explicit negative assertion recorded"]},{"type":"p","props":{"className":"mt-3 text-sm text-white/45"},"children":["Normal lids."]},{"type":"fieldset","props":{"disabled":false},"children":null},{"type":"div","props":{"className":"mt-4 space-y-4"},"children":[{"type":"div","props":{"role":"group","aria-label":"What is present","className":"space-y-3"},"children":[{"type":"div","props":{"className":"text-xs font-semibold uppercase tracking-wide text-[color:var(--odos-muted)]"},"children":["What is present"]},{"type":"div","props":{},"children":[{"type":"div","props":{"role":"group","aria-label":"Priority ocular health findings","className":"flex flex-wrap gap-2"},"children":[{"type":"button","props":{"type":"button","aria-pressed":false,"disabled":false,"className":"min-h-11 min-w-11 rounded border px-3 py-2 text-sm outline-none border-[color:var(--odos-line-2)] bg-bg-deep text-[color:var(--odos-muted)] hover:bg-[var(--odos-surface-2)] focus-visible:border-brand disabled:opacity-45"},"children":["Demodex"]},{"type":"button","props":{"type":"button","aria-pressed":false,"disabled":false,"className":"min-h-11 min-w-11 rounded border px-3 py-2 text-sm outline-none border-[color:var(--odos-line-2)] bg-bg-deep text-[color:var(--odos-muted)] hover:bg-[var(--odos-surface-2)] focus-visible:border-brand disabled:opacity-45"},"children":["Anterior Blepharitis"]},{"type":"button","props":{"type":"button","aria-pressed":false,"disabled":false,"className":"min-h-11 min-w-11 rounded border px-3 py-2 text-sm outline-none border-[color:var(--odos-line-2)] bg-bg-deep text-[color:var(--odos-muted)] hover:bg-[var(--odos-surface-2)] focus-visible:border-brand disabled:opacity-45"},"children":["Chalazion"]}]}]},{"type":"div","props":{},"children":[{"type":"div","props":{"role":"group","aria-label":"Additional ocular health findings","className":"flex flex-wrap gap-2"},"children":[{"type":"button","props":{"type":"button","aria-pressed":false,"disabled":false,"className":"min-h-11 min-w-11 rounded border px-3 py-2 text-sm outline-none border-[color:var(--odos-line-2)] bg-bg-deep text-[color:var(--odos-muted)] hover:bg-[var(--odos-surface-2)] focus-visible:border-brand disabled:opacity-45"},"children":["Ptosis"]}]}]}]}]},{"type":"label","props":{"className":"mt-4 block"},"children":[{"type":"span","props":{"className":"mb-1 block text-xs uppercase tracking-wide text-white/35"},"children":["Other"]},{"type":"textarea","props":{"disabled":false,"value":"","rows":2,"className":"w-full rounded border border-white/15 bg-bg-deep p-2 text-sm text-white outline-none focus:border-brand"},"children":null}]},{"type":"label","props":{"className":"mt-4 block"},"children":["Remarks",{"type":"textarea","props":{"aria-label":"OD Remarks","disabled":false,"value":"","rows":2,"className":"w-full rounded border border-white/15 bg-bg-deep p-2 text-sm text-white"},"children":null}]}]},{"type":"fieldset","props":{"disabled":false,"data-eye-panel":"OS","className":"rounded border border-white/10 bg-bg-deep/60 p-4"},"children":[{"type":"div","props":{"className":"flex items-center justify-between"},"children":[{"type":"span","props":{"className":"text-sm font-semibold text-white"},"children":["OS"]},{"type":"button","props":{"type":"button","disabled":false,"className":"rounded border border-[color:var(--odos-line)] px-2 py-1 text-xs text-[color:var(--odos-muted)] hover:text-[color:var(--odos-text)] disabled:cursor-not-allowed disabled:opacity-45"},"children":["← Copy to OD"]}]},{"type":"div","props":{"className":"mt-3"},"children":[{"type":"button","props":{"type":"button","disabled":false,"aria-pressed":false,"className":"rounded border border-white/15 px-3 py-1.5 text-xs text-white/55 hover:border-white/30"},"children":["Not performed / deferred"]}]},{"type":"p","props":{"className":"mt-3 text-xs text-white/45"},"children":["No explicit negative assertion recorded"]},{"type":"p","props":{"className":"mt-3 text-sm text-white/45"},"children":["Normal lids."]},{"type":"fieldset","props":{"disabled":false},"children":null},{"type":"div","props":{"className":"mt-4 space-y-4"},"children":[{"type":"div","props":{"role":"group","aria-label":"What is present","className":"space-y-3"},"children":[{"type":"div","props":{"className":"text-xs font-semibold uppercase tracking-wide text-[color:var(--odos-muted)]"},"children":["What is present"]},{"type":"div","props":{},"children":[{"type":"div","props":{"role":"group","aria-label":"Priority ocular health findings","className":"flex flex-wrap gap-2"},"children":[{"type":"button","props":{"type":"button","aria-pressed":false,"disabled":false,"className":"min-h-11 min-w-11 rounded border px-3 py-2 text-sm outline-none border-[color:var(--odos-line-2)] bg-bg-deep text-[color:var(--odos-muted)] hover:bg-[var(--odos-surface-2)] focus-visible:border-brand disabled:opacity-45"},"children":["Demodex"]},{"type":"button","props":{"type":"button","aria-pressed":false,"disabled":false,"className":"min-h-11 min-w-11 rounded border px-3 py-2 text-sm outline-none border-[color:var(--odos-line-2)] bg-bg-deep text-[color:var(--odos-muted)] hover:bg-[var(--odos-surface-2)] focus-visible:border-brand disabled:opacity-45"},"children":["Anterior Blepharitis"]},{"type":"button","props":{"type":"button","aria-pressed":false,"disabled":false,"className":"min-h-11 min-w-11 rounded border px-3 py-2 text-sm outline-none border-[color:var(--odos-line-2)] bg-bg-deep text-[color:var(--odos-muted)] hover:bg-[var(--odos-surface-2)] focus-visible:border-brand disabled:opacity-45"},"children":["Chalazion"]}]}]},{"type":"div","props":{},"children":[{"type":"div","props":{"role":"group","aria-label":"Additional ocular health findings","className":"flex flex-wrap gap-2"},"children":[{"type":"button","props":{"type":"button","aria-pressed":false,"disabled":false,"className":"min-h-11 min-w-11 rounded border px-3 py-2 text-sm outline-none border-[color:var(--odos-line-2)] bg-bg-deep text-[color:var(--odos-muted)] hover:bg-[var(--odos-surface-2)] focus-visible:border-brand disabled:opacity-45"},"children":["Ptosis"]}]}]}]}]},{"type":"label","props":{"className":"mt-4 block"},"children":[{"type":"span","props":{"className":"mb-1 block text-xs uppercase tracking-wide text-white/35"},"children":["Other"]},{"type":"textarea","props":{"disabled":false,"value":"","rows":2,"className":"w-full rounded border border-white/15 bg-bg-deep p-2 text-sm text-white outline-none focus:border-brand"},"children":null}]},{"type":"label","props":{"className":"mt-4 block"},"children":["Remarks",{"type":"textarea","props":{"aria-label":"OS Remarks","disabled":false,"value":"","rows":2,"className":"w-full rounded border border-white/15 bg-bg-deep p-2 text-sm text-white"},"children":null}]}]}]}]}]}]}]},{"type":"div","props":{"class'... 547 more characters

  code: 'ERR_ASSERTION'
  name: 'AssertionError'
  expected:
  actual: '{"type":"section","props":{"className":"h-full overflow-y-auto p-6"},"children":[{"type":"div","props":{"className":"mx-auto max-w-7xl"},"children":[{"type":"div","props":{"className":"sticky top-0 z-10 flex flex-wrap items-center justify-between gap-4 border-b border-white/10 bg-bg-deep/95 pb-4 backdrop-blur"},"children":[{"type":"div","props":{},"children":[{"type":"div","props":{"className":"text-xs font-semibold uppercase tracking-[0.18em] text-brand-light"},"children":["Ocular Health"]},{"type":"h2","props":{"className":"mt-1 text-xl font-semibold text-white"},"children":["Anterior & Posterior Segments"]},{"type":"p","props":{"className":"mt-1 text-sm text-white/45"},"children":["Record what is present. Normal requires an explicit negative assertion."]}]},{"type":"div","props":{"className":"flex flex-wrap gap-2"},"children":[{"type":"button","props":{"type":"button","disabled":false,"className":"rounded border border-[color:var(--odos-accent-border)] bg-[color:var(--odos-accent-tint-lo)] px-4 py-2 text-sm font-semibold text-[color:var(--odos-accent-hi)] hover:bg-[color:var(--odos-accent-tint-hi)] disabled:opacity-40"},"children":["Anterior All Normal"]},{"type":"button","props":{"type":"button","disabled":false,"className":"rounded border border-[color:var(--odos-accent-border)] bg-[color:var(--odos-accent-tint-lo)] px-4 py-2 text-sm font-semibold text-[color:var(--odos-accent-hi)] hover:bg-[color:var(--odos-accent-tint-hi)] disabled:opacity-40"},"children":["Fundus All Normal"]}]}]},{"type":"div","props":{"className":"mt-5"},"children":[{"type":"div","props":{"className":"space-y-5"},"children":[{"type":"div","props":{"className":"space-y-5"},"children":[{"type":"div","props":{"className":"border-b border-white/10 pb-2 text-xs font-semibold uppercase tracking-[0.18em] text-brand-light"},"children":["Anterior Segment"]},{"type":"article","props":{"id":"structure-ocular-health-anterior-lids-lashes","className":"scroll-mt-24 rounded border bg-bg-panel/65 p-4 border-white/10"},"children":[{"type":"div","props":{"className":"mb-4"},"children":[{"type":"h3","props":{"className":"font-semibold text-white"},"children":["Lids & Lashes"]}]},{"type":"div","props":{"className":"grid gap-4 xl:grid-cols-2"},"children":[{"type":"fieldset","props":{"disabled":false,"data-eye-panel":"OD","className":"rounded border border-white/10 bg-bg-deep/60 p-4"},"children":[{"type":"div","props":{"className":"flex items-center justify-between"},"children":[{"type":"span","props":{"className":"text-sm font-semibold text-white"},"children":["OD"]},{"type":"button","props":{"type":"button","disabled":false,"className":"rounded border border-[color:var(--odos-line)] px-2 py-1 text-xs text-[color:var(--odos-muted)] hover:text-[color:var(--odos-text)] disabled:cursor-not-allowed disabled:opacity-45"},"children":["Copy to OS →"]}]},{"type":"div","props":{"className":"mt-3"},"children":[{"type":"button","props":{"type":"button","disabled":false,"aria-pressed":false,"className":"rounded border border-white/15 px-3 py-1.5 text-xs text-white/55 hover:border-white/30"},"children":["Not performed / deferred"]}]},{"type":"p","props":{"className":"mt-3 text-xs text-white/45"},"children":["No explicit negative assertion recorded"]},{"type":"p","props":{"className":"mt-3 text-sm text-white/45"},"children":["Normal lids."]},{"type":"fieldset","props":{"disabled":false},"children":null},{"type":"div","props":{"className":"mt-4 space-y-4"},"children":[{"type":"div","props":{"role":"group","aria-label":"What is present","className":"space-y-3"},"children":[{"type":"div","props":{"className":"text-xs font-semibold uppercase tracking-wide text-[color:var(--odos-muted)]"},"children":["What is present"]},{"type":"div","props":{},"children":[{"type":"div","props":{"role":"group","aria-label":"Priority ocular health findings","className":"flex flex-wrap gap-2"},"children":[{"type":"button","props":{"type":"button","aria-pressed":false,"disabled":false,"className":"min-h-11 min-w-11 rounded border px-3 py-2 text-sm outline-none border-[color:var(--odos-line-2)] bg-bg-deep text-[color:var(--odos-muted)] hover:bg-[var(--odos-surface-2)] focus-visible:border-brand disabled:opacity-45"},"children":["Demodex"]},{"type":"button","props":{"type":"button","aria-pressed":false,"disabled":false,"className":"min-h-11 min-w-11 rounded border px-3 py-2 text-sm outline-none border-[color:var(--odos-line-2)] bg-bg-deep text-[color:var(--odos-muted)] hover:bg-[var(--odos-surface-2)] focus-visible:border-brand disabled:opacity-45"},"children":["Anterior Blepharitis"]},{"type":"button","props":{"type":"button","aria-pressed":false,"disabled":false,"className":"min-h-11 min-w-11 rounded border px-3 py-2 text-sm outline-none border-[color:var(--odos-line-2)] bg-bg-deep text-[color:var(--odos-muted)] hover:bg-[var(--odos-surface-2)] focus-visible:border-brand disabled:opacity-45"},"children":["Chalazion"]}]}]},{"type":"div","props":{},"children":[{"type":"div","props":{"role":"group","aria-label":"Additional ocular health findings","className":"flex flex-wrap gap-2"},"children":[{"type":"button","props":{"type":"button","aria-pressed":false,"disabled":false,"className":"min-h-11 min-w-11 rounded border px-3 py-2 text-sm outline-none border-[color:var(--odos-line-2)] bg-bg-deep text-[color:var(--odos-muted)] hover:bg-[var(--odos-surface-2)] focus-visible:border-brand disabled:opacity-45"},"children":["Ptosis"]}]}]}]}]},{"type":"label","props":{"className":"mt-4 block"},"children":[{"type":"span","props":{"className":"mb-1 block text-xs uppercase tracking-wide text-white/35"},"children":["Other"]},{"type":"textarea","props":{"disabled":false,"value":"","rows":2,"className":"w-full rounded border border-white/15 bg-bg-deep p-2 text-sm text-white outline-none focus:border-brand"},"children":null}]},{"type":"label","props":{"className":"mt-4 block"},"children":["Remarks",{"type":"textarea","props":{"aria-label":"OD Remarks","disabled":false,"value":"","rows":2,"className":"w-full rounded border border-white/15 bg-bg-deep p-2 text-sm text-white"},"children":null}]}]},{"type":"fieldset","props":{"disabled":false,"data-eye-panel":"OS","className":"rounded border border-white/10 bg-bg-deep/60 p-4"},"children":[{"type":"div","props":{"className":"flex items-center justify-between"},"children":[{"type":"span","props":{"className":"text-sm font-semibold text-white"},"children":["OS"]},{"type":"button","props":{"type":"button","disabled":false,"className":"rounded border border-[color:var(--odos-line)] px-2 py-1 text-xs text-[color:var(--odos-muted)] hover:text-[color:var(--odos-text)] disabled:cursor-not-allowed disabled:opacity-45"},"children":["← Copy to OD"]}]},{"type":"div","props":{"className":"mt-3"},"children":[{"type":"button","props":{"type":"button","disabled":false,"aria-pressed":false,"className":"rounded border border-white/15 px-3 py-1.5 text-xs text-white/55 hover:border-white/30"},"children":["Not performed / deferred"]}]},{"type":"p","props":{"className":"mt-3 text-xs text-white/45"},"children":["No explicit negative assertion recorded"]},{"type":"p","props":{"className":"mt-3 text-sm text-white/45"},"children":["Normal lids."]},{"type":"fieldset","props":{"disabled":false},"children":null},{"type":"div","props":{"className":"mt-4 space-y-4"},"children":[{"type":"div","props":{"role":"group","aria-label":"What is present","className":"space-y-3"},"children":[{"type":"div","props":{"className":"text-xs font-semibold uppercase tracking-wide text-[color:var(--odos-muted)]"},"children":["What is present"]},{"type":"div","props":{},"children":[{"type":"div","props":{"role":"group","aria-label":"Priority ocular health findings","className":"flex flex-wrap gap-2"},"children":[{"type":"button","props":{"type":"button","aria-pressed":false,"disabled":false,"className":"min-h-11 min-w-11 rounded border px-3 py-2 text-sm outline-none border-[color:var(--odos-line-2)] bg-bg-deep text-[color:var(--odos-muted)] hover:bg-[var(--odos-surface-2)] focus-visible:border-brand disabled:opacity-45"},"children":["Demodex"]},{"type":"button","props":{"type":"button","aria-pressed":false,"disabled":false,"className":"min-h-11 min-w-11 rounded border px-3 py-2 text-sm outline-none border-[color:var(--odos-line-2)] bg-bg-deep text-[color:var(--odos-muted)] hover:bg-[var(--odos-surface-2)] focus-visible:border-brand disabled:opacity-45"},"children":["Anterior Blepharitis"]},{"type":"button","props":{"type":"button","aria-pressed":false,"disabled":false,"className":"min-h-11 min-w-11 rounded border px-3 py-2 text-sm outline-none border-[color:var(--odos-line-2)] bg-bg-deep text-[color:var(--odos-muted)] hover:bg-[var(--odos-surface-2)] focus-visible:border-brand disabled:opacity-45"},"children":["Chalazion"]}]}]},{"type":"div","props":{},"children":[{"type":"div","props":{"role":"group","aria-label":"Additional ocular health findings","className":"flex flex-wrap gap-2"},"children":[{"type":"button","props":{"type":"button","aria-pressed":false,"disabled":false,"className":"min-h-11 min-w-11 rounded border px-3 py-2 text-sm outline-none border-[color:var(--odos-line-2)] bg-bg-deep text-[color:var(--odos-muted)] hover:bg-[var(--odos-surface-2)] focus-visible:border-brand disabled:opacity-45"},"children":["Ptosis"]}]}]}]}]},{"type":"label","props":{"className":"mt-4 block"},"children":[{"type":"span","props":{"className":"mb-1 block text-xs uppercase tracking-wide text-white/35"},"children":["Other"]},{"type":"textarea","props":{"disabled":false,"value":"","rows":2,"className":"w-full rounded border border-white/15 bg-bg-deep p-2 text-sm text-white outline-none focus:border-brand"},"children":null}]},{"type":"label","props":{"className":"mt-4 block"},"children":["Remarks",{"type":"textarea","props":{"aria-label":"OS Remarks","disabled":false,"value":"","rows":2,"className":"w-full rounded border border-white/15 bg-bg-deep p-2 text-sm text-white"},"children":null}]}]}]}]}]}]}]},{"type":"div","props":{"class'... 547 more characters
  operator: 'match'
  stack: |-
    TestContext.<anonymous> (/Users/ericr.bang/GitHub/ODOS2020/.worktrees/r10-a3-2/ui/tests/customSections.test.tsx:1115:12)
    async Test.run (node:internal/test_runner/test:1054:7)
    async Test.processPendingSubtests (node:internal/test_runner/test:744:7)
  ...
# Subtest: every active top-level ocular finding renders immediately in priority-first order
ok 22 - every active top-level ocular finding renders immediately in priority-first order
  ---
  duration_ms: 2.001833
  type: 'test'
  ...
# Subtest: ocular-health save derives abnormal from findings and normal after they are cleared
not ok 23 - ocular-health save derives abnormal from findings and normal after they are cleared
  ---
  duration_ms: 1.793125
  type: 'test'
  location: '/Users/ericr.bang/GitHub/ODOS2020/.worktrees/r10-a3-2/ui/tests/customSections.test.tsx:1:36895'
  failureType: 'testCodeFailure'
  error: |-
    Expected values to be strictly equal:
    + actual - expected

    + undefined
    - 'abnormal'

  code: 'ERR_ASSERTION'
  name: 'AssertionError'
  expected: 'abnormal'
  operator: 'strictEqual'
  stack: |-
    TestContext.<anonymous> (/Users/ericr.bang/GitHub/ODOS2020/.worktrees/r10-a3-2/ui/tests/customSections.test.tsx:1205:12)
    async Test.run (node:internal/test_runner/test:1054:7)
    async Test.processPendingSubtests (node:internal/test_runner/test:744:7)
  ...
# Subtest: ocular-health deferral controls come only from each definition's allowDeferred flag
ok 24 - ocular-health deferral controls come only from each definition's allowDeferred flag
  ---
  duration_ms: 0.582875
  type: 'test'
  ...
# Subtest: deferred and recorded ocular findings cannot coexist at the client-server boundary
not ok 25 - deferred and recorded ocular findings cannot coexist at the client-server boundary
  ---
  duration_ms: 3.928083
  type: 'test'
  location: '/Users/ericr.bang/GitHub/ODOS2020/.worktrees/r10-a3-2/ui/tests/customSections.test.tsx:1:39195'
  failureType: 'testCodeFailure'
  error: |-
    Expected values to be strictly equal:

    true !== false

  code: 'ERR_ASSERTION'
  name: 'AssertionError'
  expected: false
  actual: true
  operator: 'strictEqual'
  stack: |-
    TestContext.<anonymous> (/Users/ericr.bang/GitHub/ODOS2020/.worktrees/r10-a3-2/ui/tests/customSections.test.tsx:1324:12)
    async Test.run (node:internal/test_runner/test:1054:7)
    async Test.processPendingSubtests (node:internal/test_runner/test:744:7)
  ...
# Subtest: qualified finding definitions render qualifier controls for legacy presence-only history
not ok 26 - qualified finding definitions render qualifier controls for legacy presence-only history
  ---
  duration_ms: 1.142667
  type: 'test'
  location: '/Users/ericr.bang/GitHub/ODOS2020/.worktrees/r10-a3-2/ui/tests/customSections.test.tsx:1:42681'
  failureType: 'testCodeFailure'
  error: |-
    The input did not match the regular expression /Synthetic qualifier control/. Input:

    '{"type":"section","props":{"className":"h-full overflow-y-auto p-6"},"children":[{"type":"div","props":{"className":"mx-auto max-w-7xl"},"children":[{"type":"div","props":{"className":"sticky top-0 z-10 flex flex-wrap items-center justify-between gap-4 border-b border-white/10 bg-bg-deep/95 pb-4 backdrop-blur"},"children":[{"type":"div","props":{},"children":[{"type":"div","props":{"className":"text-xs font-semibold uppercase tracking-[0.18em] text-brand-light"},"children":["Ocular Health"]},{"type":"h2","props":{"className":"mt-1 text-xl font-semibold text-white"},"children":["Anterior & Posterior Segments"]},{"type":"p","props":{"className":"mt-1 text-sm text-white/45"},"children":["Record what is present. Normal requires an explicit negative assertion."]}]},{"type":"div","props":{"className":"flex flex-wrap gap-2"},"children":[{"type":"button","props":{"type":"button","disabled":false,"className":"rounded border border-[color:var(--odos-accent-border)] bg-[color:var(--odos-accent-tint-lo)] px-4 py-2 text-sm font-semibold text-[color:var(--odos-accent-hi)] hover:bg-[color:var(--odos-accent-tint-hi)] disabled:opacity-40"},"children":["Anterior All Normal"]},{"type":"button","props":{"type":"button","disabled":false,"className":"rounded border border-[color:var(--odos-accent-border)] bg-[color:var(--odos-accent-tint-lo)] px-4 py-2 text-sm font-semibold text-[color:var(--odos-accent-hi)] hover:bg-[color:var(--odos-accent-tint-hi)] disabled:opacity-40"},"children":["Fundus All Normal"]}]}]},{"type":"div","props":{"className":"mt-5"},"children":[{"type":"div","props":{"className":"space-y-5"},"children":[{"type":"div","props":{"className":"space-y-5"},"children":[{"type":"div","props":{"className":"border-b border-white/10 pb-2 text-xs font-semibold uppercase tracking-[0.18em] text-brand-light"},"children":["Anterior Segment"]},{"type":"article","props":{"id":"structure-ocular-health-anterior-synthetic-qualified","className":"scroll-mt-24 rounded border bg-bg-panel/65 p-4 border-white/10"},"children":[{"type":"div","props":{"className":"mb-4"},"children":[{"type":"h3","props":{"className":"font-semibold text-white"},"children":["Synthetic Qualified"]}]},{"type":"div","props":{"className":"grid gap-4 xl:grid-cols-2"},"children":[{"type":"fieldset","props":{"disabled":false,"data-eye-panel":"OD","className":"rounded border border-white/10 bg-bg-deep/60 p-4"},"children":[{"type":"div","props":{"className":"flex items-center justify-between"},"children":[{"type":"span","props":{"className":"text-sm font-semibold text-white"},"children":["OD"]},{"type":"button","props":{"type":"button","disabled":false,"className":"rounded border border-[color:var(--odos-line)] px-2 py-1 text-xs text-[color:var(--odos-muted)] hover:text-[color:var(--odos-text)] disabled:cursor-not-allowed disabled:opacity-45"},"children":["Copy to OS →"]}]},{"type":"p","props":{"className":"mt-3 text-xs text-white/45"},"children":["No explicit negative assertion recorded"]},{"type":"p","props":{"className":"mt-3 text-sm text-white/45"},"children":["Synthetic normal."]},{"type":"fieldset","props":{"disabled":false},"children":null},{"type":"div","props":{"className":"mt-4 space-y-4"},"children":[{"type":"div","props":{"role":"group","aria-label":"What is present","className":"space-y-3"},"children":[{"type":"div","props":{"className":"text-xs font-semibold uppercase tracking-wide text-[color:var(--odos-muted)]"},"children":["What is present"]},{"type":"div","props":{},"children":[{"type":"div","props":{"role":"group","aria-label":"Priority ocular health findings","className":"flex flex-wrap gap-2"},"children":[{"type":"button","props":{"type":"button","aria-pressed":false,"disabled":false,"className":"min-h-11 min-w-11 rounded border px-3 py-2 text-sm outline-none border-[color:var(--odos-line-2)] bg-bg-deep text-[color:var(--odos-muted)] hover:bg-[var(--odos-surface-2)] focus-visible:border-brand disabled:opacity-45"},"children":["Synthetic Finding"]}]}]}]}]},{"type":"label","props":{"className":"mt-4 block"},"children":[{"type":"span","props":{"className":"mb-1 block text-xs uppercase tracking-wide text-white/35"},"children":["Other"]},{"type":"textarea","props":{"disabled":false,"value":"","rows":2,"className":"w-full rounded border border-white/15 bg-bg-deep p-2 text-sm text-white outline-none focus:border-brand"},"children":null}]},{"type":"label","props":{"className":"mt-4 block"},"children":["Remarks",{"type":"textarea","props":{"aria-label":"OD Remarks","disabled":false,"value":"","rows":2,"className":"w-full rounded border border-white/15 bg-bg-deep p-2 text-sm text-white"},"children":null}]}]},{"type":"fieldset","props":{"disabled":false,"data-eye-panel":"OS","className":"rounded border border-white/10 bg-bg-deep/60 p-4"},"children":[{"type":"div","props":{"className":"flex items-center justify-between"},"children":[{"type":"span","props":{"className":"text-sm font-semibold text-white"},"children":["OS"]},{"type":"button","props":{"type":"button","disabled":false,"className":"rounded border border-[color:var(--odos-line)] px-2 py-1 text-xs text-[color:var(--odos-muted)] hover:text-[color:var(--odos-text)] disabled:cursor-not-allowed disabled:opacity-45"},"children":["← Copy to OD"]}]},{"type":"p","props":{"className":"mt-3 text-xs text-white/45"},"children":["No explicit negative assertion recorded"]},{"type":"p","props":{"className":"mt-3 text-sm text-white/45"},"children":["Synthetic normal."]},{"type":"fieldset","props":{"disabled":false},"children":null},{"type":"div","props":{"className":"mt-4 space-y-4"},"children":[{"type":"div","props":{"role":"group","aria-label":"What is present","className":"space-y-3"},"children":[{"type":"div","props":{"className":"text-xs font-semibold uppercase tracking-wide text-[color:var(--odos-muted)]"},"children":["What is present"]},{"type":"div","props":{},"children":[{"type":"div","props":{"role":"group","aria-label":"Priority ocular health findings","className":"flex flex-wrap gap-2"},"children":[{"type":"button","props":{"type":"button","aria-pressed":false,"disabled":false,"className":"min-h-11 min-w-11 rounded border px-3 py-2 text-sm outline-none border-[color:var(--odos-line-2)] bg-bg-deep text-[color:var(--odos-muted)] hover:bg-[var(--odos-surface-2)] focus-visible:border-brand disabled:opacity-45"},"children":["Synthetic Finding"]}]}]}]}]},{"type":"label","props":{"className":"mt-4 block"},"children":[{"type":"span","props":{"className":"mb-1 block text-xs uppercase tracking-wide text-white/35"},"children":["Other"]},{"type":"textarea","props":{"disabled":false,"value":"","rows":2,"className":"w-full rounded border border-white/15 bg-bg-deep p-2 text-sm text-white outline-none focus:border-brand"},"children":null}]},{"type":"label","props":{"className":"mt-4 block"},"children":["Remarks",{"type":"textarea","props":{"aria-label":"OS Remarks","disabled":false,"value":"","rows":2,"className":"w-full rounded border border-white/15 bg-bg-deep p-2 text-sm text-white"},"children":null}]}]}]}]}]}]}]},{"type":"div","props":{"className":"sticky bottom-0 mt-5 flex flex-wrap items-center justify-between gap-3 border-t border-white/10 bg-bg-deep/95 py-4 backdrop-blur"},"children":[{"type":"div","props":{"className":"min-h-6 text-sm"},"children":[{"type":"span","props":{"className":"text-rose-200"},"children":["Synthetic Qualified canonical history is missing. Reload before saving."]}]},{"type":"button","props":{"type":"button","disabled":false,"className":"rounded bg-brand px-5 py-2 text-sm font-semibold text-white disabled:opacity-45"},"children":["Save Ocular Health"]}]}]}]}'

  code: 'ERR_ASSERTION'
  name: 'AssertionError'
  expected:
  actual: '{"type":"section","props":{"className":"h-full overflow-y-auto p-6"},"children":[{"type":"div","props":{"className":"mx-auto max-w-7xl"},"children":[{"type":"div","props":{"className":"sticky top-0 z-10 flex flex-wrap items-center justify-between gap-4 border-b border-white/10 bg-bg-deep/95 pb-4 backdrop-blur"},"children":[{"type":"div","props":{},"children":[{"type":"div","props":{"className":"text-xs font-semibold uppercase tracking-[0.18em] text-brand-light"},"children":["Ocular Health"]},{"type":"h2","props":{"className":"mt-1 text-xl font-semibold text-white"},"children":["Anterior & Posterior Segments"]},{"type":"p","props":{"className":"mt-1 text-sm text-white/45"},"children":["Record what is present. Normal requires an explicit negative assertion."]}]},{"type":"div","props":{"className":"flex flex-wrap gap-2"},"children":[{"type":"button","props":{"type":"button","disabled":false,"className":"rounded border border-[color:var(--odos-accent-border)] bg-[color:var(--odos-accent-tint-lo)] px-4 py-2 text-sm font-semibold text-[color:var(--odos-accent-hi)] hover:bg-[color:var(--odos-accent-tint-hi)] disabled:opacity-40"},"children":["Anterior All Normal"]},{"type":"button","props":{"type":"button","disabled":false,"className":"rounded border border-[color:var(--odos-accent-border)] bg-[color:var(--odos-accent-tint-lo)] px-4 py-2 text-sm font-semibold text-[color:var(--odos-accent-hi)] hover:bg-[color:var(--odos-accent-tint-hi)] disabled:opacity-40"},"children":["Fundus All Normal"]}]}]},{"type":"div","props":{"className":"mt-5"},"children":[{"type":"div","props":{"className":"space-y-5"},"children":[{"type":"div","props":{"className":"space-y-5"},"children":[{"type":"div","props":{"className":"border-b border-white/10 pb-2 text-xs font-semibold uppercase tracking-[0.18em] text-brand-light"},"children":["Anterior Segment"]},{"type":"article","props":{"id":"structure-ocular-health-anterior-synthetic-qualified","className":"scroll-mt-24 rounded border bg-bg-panel/65 p-4 border-white/10"},"children":[{"type":"div","props":{"className":"mb-4"},"children":[{"type":"h3","props":{"className":"font-semibold text-white"},"children":["Synthetic Qualified"]}]},{"type":"div","props":{"className":"grid gap-4 xl:grid-cols-2"},"children":[{"type":"fieldset","props":{"disabled":false,"data-eye-panel":"OD","className":"rounded border border-white/10 bg-bg-deep/60 p-4"},"children":[{"type":"div","props":{"className":"flex items-center justify-between"},"children":[{"type":"span","props":{"className":"text-sm font-semibold text-white"},"children":["OD"]},{"type":"button","props":{"type":"button","disabled":false,"className":"rounded border border-[color:var(--odos-line)] px-2 py-1 text-xs text-[color:var(--odos-muted)] hover:text-[color:var(--odos-text)] disabled:cursor-not-allowed disabled:opacity-45"},"children":["Copy to OS →"]}]},{"type":"p","props":{"className":"mt-3 text-xs text-white/45"},"children":["No explicit negative assertion recorded"]},{"type":"p","props":{"className":"mt-3 text-sm text-white/45"},"children":["Synthetic normal."]},{"type":"fieldset","props":{"disabled":false},"children":null},{"type":"div","props":{"className":"mt-4 space-y-4"},"children":[{"type":"div","props":{"role":"group","aria-label":"What is present","className":"space-y-3"},"children":[{"type":"div","props":{"className":"text-xs font-semibold uppercase tracking-wide text-[color:var(--odos-muted)]"},"children":["What is present"]},{"type":"div","props":{},"children":[{"type":"div","props":{"role":"group","aria-label":"Priority ocular health findings","className":"flex flex-wrap gap-2"},"children":[{"type":"button","props":{"type":"button","aria-pressed":false,"disabled":false,"className":"min-h-11 min-w-11 rounded border px-3 py-2 text-sm outline-none border-[color:var(--odos-line-2)] bg-bg-deep text-[color:var(--odos-muted)] hover:bg-[var(--odos-surface-2)] focus-visible:border-brand disabled:opacity-45"},"children":["Synthetic Finding"]}]}]}]}]},{"type":"label","props":{"className":"mt-4 block"},"children":[{"type":"span","props":{"className":"mb-1 block text-xs uppercase tracking-wide text-white/35"},"children":["Other"]},{"type":"textarea","props":{"disabled":false,"value":"","rows":2,"className":"w-full rounded border border-white/15 bg-bg-deep p-2 text-sm text-white outline-none focus:border-brand"},"children":null}]},{"type":"label","props":{"className":"mt-4 block"},"children":["Remarks",{"type":"textarea","props":{"aria-label":"OD Remarks","disabled":false,"value":"","rows":2,"className":"w-full rounded border border-white/15 bg-bg-deep p-2 text-sm text-white"},"children":null}]}]},{"type":"fieldset","props":{"disabled":false,"data-eye-panel":"OS","className":"rounded border border-white/10 bg-bg-deep/60 p-4"},"children":[{"type":"div","props":{"className":"flex items-center justify-between"},"children":[{"type":"span","props":{"className":"text-sm font-semibold text-white"},"children":["OS"]},{"type":"button","props":{"type":"button","disabled":false,"className":"rounded border border-[color:var(--odos-line)] px-2 py-1 text-xs text-[color:var(--odos-muted)] hover:text-[color:var(--odos-text)] disabled:cursor-not-allowed disabled:opacity-45"},"children":["← Copy to OD"]}]},{"type":"p","props":{"className":"mt-3 text-xs text-white/45"},"children":["No explicit negative assertion recorded"]},{"type":"p","props":{"className":"mt-3 text-sm text-white/45"},"children":["Synthetic normal."]},{"type":"fieldset","props":{"disabled":false},"children":null},{"type":"div","props":{"className":"mt-4 space-y-4"},"children":[{"type":"div","props":{"role":"group","aria-label":"What is present","className":"space-y-3"},"children":[{"type":"div","props":{"className":"text-xs font-semibold uppercase tracking-wide text-[color:var(--odos-muted)]"},"children":["What is present"]},{"type":"div","props":{},"children":[{"type":"div","props":{"role":"group","aria-label":"Priority ocular health findings","className":"flex flex-wrap gap-2"},"children":[{"type":"button","props":{"type":"button","aria-pressed":false,"disabled":false,"className":"min-h-11 min-w-11 rounded border px-3 py-2 text-sm outline-none border-[color:var(--odos-line-2)] bg-bg-deep text-[color:var(--odos-muted)] hover:bg-[var(--odos-surface-2)] focus-visible:border-brand disabled:opacity-45"},"children":["Synthetic Finding"]}]}]}]}]},{"type":"label","props":{"className":"mt-4 block"},"children":[{"type":"span","props":{"className":"mb-1 block text-xs uppercase tracking-wide text-white/35"},"children":["Other"]},{"type":"textarea","props":{"disabled":false,"value":"","rows":2,"className":"w-full rounded border border-white/15 bg-bg-deep p-2 text-sm text-white outline-none focus:border-brand"},"children":null}]},{"type":"label","props":{"className":"mt-4 block"},"children":["Remarks",{"type":"textarea","props":{"aria-label":"OS Remarks","disabled":false,"value":"","rows":2,"className":"w-full rounded border border-white/15 bg-bg-deep p-2 text-sm text-white"},"children":null}]}]}]}]}]}]}]},{"type":"div","props":{"className":"sticky bottom-0 mt-5 flex flex-wrap items-center justify-between gap-3 border-t border-white/10 bg-bg-deep/95 py-4 backdrop-blur"},"children":[{"type":"div","props":{"className":"min-h-6 text-sm"},"children":[{"type":"span","props":{"className":"text-rose-200"},"children":["Synthetic Qualified canonical history is missing. Reload before saving."]}]},{"type":"button","props":{"type":"button","disabled":false,"className":"rounded bg-brand px-5 py-2 text-sm font-semibold text-white disabled:opacity-45"},"children":["Save Ocular Health"]}]}]}]}'
  operator: 'match'
  stack: |-
    TestContext.<anonymous> (/Users/ericr.bang/GitHub/ODOS2020/.worktrees/r10-a3-2/ui/tests/customSections.test.tsx:1373:12)
    async Test.run (node:internal/test_runner/test:1054:7)
    async Test.processPendingSubtests (node:internal/test_runner/test:744:7)
  ...
# Subtest: prior history never seeds current controls or changes the base POST body
not ok 27 - prior history never seeds current controls or changes the base POST body
  ---
  duration_ms: 1.678916
  type: 'test'
  location: '/Users/ericr.bang/GitHub/ODOS2020/.worktrees/r10-a3-2/ui/tests/customSections.test.tsx:1:43644'
  failureType: 'testCodeFailure'
  error: |-
    an untouched OD prior must not add a byte to an unrelated OS save
    + actual - expected

    + undefined
    - '{"patientReference":"Patient/p-prior-no-carry","encounterReference":"Encounter/e-prior-no-carry","eyes":{"OS":{"state":"abnormal","customFields":[{"code":"CUSTOM_ABNORMAL_FINDINGS_01","value":["synthetic-finding"]}]}}}'

  code: 'ERR_ASSERTION'
  name: 'AssertionError'
  expected: '{"patientReference":"Patient/p-prior-no-carry","encounterReference":"Encounter/e-prior-no-carry","eyes":{"OS":{"state":"abnormal","customFields":[{"code":"CUSTOM_ABNORMAL_FINDINGS_01","value":["synthetic-finding"]}]}}}'
  operator: 'strictEqual'
  stack: |-
    TestContext.<anonymous> (/Users/ericr.bang/GitHub/ODOS2020/.worktrees/r10-a3-2/ui/tests/customSections.test.tsx:1435:12)
    async Test.run (node:internal/test_runner/test:1054:7)
    async Test.processPendingSubtests (node:internal/test_runner/test:744:7)
  ...
# Subtest: unsaved ocular edits survive an asynchronously arriving encounter cutoff and prior history
not ok 28 - unsaved ocular edits survive an asynchronously arriving encounter cutoff and prior history
  ---
  duration_ms: 5.189
  type: 'test'
  location: '/Users/ericr.bang/GitHub/ODOS2020/.worktrees/r10-a3-2/ui/tests/customSections.test.tsx:1:45606'
  failureType: 'testCodeFailure'
  error: |-
    cutoff arrival must add only the patient-wide prior read

    1 !== 2

  code: 'ERR_ASSERTION'
  name: 'AssertionError'
  expected: 2
  actual: 1
  operator: 'strictEqual'
  stack: |-
    TestContext.<anonymous> (/Users/ericr.bang/GitHub/ODOS2020/.worktrees/r10-a3-2/ui/tests/customSections.test.tsx:1489:12)
    async Test.run (node:internal/test_runner/test:1054:7)
    async Test.processPendingSubtests (node:internal/test_runner/test:744:7)
  ...
# Subtest: a failed optional prior read leaves current-encounter ocular hydration intact
not ok 29 - a failed optional prior read leaves current-encounter ocular hydration intact
  ---
  duration_ms: 3.359042
  type: 'test'
  location: '/Users/ericr.bang/GitHub/ODOS2020/.worktrees/r10-a3-2/ui/tests/customSections.test.tsx:1:47401'
  failureType: 'testCodeFailure'
  error: |-
    a failed prior read must not blank the finding charted in the current encounter

    false !== true

  code: 'ERR_ASSERTION'
  name: 'AssertionError'
  expected: true
  actual: false
  operator: 'strictEqual'
  stack: |-
    TestContext.<anonymous> (/Users/ericr.bang/GitHub/ODOS2020/.worktrees/r10-a3-2/ui/tests/customSections.test.tsx:1531:12)
    async Test.run (node:internal/test_runner/test:1054:7)
    async Test.processPendingSubtests (node:internal/test_runner/test:744:7)
  ...
# Subtest: prior ocular readings stay in the accessibility tree without renaming or focusing controls
not ok 30 - prior ocular readings stay in the accessibility tree without renaming or focusing controls
  ---
  duration_ms: 4.791167
  type: 'test'
  location: '/Users/ericr.bang/GitHub/ODOS2020/.worktrees/r10-a3-2/ui/tests/customSections.test.tsx:1:48800'
  failureType: 'testCodeFailure'
  error: |-
    The expression evaluated to a falsy value:

      assert.ok(priorNodes.some((node) => node.children.join("").includes("Trace · Aug 1, 2026")))

  code: 'ERR_ASSERTION'
  name: 'AssertionError'
  expected: true
  actual: false
  operator: '=='
  stack: |-
    TestContext.<anonymous> (/Users/ericr.bang/GitHub/ODOS2020/.worktrees/r10-a3-2/ui/tests/customSections.test.tsx:1576:12)
    async Test.run (node:internal/test_runner/test:1054:7)
    async Test.processPendingSubtests (node:internal/test_runner/test:744:7)
  ...
# Subtest: ocular priors remain absent without a stable encounter period date
not ok 31 - ocular priors remain absent without a stable encounter period date
  ---
  duration_ms: 2.571083
  type: 'test'
  location: '/Users/ericr.bang/GitHub/ODOS2020/.worktrees/r10-a3-2/ui/tests/customSections.test.tsx:1:50544'
  failureType: 'testCodeFailure'
  error: "Cannot read properties of undefined (reading 'props')"
  code: 'ERR_TEST_FAILURE'
  name: 'TypeError'
  stack: |-
    TestContext.<anonymous> (/Users/ericr.bang/GitHub/ODOS2020/.worktrees/r10-a3-2/ui/tests/customSections.test.tsx:1629:28)
    async Test.run (node:internal/test_runner/test:1054:7)
    async Test.processPendingSubtests (node:internal/test_runner/test:744:7)
  ...
# Subtest: every rendered qualifier and ungraded prior carries its own date and stays eye-specific
not ok 32 - every rendered qualifier and ungraded prior carries its own date and stays eye-specific
  ---
  duration_ms: 2.878333
  type: 'test'
  location: '/Users/ericr.bang/GitHub/ODOS2020/.worktrees/r10-a3-2/ui/tests/customSections.test.tsx:1:52111'
  failureType: 'testCodeFailure'
  error: |-
    The expression evaluated to a falsy value:

      assert.ok(odPrior.some((text) => text.includes("Synthetic Presence Only present · Aug 1, 2026")))

  code: 'ERR_ASSERTION'
  name: 'AssertionError'
  expected: true
  actual: false
  operator: '=='
  stack: |-
    TestContext.<anonymous> (/Users/ericr.bang/GitHub/ODOS2020/.worktrees/r10-a3-2/ui/tests/customSections.test.tsx:1692:12)
    async Test.run (node:internal/test_runner/test:1054:7)
    async Test.processPendingSubtests (node:internal/test_runner/test:744:7)
  ...
# Subtest: missing prior data renders no annotation or reserved prior slot
ok 33 - missing prior data renders no annotation or reserved prior slot
  ---
  duration_ms: 0.9575
  type: 'test'
  ...
# Subtest: the current encounter is removed before choosing the most recent prior reading
not ok 34 - the current encounter is removed before choosing the most recent prior reading
  ---
  duration_ms: 0.786958
  type: 'test'
  location: '/Users/ericr.bang/GitHub/ODOS2020/.worktrees/r10-a3-2/ui/tests/customSections.test.tsx:1:55598'
  failureType: 'testCodeFailure'
  error: "Cannot read properties of undefined (reading 'props')"
  code: 'ERR_TEST_FAILURE'
  name: 'TypeError'
  stack: |-
    TestContext.<anonymous> (/Users/ericr.bang/GitHub/ODOS2020/.worktrees/r10-a3-2/ui/tests/customSections.test.tsx:1777:28)
    async Test.run (node:internal/test_runner/test:1054:7)
    async Test.processPendingSubtests (node:internal/test_runner/test:744:7)
  ...
# Subtest: ocular-health read-forward preserves stored finding details through an unrelated save
not ok 35 - ocular-health read-forward preserves stored finding details through an unrelated save
  ---
  duration_ms: 1.668333
  type: 'test'
  location: '/Users/ericr.bang/GitHub/ODOS2020/.worktrees/r10-a3-2/ui/tests/customSections.test.tsx:1:57163'
  failureType: 'testCodeFailure'
  error: |-
    Expected values to be strictly deep-equal:
    + actual - expected

    + undefined
    - {
    -   encounterReference: 'Encounter/e-qualified-forward',
    -   eyes: {
    -     OD: {
    -       customFields: [
    -         {
    -           code: 'CUSTOM_ABNORMAL_FINDINGS_01',
    -           value: [
    -             'synthetic-finding'
    -           ]
    -         }
    -       ],
    -       findingDetails: {
    -         'synthetic-finding': {
    -           grade: 'trace'
    -         }
    -       },
    -       other: 'Unrelated note.',
    -       state: 'abnormal'
    -     }
    -   },
    -   patientReference: 'Patient/p-qualified-forward'
    - }

  code: 'ERR_ASSERTION'
  name: 'AssertionError'
  expected:
    patientReference: 'Patient/p-qualified-forward'
    encounterReference: 'Encounter/e-qualified-forward'
    eyes:
      OD:
        state: 'abnormal'
        customFields:
          0:
            code: 'CUSTOM_ABNORMAL_FINDINGS_01'
            value:
              0: 'synthetic-finding'
        findingDetails:
          synthetic-finding:
            grade: 'trace'
        other: 'Unrelated note.'
  operator: 'deepStrictEqual'
  stack: |-
    TestContext.<anonymous> (/Users/ericr.bang/GitHub/ODOS2020/.worktrees/r10-a3-2/ui/tests/customSections.test.tsx:1827:12)
    async Test.run (node:internal/test_runner/test:1054:7)
    async Test.processPendingSubtests (node:internal/test_runner/test:744:7)
  ...
# Subtest: reopened history hydrates structures but posts only the one modified structure
not ok 36 - reopened history hydrates structures but posts only the one modified structure
  ---
  duration_ms: 3.323125
  type: 'test'
  location: '/Users/ericr.bang/GitHub/ODOS2020/.worktrees/r10-a3-2/ui/tests/customSections.test.tsx:1:58670'
  failureType: 'testCodeFailure'
  error: |-
    Expected values to be strictly equal:

    0 !== 1

  code: 'ERR_ASSERTION'
  name: 'AssertionError'
  expected: 1
  actual: 0
  operator: 'strictEqual'
  stack: |-
    TestContext.<anonymous> (/Users/ericr.bang/GitHub/ODOS2020/.worktrees/r10-a3-2/ui/tests/customSections.test.tsx:1879:12)
    async Test.run (node:internal/test_runner/test:1054:7)
    async Test.processPendingSubtests (node:internal/test_runner/test:744:7)
  ...
# Subtest: ocular-health worksheet keeps four described findings in selection order and leaves Zone A stable
not ok 37 - ocular-health worksheet keeps four described findings in selection order and leaves Zone A stable
  ---
  duration_ms: 0.955917
  type: 'test'
  location: '/Users/ericr.bang/GitHub/ODOS2020/.worktrees/r10-a3-2/ui/tests/customSections.test.tsx:1:63757'
  failureType: 'testCodeFailure'
  error: |-
    Expected values to be strictly deep-equal:
    + actual - expected

    + []
    - [
    -   'synthetic-demodex',
    -   'synthetic-mgd',
    -   'synthetic-posterior-blepharitis',
    -   'synthetic-anterior-blepharitis'
    - ]

  code: 'ERR_ASSERTION'
  name: 'AssertionError'
  expected:
    0: 'synthetic-demodex'
    1: 'synthetic-mgd'
    2: 'synthetic-posterior-blepharitis'
    3: 'synthetic-anterior-blepharitis'
  actual:
  operator: 'deepStrictEqual'
  stack: |-
    TestContext.<anonymous> (/Users/ericr.bang/GitHub/ODOS2020/.worktrees/r10-a3-2/ui/tests/customSections.test.tsx:2075:12)
    async Test.run (node:internal/test_runner/test:1054:7)
    async Test.processPendingSubtests (node:internal/test_runner/test:744:7)
  ...
# Subtest: segmented finding grades replace the value and re-tapping clears the findingDetails entry
not ok 38 - segmented finding grades replace the value and re-tapping clears the findingDetails entry
  ---
  duration_ms: 2.123167
  type: 'test'
  location: '/Users/ericr.bang/GitHub/ODOS2020/.worktrees/r10-a3-2/ui/tests/customSections.test.tsx:1:65847'
  failureType: 'testCodeFailure'
  error: "Cannot read properties of undefined (reading 'props')"
  code: 'ERR_TEST_FAILURE'
  name: 'TypeError'
  stack: |-
    TestContext.<anonymous> (/Users/ericr.bang/GitHub/ODOS2020/.worktrees/r10-a3-2/ui/tests/customSections.test.tsx:2124:35)
    async Test.run (node:internal/test_runner/test:1054:7)
    async Test.processPendingSubtests (node:internal/test_runner/test:744:7)
  ...
# Subtest: all four finding qualifier controls write the server-validated value shapes
not ok 39 - all four finding qualifier controls write the server-validated value shapes
  ---
  duration_ms: 1.029958
  type: 'test'
  location: '/Users/ericr.bang/GitHub/ODOS2020/.worktrees/r10-a3-2/ui/tests/customSections.test.tsx:1:67560'
  failureType: 'testCodeFailure'
  error: "Cannot read properties of undefined (reading 'findAllByType')"
  code: 'ERR_TEST_FAILURE'
  name: 'TypeError'
  stack: |-
    <anonymous> (/Users/ericr.bang/GitHub/ODOS2020/.worktrees/r10-a3-2/ui/tests/customSections.test.tsx:2168:32)
    act (/Users/ericr.bang/GitHub/ODOS2020/.worktrees/r10-a3-2/ui/node_modules/react/cjs/react.development.js:2512:16)
    TestContext.<anonymous> (/Users/ericr.bang/GitHub/ODOS2020/.worktrees/r10-a3-2/ui/tests/customSections.test.tsx:2168:5)
    async Test.run (node:internal/test_runner/test:1054:7)
    async Test.processPendingSubtests (node:internal/test_runner/test:744:7)
  ...
# Subtest: numeric finding qualifiers preserve controlled keystrokes and visibly reject invalid values
not ok 40 - numeric finding qualifiers preserve controlled keystrokes and visibly reject invalid values
  ---
  duration_ms: 1.05125
  type: 'test'
  location: '/Users/ericr.bang/GitHub/ODOS2020/.worktrees/r10-a3-2/ui/tests/customSections.test.tsx:1:70007'
  failureType: 'testCodeFailure'
  error: 'No instances found with props: {"aria-label":"Decimal score"}'
  code: 'ERR_TEST_FAILURE'
  stack: |-
    expectOne (/Users/ericr.bang/GitHub/ODOS2020/.worktrees/r10-a3-2/ui/node_modules/react-test-renderer/cjs/react-test-renderer.development.js:18499:9)
    ReactTestInstance.findByProps (/Users/ericr.bang/GitHub/ODOS2020/.worktrees/r10-a3-2/ui/node_modules/react-test-renderer/cjs/react-test-renderer.development.js:18395:12)
    findInput (/Users/ericr.bang/GitHub/ODOS2020/.worktrees/r10-a3-2/ui/tests/customSections.test.tsx:2230:56)
    type (/Users/ericr.bang/GitHub/ODOS2020/.worktrees/r10-a3-2/ui/tests/customSections.test.tsx:2233:23)
    TestContext.<anonymous> (/Users/ericr.bang/GitHub/ODOS2020/.worktrees/r10-a3-2/ui/tests/customSections.test.tsx:2239:5)
    async Test.run (node:internal/test_runner/test:1054:7)
    async Test.processPendingSubtests (node:internal/test_runner/test:744:7)
  ...
# Subtest: presence-only ocular findings never create worksheet rows
ok 41 - presence-only ocular findings never create worksheet rows
  ---
  duration_ms: 1.202209
  type: 'test'
  ...
# Subtest: described finding destruction is guarded from Zone A and the row remove path prunes the next POST
not ok 42 - described finding destruction is guarded from Zone A and the row remove path prunes the next POST
  ---
  duration_ms: 2.448583
  type: 'test'
  location: '/Users/ericr.bang/GitHub/ODOS2020/.worktrees/r10-a3-2/ui/tests/customSections.test.tsx:1:73197'
  failureType: 'testCodeFailure'
  error: 'Keep confirmation action is present'
  code: 'ERR_ASSERTION'
  name: 'AssertionError'
  expected: true
  operator: '=='
  stack: |-
    settleConfirmation (/Users/ericr.bang/GitHub/ODOS2020/.worktrees/r10-a3-2/ui/tests/customSections.test.tsx:53:10)
    TestContext.<anonymous> (/Users/ericr.bang/GitHub/ODOS2020/.worktrees/r10-a3-2/ui/tests/customSections.test.tsx:2330:11)
    async Test.run (node:internal/test_runner/test:1054:7)
    async Test.processPendingSubtests (node:internal/test_runner/test:744:7)
  ...
# Subtest: undescribed finding deselection is instant without a confirmation dialog
not ok 43 - undescribed finding deselection is instant without a confirmation dialog
  ---
  duration_ms: 1.487917
  type: 'test'
  location: '/Users/ericr.bang/GitHub/ODOS2020/.worktrees/r10-a3-2/ui/tests/customSections.test.tsx:1:75350'
  failureType: 'testCodeFailure'
  error: |-
    Expected values to be strictly equal:

    true !== false

  code: 'ERR_ASSERTION'
  name: 'AssertionError'
  expected: false
  actual: true
  operator: 'strictEqual'
  stack: |-
    TestContext.<anonymous> (/Users/ericr.bang/GitHub/ODOS2020/.worktrees/r10-a3-2/ui/tests/customSections.test.tsx:2378:12)
    async Test.run (node:internal/test_runner/test:1054:7)
    async Test.processPendingSubtests (node:internal/test_runner/test:744:7)
  ...
# Subtest: removing a parent with selected child codes confirms before destroying the nested details
not ok 44 - removing a parent with selected child codes confirms before destroying the nested details
  ---
  duration_ms: 2.382417
  type: 'test'
  location: '/Users/ericr.bang/GitHub/ODOS2020/.worktrees/r10-a3-2/ui/tests/customSections.test.tsx:1:76269'
  failureType: 'testCodeFailure'
  error: 'Keep confirmation action is present'
  code: 'ERR_ASSERTION'
  name: 'AssertionError'
  expected: true
  operator: '=='
  stack: |-
    settleConfirmation (/Users/ericr.bang/GitHub/ODOS2020/.worktrees/r10-a3-2/ui/tests/customSections.test.tsx:53:10)
    TestContext.<anonymous> (/Users/ericr.bang/GitHub/ODOS2020/.worktrees/r10-a3-2/ui/tests/customSections.test.tsx:2412:11)
    async Test.run (node:internal/test_runner/test:1054:7)
    async Test.processPendingSubtests (node:internal/test_runner/test:744:7)
  ...
# Subtest: copying an eye confirms before replacing destination finding details
not ok 45 - copying an eye confirms before replacing destination finding details
  ---
  duration_ms: 0.80125
  type: 'test'
  location: '/Users/ericr.bang/GitHub/ODOS2020/.worktrees/r10-a3-2/ui/tests/customSections.test.tsx:1:77545'
  failureType: 'testCodeFailure'
  error: |-
    Expected values to be strictly deep-equal:
    + actual - expected

    + []
    - [
    -   [
    -     'marked'
    -   ],
    -   [
    -     'trace'
    -   ]
    - ]

  code: 'ERR_ASSERTION'
  name: 'AssertionError'
  expected:
    0:
      0: 'marked'
    1:
      0: 'trace'
  actual:
  operator: 'deepStrictEqual'
  stack: |-
    TestContext.<anonymous> (/Users/ericr.bang/GitHub/ODOS2020/.worktrees/r10-a3-2/ui/tests/customSections.test.tsx:2458:12)
    async Test.run (node:internal/test_runner/test:1054:7)
    async Test.processPendingSubtests (node:internal/test_runner/test:744:7)
  ...
# Subtest: copying into an undescribed destination does not ask for confirmation
not ok 46 - copying into an undescribed destination does not ask for confirmation
  ---
  duration_ms: 2.2465
  type: 'test'
  location: '/Users/ericr.bang/GitHub/ODOS2020/.worktrees/r10-a3-2/ui/tests/customSections.test.tsx:1:79362'
  failureType: 'testCodeFailure'
  error: |-
    Expected values to be strictly deep-equal:
    + actual - expected

    + []
    - [
    -   [
    -     'marked'
    -   ],
    -   [
    -     'marked'
    -   ]
    - ]

  code: 'ERR_ASSERTION'
  name: 'AssertionError'
  expected:
    0:
      0: 'marked'
    1:
      0: 'marked'
  actual:
  operator: 'deepStrictEqual'
  stack: |-
    TestContext.<anonymous> (/Users/ericr.bang/GitHub/ODOS2020/.worktrees/r10-a3-2/ui/tests/customSections.test.tsx:2509:12)
    async Test.run (node:internal/test_runner/test:1054:7)
    async Test.processPendingSubtests (node:internal/test_runner/test:744:7)
  ...
# Subtest: child details fold into the worksheet row and remain selection codes in the POST body
not ok 47 - child details fold into the worksheet row and remain selection codes in the POST body
  ---
  duration_ms: 0.801375
  type: 'test'
  location: '/Users/ericr.bang/GitHub/ODOS2020/.worktrees/r10-a3-2/ui/tests/customSections.test.tsx:1:80578'
  failureType: 'testCodeFailure'
  error: 'No instances found with props: {"data-finding-row":"synthetic-demodex"}'
  code: 'ERR_TEST_FAILURE'
  stack: |-
    expectOne (/Users/ericr.bang/GitHub/ODOS2020/.worktrees/r10-a3-2/ui/node_modules/react-test-renderer/cjs/react-test-renderer.development.js:18499:9)
    ReactTestInstance.findByProps (/Users/ericr.bang/GitHub/ODOS2020/.worktrees/r10-a3-2/ui/node_modules/react-test-renderer/cjs/react-test-renderer.development.js:18395:12)
    TestContext.<anonymous> (/Users/ericr.bang/GitHub/ODOS2020/.worktrees/r10-a3-2/ui/tests/customSections.test.tsx:2543:31)
    async Test.run (node:internal/test_runner/test:1054:7)
    async Test.processPendingSubtests (node:internal/test_runner/test:744:7)
  ...
# Subtest: copying mixed qualifiers mirrors only extents and clock-hour mirroring round-trips
ok 48 - copying mixed qualifiers mirrors only extents and clock-hour mirroring round-trips
  ---
  duration_ms: 0.453542
  type: 'test'
  ...
# Subtest: a saved normal keeps its captured template snapshot after the live template changes
not ok 49 - a saved normal keeps its captured template snapshot after the live template changes
  ---
  duration_ms: 1.122583
  type: 'test'
  location: '/Users/ericr.bang/GitHub/ODOS2020/.worktrees/r10-a3-2/ui/tests/customSections.test.tsx:1:82887'
  failureType: 'testCodeFailure'
  error: |-
    Expected values to be strictly equal:
    + actual - expected

    + 'Later edited live template.'
    - 'Saved normal snapshot.'

  code: 'ERR_ASSERTION'
  name: 'AssertionError'
  expected: 'Saved normal snapshot.'
  actual: 'Later edited live template.'
  operator: 'strictEqual'
  stack: |-
    TestContext.<anonymous> (/Users/ericr.bang/GitHub/ODOS2020/.worktrees/r10-a3-2/ui/tests/customSections.test.tsx:2628:12)
    async Test.run (node:internal/test_runner/test:1054:7)
    async Test.processPendingSubtests (node:internal/test_runner/test:744:7)
  ...
# Subtest: SpineNav groups anterior and posterior definitions with Cup Disc in posterior
ok 50 - SpineNav groups anterior and posterior definitions with Cup Disc in posterior
  ---
  duration_ms: 0.726167
  type: 'test'
  ...
# Subtest: the full ocular-health runner lists all seeded structures blank and stays out of tear-film-only charting
ok 51 - the full ocular-health runner lists all seeded structures blank and stays out of tear-film-only charting
  ---
  duration_ms: 7.584
  type: 'test'
  ...
# The above error occurred in the <OcularHealthSection> component:
#     at OcularHealthSection (/Users/ericr.bang/GitHub/ODOS2020/.worktrees/r10-a3-2/ui/src/components/charting/OcularHealthSection.tsx:111:3)
# Consider adding an error boundary to your tree to customize error handling behavior.
# Visit https://reactjs.org/link/error-boundaries to learn more about error boundaries.
# Subtest: the ocular-health runner derives finding count from capture selections
ok 52 - the ocular-health runner derives finding count from capture selections
  ---
  duration_ms: 9.093084
  type: 'test'
  ...
# Subtest: saved ocular-health findings expose real scoped diagnosis suggestions and only explicit taps propose or retract
not ok 53 - saved ocular-health findings expose real scoped diagnosis suggestions and only explicit taps propose or retract
  ---
  duration_ms: 2.526791
  type: 'test'
  location: '/Users/ericr.bang/GitHub/ODOS2020/.worktrees/r10-a3-2/ui/tests/customSections.test.tsx:1:89754'
  failureType: 'testCodeFailure'
  error: 'window.addEventListener is not a function'
  code: 'ERR_TEST_FAILURE'
  name: 'TypeError'
  stack: |-
    <anonymous> (/Users/ericr.bang/GitHub/ODOS2020/.worktrees/r10-a3-2/ui/src/components/charting/OcularHealthSection.tsx:151:12)
    commitHookEffectListMount (/Users/ericr.bang/GitHub/ODOS2020/.worktrees/r10-a3-2/ui/node_modules/react-test-renderer/cjs/react-test-renderer.development.js:13038:26)
    commitPassiveMountOnFiber (/Users/ericr.bang/GitHub/ODOS2020/.worktrees/r10-a3-2/ui/node_modules/react-test-renderer/cjs/react-test-renderer.development.js:14461:11)
    commitPassiveMountEffects_complete (/Users/ericr.bang/GitHub/ODOS2020/.worktrees/r10-a3-2/ui/node_modules/react-test-renderer/cjs/react-test-renderer.development.js:14421:9)
    commitPassiveMountEffects_begin (/Users/ericr.bang/GitHub/ODOS2020/.worktrees/r10-a3-2/ui/node_modules/react-test-renderer/cjs/react-test-renderer.development.js:14408:7)
    commitPassiveMountEffects (/Users/ericr.bang/GitHub/ODOS2020/.worktrees/r10-a3-2/ui/node_modules/react-test-renderer/cjs/react-test-renderer.development.js:14396:3)
    flushPassiveEffectsImpl (/Users/ericr.bang/GitHub/ODOS2020/.worktrees/r10-a3-2/ui/node_modules/react-test-renderer/cjs/react-test-renderer.development.js:16287:3)
    flushPassiveEffects (/Users/ericr.bang/GitHub/ODOS2020/.worktrees/r10-a3-2/ui/node_modules/react-test-renderer/cjs/react-test-renderer.development.js:16236:14)
    /Users/ericr.bang/GitHub/ODOS2020/.worktrees/r10-a3-2/ui/node_modules/react-test-renderer/cjs/react-test-renderer.development.js:16051:9
    flushActQueue (/Users/ericr.bang/GitHub/ODOS2020/.worktrees/r10-a3-2/ui/node_modules/react/cjs/react.development.js:2667:24)
  ...
# Subtest: fresh ocular-health history restores scoped diagnosis suggestions without a save
not ok 54 - fresh ocular-health history restores scoped diagnosis suggestions without a save
  ---
  duration_ms: 1.323084
  type: 'test'
  location: '/Users/ericr.bang/GitHub/ODOS2020/.worktrees/r10-a3-2/ui/tests/customSections.test.tsx:1:94361'
  failureType: 'testCodeFailure'
  error: |-
    {"result":"invalid","reason":"invalid"}

    400 !== 200

  code: 'ERR_ASSERTION'
  name: 'AssertionError'
  expected: 200
  actual: 400
  operator: 'strictEqual'
  stack: |-
    TestContext.<anonymous> (/Users/ericr.bang/GitHub/ODOS2020/.worktrees/r10-a3-2/ui/tests/customSections.test.tsx:3020:10)
    async Test.run (node:internal/test_runner/test:1054:7)
    async Test.processPendingSubtests (node:internal/test_runner/test:744:7)
  ...
# Subtest: the ocular-health runner Next and Previous reuse structure scrolling and update the highlight
ok 55 - the ocular-health runner Next and Previous reuse structure scrolling and update the highlight
  ---
  duration_ms: 11.349208
  type: 'test'
  ...
# Subtest: posterior seeded history renders honestly and zero-data eyes remain untouched
not ok 56 - posterior seeded history renders honestly and zero-data eyes remain untouched
  ---
  duration_ms: 2.738042
  type: 'test'
  location: '/Users/ericr.bang/GitHub/ODOS2020/.worktrees/r10-a3-2/ui/tests/customSections.test.tsx:1:101241'
  failureType: 'testCodeFailure'
  error: |-
    Expected values to be strictly equal:

    0 !== 1

  code: 'ERR_ASSERTION'
  name: 'AssertionError'
  expected: 1
  actual: 0
  operator: 'strictEqual'
  stack: |-
    TestContext.<anonymous> (/Users/ericr.bang/GitHub/ODOS2020/.worktrees/r10-a3-2/ui/tests/customSections.test.tsx:3190:12)
    async Test.run (node:internal/test_runner/test:1054:7)
    async Test.processPendingSubtests (node:internal/test_runner/test:744:7)
  ...
# Subtest: Fundus All Normal fills only the five posterior narratives and skips Cup Disc by construction
ok 57 - Fundus All Normal fills only the five posterior narratives and skips Cup Disc by construction
  ---
  duration_ms: 0.272167
  type: 'test'
  ...
# Subtest: posterior re-save stays pristine, round-trips selections, and preserves the saved normal template snapshot
not ok 58 - posterior re-save stays pristine, round-trips selections, and preserves the saved normal template snapshot
  ---
  duration_ms: 1.281417
  type: 'test'
  location: '/Users/ericr.bang/GitHub/ODOS2020/.worktrees/r10-a3-2/ui/tests/customSections.test.tsx:1:103124'
  failureType: 'testCodeFailure'
  error: 'Expected 1 but found 2 instances with node type: "textarea"'
  code: 'ERR_TEST_FAILURE'
  stack: |-
    expectOne (/Users/ericr.bang/GitHub/ODOS2020/.worktrees/r10-a3-2/ui/node_modules/react-test-renderer/cjs/react-test-renderer.development.js:18499:9)
    ReactTestInstance.findByType (/Users/ericr.bang/GitHub/ODOS2020/.worktrees/r10-a3-2/ui/node_modules/react-test-renderer/cjs/react-test-renderer.development.js:18389:12)
    <anonymous> (/Users/ericr.bang/GitHub/ODOS2020/.worktrees/r10-a3-2/ui/tests/customSections.test.tsx:3243:26)
    act (/Users/ericr.bang/GitHub/ODOS2020/.worktrees/r10-a3-2/ui/node_modules/react/cjs/react.development.js:2512:16)
    TestContext.<anonymous> (/Users/ericr.bang/GitHub/ODOS2020/.worktrees/r10-a3-2/ui/tests/customSections.test.tsx:3243:5)
    async Test.run (node:internal/test_runner/test:1054:7)
    async Test.processPendingSubtests (node:internal/test_runner/test:744:7)
  ...
# Subtest: AVFILL-1 deliberate 2:3 choice persists and does not POST again while pristine
not ok 59 - AVFILL-1 deliberate 2:3 choice persists and does not POST again while pristine
  ---
  duration_ms: 1.80775
  type: 'test'
  location: '/Users/ericr.bang/GitHub/ODOS2020/.worktrees/r10-a3-2/ui/tests/customSections.test.tsx:1:104961'
  failureType: 'testCodeFailure'
  error: |-
    Expected values to be strictly equal:

    0 !== 1

  code: 'ERR_ASSERTION'
  name: 'AssertionError'
  expected: 1
  actual: 0
  operator: 'strictEqual'
  stack: |-
    TestContext.<anonymous> (/Users/ericr.bang/GitHub/ODOS2020/.worktrees/r10-a3-2/ui/tests/customSections.test.tsx:3292:12)
    async Test.run (node:internal/test_runner/test:1054:7)
    async Test.processPendingSubtests (node:internal/test_runner/test:744:7)
  ...
# Subtest: remaining anterior structure grades render blank, persist typed values, and hydrate per eye
not ok 60 - remaining anterior structure grades render blank, persist typed values, and hydrate per eye
  ---
  duration_ms: 5.046917
  type: 'test'
  location: '/Users/ericr.bang/GitHub/ODOS2020/.worktrees/r10-a3-2/ui/tests/customSections.test.tsx:1:106346'
  failureType: 'testCodeFailure'
  error: |-
    Expected values to be strictly deep-equal:
    + actual - expected

      [
    -   6,
        null,
    +   null
      ]

  code: 'ERR_ASSERTION'
  name: 'AssertionError'
  expected:
    0: 6
    1: ~
  actual:
    0: ~
    1: ~
  operator: 'deepStrictEqual'
  stack: |-
    TestContext.<anonymous> (/Users/ericr.bang/GitHub/ODOS2020/.worktrees/r10-a3-2/ui/tests/customSections.test.tsx:3331:12)
    async Test.run (node:internal/test_runner/test:1054:7)
    async Test.processPendingSubtests (node:internal/test_runner/test:744:7)
  ...
# Exam overview unavailable; retaining the section editor. Error: Exam overview returned an invalid projection.
#     at loadExamOverviewProjection (/Users/ericr.bang/GitHub/ODOS2020/.worktrees/r10-a3-2/ui/src/scenes/EncounterCharting.tsx:1401:46)
# Unassigned finding count unavailable. TypeError: Cannot read properties of undefined (reading 'length')
#     at <anonymous> (/Users/ericr.bang/GitHub/ODOS2020/.worktrees/r10-a3-2/ui/src/scenes/EncounterCharting.tsx:389:97)
# Subtest: ocular-health cleanup qualifiers render only for their selected finding
ok 61 - ocular-health cleanup qualifiers render only for their selected finding
  ---
  duration_ms: 3.52225
  type: 'test'
  ...
# Subtest: EXAM-1B per-eye negative act leaves touched OD alone and asserts OS
ok 62 - EXAM-1B per-eye negative act leaves touched OD alone and asserts OS
  ---
  duration_ms: 10.28575
  type: 'test'
  ...
# Subtest: hydrated state is pristine until a capture differs from its baseline
ok 63 - hydrated state is pristine until a capture differs from its baseline
  ---
  duration_ms: 0.22825
  type: 'test'
  ...
# Subtest: EncounterCharting keeps the shipped eyecare branches, adds three dry-eye renderers, and reuses the custom renderer for procedure definitions
ok 64 - EncounterCharting keeps the shipped eyecare branches, adds three dry-eye renderers, and reuses the custom renderer for procedure definitions
  ---
  duration_ms: 0.664958
  type: 'test'
  ...
# Exam overview unavailable; retaining the section editor. Error: Exam overview returned an invalid projection.
#     at loadExamOverviewProjection (/Users/ericr.bang/GitHub/ODOS2020/.worktrees/r10-a3-2/ui/src/scenes/EncounterCharting.tsx:1401:46)
# Unassigned finding count unavailable. TypeError: Cannot read properties of undefined (reading 'length')
#     at <anonymous> (/Users/ericr.bang/GitHub/ODOS2020/.worktrees/r10-a3-2/ui/src/scenes/EncounterCharting.tsx:389:97)
# Subtest: an aesthetics-tagged Encounter loads the procedure catalog into the shared clinical spine
ok 65 - an aesthetics-tagged Encounter loads the procedure catalog into the shared clinical spine
  ---
  duration_ms: 23.541209
  type: 'test'
  ...
# Subtest: an eyecare-tagged Encounter does not load or render aesthetics procedure sections
ok 66 - an eyecare-tagged Encounter does not load or render aesthetics procedure sections
  ---
  duration_ms: 14.16375
  type: 'test'
  ...
# Exam overview unavailable; retaining the section editor. Error: Exam overview returned an invalid projection.
#     at loadExamOverviewProjection (/Users/ericr.bang/GitHub/ODOS2020/.worktrees/r10-a3-2/ui/src/scenes/EncounterCharting.tsx:1401:46)
# Unassigned finding count unavailable. TypeError: Cannot read properties of undefined (reading 'length')
#     at <anonymous> (/Users/ericr.bang/GitHub/ODOS2020/.worktrees/r10-a3-2/ui/src/scenes/EncounterCharting.tsx:389:97)
# Exam overview unavailable; retaining the section editor. Error: Exam overview returned an invalid projection.
#     at loadExamOverviewProjection (/Users/ericr.bang/GitHub/ODOS2020/.worktrees/r10-a3-2/ui/src/scenes/EncounterCharting.tsx:1401:46)
# Unassigned finding count unavailable. TypeError: Cannot read properties of undefined (reading 'length')
#     at <anonymous> (/Users/ericr.bang/GitHub/ODOS2020/.worktrees/r10-a3-2/ui/src/scenes/EncounterCharting.tsx:389:97)
# Exam overview unavailable; retaining the section editor. Error: Exam overview returned an invalid projection.
#     at loadExamOverviewProjection (/Users/ericr.bang/GitHub/ODOS2020/.worktrees/r10-a3-2/ui/src/scenes/EncounterCharting.tsx:1401:46)
# Unassigned finding count unavailable. TypeError: Cannot read properties of undefined (reading 'length')
#     at <anonymous> (/Users/ericr.bang/GitHub/ODOS2020/.worktrees/r10-a3-2/ui/src/scenes/EncounterCharting.tsx:389:97)
# Subtest: changing encounterId remounts charting and clears encounter-scoped completion statuses
ok 67 - changing encounterId remounts charting and clears encounter-scoped completion statuses
  ---
  duration_ms: 22.804875
  type: 'test'
  ...
# Subtest: CupDiscSection clears every eye field before loading a different encounter
ok 68 - CupDiscSection clears every eye field before loading a different encounter
  ---
  duration_ms: 3.860208
  type: 'test'
  ...
# Subtest: CupDiscSection preserves descriptor codes and selected order through OdosChips
ok 69 - CupDiscSection preserves descriptor codes and selected order through OdosChips
  ---
  duration_ms: 3.657375
  type: 'test'
  ...
# Subtest: GonioscopySection clears encounter state before fetch and hydrates pigmentation and note without dirty records
ok 70 - GonioscopySection clears encounter state before fetch and hydrates pigmentation and note without dirty records
  ---
  duration_ms: 7.995959
  type: 'test'
  ...
# Subtest: GonioscopySection eye copy preserves anatomical quadrant names
ok 71 - GonioscopySection eye copy preserves anatomical quadrant names
  ---
  duration_ms: 1.021875
  type: 'test'
  ...
# Exam overview unavailable; retaining the section editor. Error: Exam overview returned an invalid projection.
#     at loadExamOverviewProjection (/Users/ericr.bang/GitHub/ODOS2020/.worktrees/r10-a3-2/ui/src/scenes/EncounterCharting.tsx:1401:46)
# Unassigned finding count unavailable. TypeError: Cannot read properties of undefined (reading 'length')
#     at <anonymous> (/Users/ericr.bang/GitHub/ODOS2020/.worktrees/r10-a3-2/ui/src/scenes/EncounterCharting.tsx:389:97)
# Subtest: GonioscopySection preserves documented target pigmentation when the source is blank
ok 72 - GonioscopySection preserves documented target pigmentation when the source is blank
  ---
  duration_ms: 0.583125
  type: 'test'
  ...
# Subtest: EncounterCharting retains the shared ChartSidebar after the chart-open prototype is removed
ok 73 - EncounterCharting retains the shared ChartSidebar after the chart-open prototype is removed
  ---
  duration_ms: 0.182583
  type: 'test'
  ...
# Exam overview unavailable; retaining the section editor. Error: Exam overview returned an invalid projection.
#     at loadExamOverviewProjection (/Users/ericr.bang/GitHub/ODOS2020/.worktrees/r10-a3-2/ui/src/scenes/EncounterCharting.tsx:1401:46)
# Unassigned finding count unavailable. TypeError: Cannot read properties of undefined (reading 'length')
#     at <anonymous> (/Users/ericr.bang/GitHub/ODOS2020/.worktrees/r10-a3-2/ui/src/scenes/EncounterCharting.tsx:389:97)
# Subtest: EncounterCharting collapses its chart sidebar at the existing tablet container breakpoint and persists expansion
ok 74 - EncounterCharting collapses its chart sidebar at the existing tablet container breakpoint and persists expansion
  ---
  duration_ms: 23.341375
  type: 'test'
  ...
# Subtest: EXAM-1B partial failure names the structure and All Normal retries only that failure
not ok 75 - EXAM-1B partial failure names the structure and All Normal retries only that failure
  ---
  duration_ms: 1.686
  type: 'test'
  location: '/Users/ericr.bang/GitHub/ODOS2020/.worktrees/r10-a3-2/ui/tests/customSections.test.tsx:1:139263'
  failureType: 'testCodeFailure'
  error: |-
    Expected values to be strictly deep-equal:
    + actual - expected

    + []
    - [
    -   'ocular-health:anterior:periocular-adnexa',
    -   'ocular-health:anterior:lids-lashes',
    -   'ocular-health:anterior:palpebral-conjunctiva'
    - ]

  code: 'ERR_ASSERTION'
  name: 'AssertionError'
  expected:
    0: 'ocular-health:anterior:periocular-adnexa'
    1: 'ocular-health:anterior:lids-lashes'
    2: 'ocular-health:anterior:palpebral-conjunctiva'
  actual:
  operator: 'deepStrictEqual'
  stack: |-
    TestContext.<anonymous> (/Users/ericr.bang/GitHub/ODOS2020/.worktrees/r10-a3-2/ui/tests/customSections.test.tsx:4338:12)
    async Test.run (node:internal/test_runner/test:1054:7)
    async Test.processPendingSubtests (node:internal/test_runner/test:744:7)
  ...
# Subtest: EXAM-1B retry keeps the other segment failure visible until it succeeds
not ok 76 - EXAM-1B retry keeps the other segment failure visible until it succeeds
  ---
  duration_ms: 1.848459
  type: 'test'
  location: '/Users/ericr.bang/GitHub/ODOS2020/.worktrees/r10-a3-2/ui/tests/customSections.test.tsx:1:141094'
  failureType: 'testCodeFailure'
  error: |-
    The input did not match the regular expression /Failed: Vitreous/. Input:

    'Ocular HealthAnterior & Posterior SegmentsRecord what is present. Normal requires an explicit negative assertion.Anterior All NormalFundus All NormalStructuresAnterior SegmentPeriocular AdnexanormalPosterior SegmentVitreousnormalPrevNextAnterior SegmentPeriocular AdnexaODCopy to OS →Not performed / deferred1 findings explicitly asserted absent · pending save2026-09-17T16:53:52.691Z · pending saveAbsent: FindingExcluded: NoneNot covered: NoneLive periocular-adnexa normal.What is presentFindingOtherRemarksOS← Copy to ODNot performed / deferred1 findings explicitly asserted absent · pending save2026-09-17T16:53:52.691Z · pending saveAbsent: FindingExcluded: NoneNot covered: NoneLive periocular-adnexa normal.What is presentFindingOtherRemarksPosterior SegmentVitreousODCopy to OS →1 findings explicitly asserted absent · pending save2026-09-17T16:53:52.692Z · pending saveAbsent: FloatersExcluded: NoneNot covered: NoneLive vitreous normal.What is presentFloatersOtherRemarksOS← Copy to OD1 findings explicitly asserted absent · pending save2026-09-17T16:53:52.692Z · pending saveAbsent: FloatersExcluded: NoneNot covered: NoneLive vitreous normal.What is presentFloatersOtherRemarksCanonical history is missing. Reload before saving.Save Ocular Health'

  code: 'ERR_ASSERTION'
  name: 'AssertionError'
  expected:
  actual: 'Ocular HealthAnterior & Posterior SegmentsRecord what is present. Normal requires an explicit negative assertion.Anterior All NormalFundus All NormalStructuresAnterior SegmentPeriocular AdnexanormalPosterior SegmentVitreousnormalPrevNextAnterior SegmentPeriocular AdnexaODCopy to OS →Not performed / deferred1 findings explicitly asserted absent · pending save2026-09-17T16:53:52.691Z · pending saveAbsent: FindingExcluded: NoneNot covered: NoneLive periocular-adnexa normal.What is presentFindingOtherRemarksOS← Copy to ODNot performed / deferred1 findings explicitly asserted absent · pending save2026-09-17T16:53:52.691Z · pending saveAbsent: FindingExcluded: NoneNot covered: NoneLive periocular-adnexa normal.What is presentFindingOtherRemarksPosterior SegmentVitreousODCopy to OS →1 findings explicitly asserted absent · pending save2026-09-17T16:53:52.692Z · pending saveAbsent: FloatersExcluded: NoneNot covered: NoneLive vitreous normal.What is presentFloatersOtherRemarksOS← Copy to OD1 findings explicitly asserted absent · pending save2026-09-17T16:53:52.692Z · pending saveAbsent: FloatersExcluded: NoneNot covered: NoneLive vitreous normal.What is presentFloatersOtherRemarksCanonical history is missing. Reload before saving.Save Ocular Health'
  operator: 'match'
  stack: |-
    TestContext.<anonymous> (/Users/ericr.bang/GitHub/ODOS2020/.worktrees/r10-a3-2/ui/tests/customSections.test.tsx:4370:12)
    async Test.run (node:internal/test_runner/test:1054:7)
    async Test.processPendingSubtests (node:internal/test_runner/test:744:7)
  ...
# Subtest: EXAM-1B reverted failed edit cannot trap All Normal in an empty retry
not ok 77 - EXAM-1B reverted failed edit cannot trap All Normal in an empty retry
  ---
  duration_ms: 0.958833
  type: 'test'
  location: '/Users/ericr.bang/GitHub/ODOS2020/.worktrees/r10-a3-2/ui/tests/customSections.test.tsx:1:142637'
  failureType: 'testCodeFailure'
  error: |-
    The input did not match the regular expression /Failed:/. Input:

    'Ocular HealthAnterior & Posterior SegmentsRecord what is present. Normal requires an explicit negative assertion.Anterior All NormalFundus All NormalAnterior SegmentPeriocular AdnexaODCopy to OS →Not performed / deferredNo explicit negative assertion recordedLive periocular-adnexa normal.What is presentFindingOtherRemarksOS← Copy to ODNot performed / deferredNo explicit negative assertion recordedLive periocular-adnexa normal.What is presentFindingOtherRemarksCanonical history is missing. Reload before saving.Save Ocular Health'

  code: 'ERR_ASSERTION'
  name: 'AssertionError'
  expected:
  actual: 'Ocular HealthAnterior & Posterior SegmentsRecord what is present. Normal requires an explicit negative assertion.Anterior All NormalFundus All NormalAnterior SegmentPeriocular AdnexaODCopy to OS →Not performed / deferredNo explicit negative assertion recordedLive periocular-adnexa normal.What is presentFindingOtherRemarksOS← Copy to ODNot performed / deferredNo explicit negative assertion recordedLive periocular-adnexa normal.What is presentFindingOtherRemarksCanonical history is missing. Reload before saving.Save Ocular Health'
  operator: 'match'
  stack: |-
    TestContext.<anonymous> (/Users/ericr.bang/GitHub/ODOS2020/.worktrees/r10-a3-2/ui/tests/customSections.test.tsx:4395:12)
    async Test.run (node:internal/test_runner/test:1054:7)
    async Test.processPendingSubtests (node:internal/test_runner/test:744:7)
  ...
# Subtest: EXAM-1B re-edit after partial save remains unsaved when another structure is retried
not ok 78 - EXAM-1B re-edit after partial save remains unsaved when another structure is retried
  ---
  duration_ms: 1.616875
  type: 'test'
  location: '/Users/ericr.bang/GitHub/ODOS2020/.worktrees/r10-a3-2/ui/tests/customSections.test.tsx:1:144092'
  failureType: 'testCodeFailure'
  error: |-
    The input did not match the regular expression /Unsaved changes: Periocular Adnexa/. Input:

    'Ocular HealthAnterior & Posterior SegmentsRecord what is present. Normal requires an explicit negative assertion.Anterior All NormalFundus All NormalAnterior SegmentPeriocular AdnexaODCopy to OS →Not performed / deferredNo explicit negative assertion recordedLive periocular-adnexa normal.What is presentFindingOtherRemarksOS← Copy to ODNot performed / deferred1 findings explicitly asserted absent · pending save2026-09-17T16:53:52.694Z · pending saveAbsent: FindingExcluded: NoneNot covered: NoneLive periocular-adnexa normal.What is presentFindingOtherRemarksLids & LashesODCopy to OS →Not performed / deferred1 findings explicitly asserted absent · pending save2026-09-17T16:53:52.694Z · pending saveAbsent: FindingExcluded: NoneNot covered: NoneLive lids-lashes normal.What is presentFindingOtherRemarksOS← Copy to ODNot performed / deferred1 findings explicitly asserted absent · pending save2026-09-17T16:53:52.694Z · pending saveAbsent: FindingExcluded: NoneNot covered: NoneLive lids-lashes normal.What is presentFindingOtherRemarksAnterior All Normal: recorded a negative act for 0 untouched eyes (pending save); skipped 4 already touched.Save Ocular Health'

  code: 'ERR_ASSERTION'
  name: 'AssertionError'
  expected:
  actual: 'Ocular HealthAnterior & Posterior SegmentsRecord what is present. Normal requires an explicit negative assertion.Anterior All NormalFundus All NormalAnterior SegmentPeriocular AdnexaODCopy to OS →Not performed / deferredNo explicit negative assertion recordedLive periocular-adnexa normal.What is presentFindingOtherRemarksOS← Copy to ODNot performed / deferred1 findings explicitly asserted absent · pending save2026-09-17T16:53:52.694Z · pending saveAbsent: FindingExcluded: NoneNot covered: NoneLive periocular-adnexa normal.What is presentFindingOtherRemarksLids & LashesODCopy to OS →Not performed / deferred1 findings explicitly asserted absent · pending save2026-09-17T16:53:52.694Z · pending saveAbsent: FindingExcluded: NoneNot covered: NoneLive lids-lashes normal.What is presentFindingOtherRemarksOS← Copy to ODNot performed / deferred1 findings explicitly asserted absent · pending save2026-09-17T16:53:52.694Z · pending saveAbsent: FindingExcluded: NoneNot covered: NoneLive lids-lashes normal.What is presentFindingOtherRemarksAnterior All Normal: recorded a negative act for 0 untouched eyes (pending save); skipped 4 already touched.Save Ocular Health'
  operator: 'match'
  stack: |-
    TestContext.<anonymous> (/Users/ericr.bang/GitHub/ODOS2020/.worktrees/r10-a3-2/ui/tests/customSections.test.tsx:4429:12)
    async Test.run (node:internal/test_runner/test:1054:7)
    async Test.processPendingSubtests (node:internal/test_runner/test:744:7)
  ...
# Subtest: EXAM-1B in-flight edit remains unsaved after the older request completes
not ok 79 - EXAM-1B in-flight edit remains unsaved after the older request completes
  ---
  duration_ms: 1.413375
  type: 'test'
  location: '/Users/ericr.bang/GitHub/ODOS2020/.worktrees/r10-a3-2/ui/tests/customSections.test.tsx:1:145960'
  failureType: 'testCodeFailure'
  error: 'release is not a function'
  code: 'ERR_TEST_FAILURE'
  name: 'TypeError'
  stack: |-
    <anonymous> (/Users/ericr.bang/GitHub/ODOS2020/.worktrees/r10-a3-2/ui/tests/customSections.test.tsx:4458:29)
    act (/Users/ericr.bang/GitHub/ODOS2020/.worktrees/r10-a3-2/ui/node_modules/react/cjs/react.development.js:2512:16)
    TestContext.<anonymous> (/Users/ericr.bang/GitHub/ODOS2020/.worktrees/r10-a3-2/ui/tests/customSections.test.tsx:4458:11)
    async Test.run (node:internal/test_runner/test:1054:7)
    async Test.processPendingSubtests (node:internal/test_runner/test:744:7)
  ...
# Subtest: AVFILL-1 unentered normal does not invent an A/V ratio
not ok 80 - AVFILL-1 unentered normal does not invent an A/V ratio
  ---
  duration_ms: 1.445834
  type: 'test'
  location: '/Users/ericr.bang/GitHub/ODOS2020/.worktrees/r10-a3-2/ui/tests/customSections.test.tsx:1:147558'
  failureType: 'testCodeFailure'
  error: |-
    Expected values to be strictly equal:

    0 !== 1

  code: 'ERR_ASSERTION'
  name: 'AssertionError'
  expected: 1
  actual: 0
  operator: 'strictEqual'
  stack: |-
    TestContext.<anonymous> (/Users/ericr.bang/GitHub/ODOS2020/.worktrees/r10-a3-2/ui/tests/customSections.test.tsx:4508:14)
    async Test.run (node:internal/test_runner/test:1054:7)
    async Test.processPendingSubtests (node:internal/test_runner/test:744:7)
  ...
# Subtest: AVFILL-1 blank control does not invent an A/V ratio
ok 81 - AVFILL-1 blank control does not invent an A/V ratio
  ---
  duration_ms: 1.925917
  type: 'test'
  ...
# Subtest: AVFILL-1 Fundus All Normal does not invent an A/V ratio
not ok 82 - AVFILL-1 Fundus All Normal does not invent an A/V ratio
  ---
  duration_ms: 3.197084
  type: 'test'
  location: '/Users/ericr.bang/GitHub/ODOS2020/.worktrees/r10-a3-2/ui/tests/customSections.test.tsx:1:147558'
  failureType: 'testCodeFailure'
  error: |-
    Expected values to be strictly equal:

    0 !== 5

  code: 'ERR_ASSERTION'
  name: 'AssertionError'
  expected: 5
  actual: 0
  operator: 'strictEqual'
  stack: |-
    TestContext.<anonymous> (/Users/ericr.bang/GitHub/ODOS2020/.worktrees/r10-a3-2/ui/tests/customSections.test.tsx:4508:14)
    async Test.run (node:internal/test_runner/test:1054:7)
    async Test.processPendingSubtests (node:internal/test_runner/test:744:7)
  ...
# Subtest: AVFILL-1 selecting then clearing an unsaved ratio leaves no clinical write
ok 83 - AVFILL-1 selecting then clearing an unsaved ratio leaves no clinical write
  ---
  duration_ms: 1.534333
  type: 'test'
  ...
1..83
# tests 83
# suites 0
# pass 46
# fail 37
# cancelled 0
# skipped 0
# todo 0
# duration_ms 873.660791
