TAP version 13
# Subtest: exact \#57 legacy Coverage renders in the grid and editor, then upgrades in one transaction
ok 1 - exact \#57 legacy Coverage renders in the grid and editor, then upgrades in one transaction
  ---
  duration_ms: 3.685167
  type: 'test'
  ...
# Subtest: self Coverage keeps Patient demographics read-only and existing non-self subscribers update in place
ok 2 - self Coverage keeps Patient demographics read-only and existing non-self subscribers update in place
  ---
  duration_ms: 0.567917
  type: 'test'
  ...
# Subtest: manual benefit entry emits the required request-response history pair and benefit money/extensions
ok 3 - manual benefit entry emits the required request-response history pair and benefit money/extensions
  ---
  duration_ms: 1.002416
  type: 'test'
  ...
# Subtest: applying a plan template copies only plan-level facts and keeps the 7a bundle path unchanged
ok 4 - applying a plan template copies only plan-level facts and keeps the 7a bundle path unchanged
  ---
  duration_ms: 0.514791
  type: 'test'
  ...
# Subtest: applying an incomplete plan template leaves an undefined benefit kind untouched
ok 5 - applying an incomplete plan template leaves an undefined benefit kind untouched
  ---
  duration_ms: 0.083834
  type: 'test'
  ...
# Subtest: all six benefit statuses are derived from period, authorization, exclusion, and used facts
ok 6 - all six benefit statuses are derived from period, authorization, exclusion, and used facts
  ---
  duration_ms: 0.088792
  type: 'test'
  ...
# Subtest: claim context is active only when a current Coverage has an active applicable lens benefit
ok 7 - claim context is active only when a current Coverage has an active applicable lens benefit
  ---
  duration_ms: 0.33975
  type: 'test'
  ...
# Subtest: latest benefit selection treats malformed created timestamps as older than valid responses
ok 8 - latest benefit selection treats malformed created timestamps as older than valid responses
  ---
  duration_ms: 0.045125
  type: 'test'
  ...
# Subtest: both insurance clients use their dedicated routes and preserve transaction bodies
ok 9 - both insurance clients use their dedicated routes and preserve transaction bodies
  ---
  duration_ms: 7.583667
  type: 'test'
  ...
# Subtest: benefit table renders the exact column vocabulary, derived status, history, and detail view
ok 10 - benefit table renders the exact column vocabulary, derived status, history, and detail view
  ---
  duration_ms: 8.912209
  type: 'test'
  ...
# Subtest: INS2 U1 reuse offers only subscriber-only records
ok 11 - INS2 U1 reuse offers only subscriber-only records
  ---
  duration_ms: 0.532875
  type: 'test'
  ...
# Subtest: INS2 U2 legacy guardian subscriber becomes a new record without a guardian write
not ok 12 - INS2 U2 legacy guardian subscriber becomes a new record without a guardian write
  ---
  duration_ms: 1.716583
  type: 'test'
  location: '/Users/ericr.bang/GitHub/ODOS2020/.worktrees/insurance-ins2/ui/tests/patientInsurance.test.tsx:1:20577'
  failureType: 'testCodeFailure'
  error: |-
    Expected values to be strictly deep-equal:
    + actual - expected
    
      {
    +   ifMatch: 'W/"11"',
    +   method: 'PUT',
    +   url: 'RelatedPerson/ins2-guardian'
    -   method: 'POST',
    -   url: 'RelatedPerson'
      }
    
  code: 'ERR_ASSERTION'
  name: 'AssertionError'
  expected:
    method: 'POST'
    url: 'RelatedPerson'
  actual:
    method: 'PUT'
    url: 'RelatedPerson/ins2-guardian'
    ifMatch: 'W/"11"'
  operator: 'deepStrictEqual'
  stack: |-
    ins2AssertGuardianCopy (/Users/ericr.bang/GitHub/ODOS2020/.worktrees/insurance-ins2/ui/tests/patientInsurance.test.tsx:462:10)
    TestContext.<anonymous> (/Users/ericr.bang/GitHub/ODOS2020/.worktrees/insurance-ins2/ui/tests/patientInsurance.test.tsx:489:3)
    Test.runInAsyncScope (node:async_hooks:214:14)
    Test.run (node:internal/test_runner/test:1047:25)
    Test.processPendingSubtests (node:internal/test_runner/test:744:18)
    Test.postRun (node:internal/test_runner/test:1173:19)
    Test.run (node:internal/test_runner/test:1101:12)
    async Test.processPendingSubtests (node:internal/test_runner/test:744:7)
  ...
# Subtest: INS2 U3 subscriber activity is independent of Coverage activity
ok 13 - INS2 U3 subscriber activity is independent of Coverage activity
  ---
  duration_ms: 0.404833
  type: 'test'
  ...
# Subtest: INS2 U4 unloaded or mismatched subscriber refuses to emit a bundle
ok 14 - INS2 U4 unloaded or mismatched subscriber refuses to emit a bundle
  ---
  duration_ms: 0.24075
  type: 'test'
  ...
# Subtest: INS2 U5 primary extension alone excludes reuse and prevents guardian writes
not ok 15 - INS2 U5 primary extension alone excludes reuse and prevents guardian writes
  ---
  duration_ms: 0.658084
  type: 'test'
  location: '/Users/ericr.bang/GitHub/ODOS2020/.worktrees/insurance-ins2/ui/tests/patientInsurance.test.tsx:1:22220'
  failureType: 'testCodeFailure'
  error: |-
    Expected values to be strictly deep-equal:
    + actual - expected
    
      {
    +   ifMatch: 'W/"11"',
    +   method: 'PUT',
    +   url: 'RelatedPerson/ins2-guardian'
    -   method: 'POST',
    -   url: 'RelatedPerson'
      }
    
  code: 'ERR_ASSERTION'
  name: 'AssertionError'
  expected:
    method: 'POST'
    url: 'RelatedPerson'
  actual:
    method: 'PUT'
    url: 'RelatedPerson/ins2-guardian'
    ifMatch: 'W/"11"'
  operator: 'deepStrictEqual'
  stack: |-
    ins2AssertGuardianCopy (/Users/ericr.bang/GitHub/ODOS2020/.worktrees/insurance-ins2/ui/tests/patientInsurance.test.tsx:462:10)
    TestContext.<anonymous> (/Users/ericr.bang/GitHub/ODOS2020/.worktrees/insurance-ins2/ui/tests/patientInsurance.test.tsx:521:3)
    Test.runInAsyncScope (node:async_hooks:214:14)
    Test.run (node:internal/test_runner/test:1047:25)
    Test.processPendingSubtests (node:internal/test_runner/test:744:18)
    Test.postRun (node:internal/test_runner/test:1173:19)
    Test.run (node:internal/test_runner/test:1101:12)
    async Test.processPendingSubtests (node:internal/test_runner/test:744:7)
  ...
1..15
# tests 15
# suites 0
# pass 13
# fail 2
# cancelled 0
# skipped 0
# todo 0
# duration_ms 216.696667
