TAP version 13
# Subtest: exact \#57 legacy Coverage renders in the grid and editor, then upgrades in one transaction
ok 1 - exact \#57 legacy Coverage renders in the grid and editor, then upgrades in one transaction
  ---
  duration_ms: 4.10375
  type: 'test'
  ...
# Subtest: self Coverage keeps Patient demographics read-only and existing non-self subscribers update in place
ok 2 - self Coverage keeps Patient demographics read-only and existing non-self subscribers update in place
  ---
  duration_ms: 0.674416
  type: 'test'
  ...
# Subtest: manual benefit entry emits the required request-response history pair and benefit money/extensions
ok 3 - manual benefit entry emits the required request-response history pair and benefit money/extensions
  ---
  duration_ms: 1.154375
  type: 'test'
  ...
# Subtest: applying a plan template copies only plan-level facts and keeps the 7a bundle path unchanged
ok 4 - applying a plan template copies only plan-level facts and keeps the 7a bundle path unchanged
  ---
  duration_ms: 0.655542
  type: 'test'
  ...
# Subtest: applying an incomplete plan template leaves an undefined benefit kind untouched
ok 5 - applying an incomplete plan template leaves an undefined benefit kind untouched
  ---
  duration_ms: 0.102917
  type: 'test'
  ...
# Subtest: all six benefit statuses are derived from period, authorization, exclusion, and used facts
ok 6 - all six benefit statuses are derived from period, authorization, exclusion, and used facts
  ---
  duration_ms: 0.109959
  type: 'test'
  ...
# Subtest: claim context is active only when a current Coverage has an active applicable lens benefit
ok 7 - claim context is active only when a current Coverage has an active applicable lens benefit
  ---
  duration_ms: 0.472166
  type: 'test'
  ...
# Subtest: latest benefit selection treats malformed created timestamps as older than valid responses
ok 8 - latest benefit selection treats malformed created timestamps as older than valid responses
  ---
  duration_ms: 0.076792
  type: 'test'
  ...
# Subtest: both insurance clients use their dedicated routes and preserve transaction bodies
ok 9 - both insurance clients use their dedicated routes and preserve transaction bodies
  ---
  duration_ms: 8.92675
  type: 'test'
  ...
# Subtest: benefit table renders the exact column vocabulary, derived status, history, and detail view
ok 10 - benefit table renders the exact column vocabulary, derived status, history, and detail view
  ---
  duration_ms: 10.125959
  type: 'test'
  ...
# Subtest: INS2 U1 reuse offers only subscriber-only records
ok 11 - INS2 U1 reuse offers only subscriber-only records
  ---
  duration_ms: 0.532958
  type: 'test'
  ...
# Subtest: INS2 U2 legacy guardian subscriber becomes a new record without a guardian write
not ok 12 - INS2 U2 legacy guardian subscriber becomes a new record without a guardian write
  ---
  duration_ms: 2.015833
  type: 'test'
  location: '/Users/ericr.bang/GitHub/ODOS2020/.worktrees/insurance-ins2/ui/tests/patientInsurance.test.tsx:1:20577'
  failureType: 'testCodeFailure'
  error: |-
    Expected values to be strictly equal:
    
    false !== true
    
  code: 'ERR_ASSERTION'
  name: 'AssertionError'
  expected: true
  actual: false
  operator: 'strictEqual'
  stack: |-
    ins2AssertGuardianCopy (/Users/ericr.bang/GitHub/ODOS2020/.worktrees/insurance-ins2/ui/tests/patientInsurance.test.tsx:470:10)
    TestContext.<anonymous> (/Users/ericr.bang/GitHub/ODOS2020/.worktrees/insurance-ins2/ui/tests/patientInsurance.test.tsx:489:3)
    Test.runInAsyncScope (node:async_hooks:214:14)
    Test.run (node:internal/test_runner/test:1047:25)
    Test.processPendingSubtests (node:internal/test_runner/test:744:18)
    Test.postRun (node:internal/test_runner/test:1173:19)
    Test.run (node:internal/test_runner/test:1101:12)
    async Test.processPendingSubtests (node:internal/test_runner/test:744:7)
  ...
# Subtest: INS2 U3 subscriber activity is independent of Coverage activity
not ok 13 - INS2 U3 subscriber activity is independent of Coverage activity
  ---
  duration_ms: 0.246041
  type: 'test'
  location: '/Users/ericr.bang/GitHub/ODOS2020/.worktrees/insurance-ins2/ui/tests/patientInsurance.test.tsx:1:20710'
  failureType: 'testCodeFailure'
  error: |-
    Expected values to be strictly equal:
    
    false !== true
    
  code: 'ERR_ASSERTION'
  name: 'AssertionError'
  expected: true
  actual: false
  operator: 'strictEqual'
  stack: |-
    TestContext.<anonymous> (/Users/ericr.bang/GitHub/ODOS2020/.worktrees/insurance-ins2/ui/tests/patientInsurance.test.tsx:497:10)
    Test.runInAsyncScope (node:async_hooks:214:14)
    Test.run (node:internal/test_runner/test:1047:25)
    Test.processPendingSubtests (node:internal/test_runner/test:744:18)
    Test.postRun (node:internal/test_runner/test:1173:19)
    Test.run (node:internal/test_runner/test:1101:12)
    async Test.processPendingSubtests (node:internal/test_runner/test:744:7)
  ...
# Subtest: INS2 U4 unloaded or mismatched subscriber refuses to emit a bundle
ok 14 - INS2 U4 unloaded or mismatched subscriber refuses to emit a bundle
  ---
  duration_ms: 0.39475
  type: 'test'
  ...
# Subtest: INS2 U5 primary extension alone excludes reuse and prevents guardian writes
not ok 15 - INS2 U5 primary extension alone excludes reuse and prevents guardian writes
  ---
  duration_ms: 0.699292
  type: 'test'
  location: '/Users/ericr.bang/GitHub/ODOS2020/.worktrees/insurance-ins2/ui/tests/patientInsurance.test.tsx:1:22220'
  failureType: 'testCodeFailure'
  error: |-
    Expected values to be strictly equal:
    
    false !== true
    
  code: 'ERR_ASSERTION'
  name: 'AssertionError'
  expected: true
  actual: false
  operator: 'strictEqual'
  stack: |-
    ins2AssertGuardianCopy (/Users/ericr.bang/GitHub/ODOS2020/.worktrees/insurance-ins2/ui/tests/patientInsurance.test.tsx:470:10)
    TestContext.<anonymous> (/Users/ericr.bang/GitHub/ODOS2020/.worktrees/insurance-ins2/ui/tests/patientInsurance.test.tsx:521:3)
    Test.runInAsyncScope (node:async_hooks:214:14)
    Test.run (node:internal/test_runner/test:1047:25)
    Test.processPendingSubtests (node:internal/test_runner/test:744:18)
    Test.postRun (node:internal/test_runner/test:1173:19)
    Test.run (node:internal/test_runner/test:1101:12)
    async Test.processPendingSubtests (node:internal/test_runner/test:744:7)
  ...
1..15
# tests 15
# suites 0
# pass 12
# fail 3
# cancelled 0
# skipped 0
# todo 0
# duration_ms 225.882125
