TAP version 13
# Subtest: W130/W147 signed present witness is checked and locked; absent is outside loaded
ok 1 - W130/W147 signed present witness is checked and locked; absent is outside loaded
  ---
  duration_ms: 29.577625
  type: 'test'
  ...
# Subtest: W137 recorded absent requires explicit selection and fromPresence
ok 2 - W137 recorded absent requires explicit selection and fromPresence
  ---
  duration_ms: 7.001084
  type: 'test'
  ...
# Subtest: W131 unconfirmed Retry resends byte-identical request
ok 3 - W131 unconfirmed Retry resends byte-identical request
  ---
  duration_ms: 7.444875
  type: 'test'
  ...
# Subtest: W132 stale reload keeps choice and next save uses new command
ok 4 - W132 stale reload keeps choice and next save uses new command
  ---
  duration_ms: 9.03225
  type: 'test'
  ...
# Subtest: W133 negative outcome shows causal message and is never saved
ok 5 - W133 negative outcome shows causal message and is never saved
  ---
  duration_ms: 0.127083
  type: 'test'
  ...
# Subtest: W134 encounter-closed read only
ok 6 - W134 encounter-closed read only
  ---
  duration_ms: 1.811834
  type: 'test'
  ...
# Subtest: W134 pre-rebuild-test-encounter read only
ok 7 - W134 pre-rebuild-test-encounter read only
  ---
  duration_ms: 1.466833
  type: 'test'
  ...
# Subtest: W138 Deferred disables selections without deselection and toggles preserve them
ok 8 - W138 Deferred disables selections without deselection and toggles preserve them
  ---
  duration_ms: 5.775417
  type: 'test'
  ...
# Subtest: W136 per-eye Remarks and measurements are in independent panel states
ok 9 - W136 per-eye Remarks and measurements are in independent panel states
  ---
  duration_ms: 5.132291
  type: 'test'
  ...
# Subtest: W145 unscoped count 0
ok 10 - W145 unscoped count 0
  ---
  duration_ms: 1.679792
  type: 'test'
  ...
# Subtest: W145 unscoped count 2
ok 11 - W145 unscoped count 2
  ---
  duration_ms: 1.315583
  type: 'test'
  ...
# Subtest: W135 diagnosis-door refresh merges fresh sibling without erasing pending choice
ok 12 - W135 diagnosis-door refresh merges fresh sibling without erasing pending choice
  ---
  duration_ms: 6.106125
  type: 'test'
  ...
# Subtest: W133 negative-only conflict never calls onSaved
ok 13 - W133 negative-only conflict never calls onSaved
  ---
  duration_ms: 4.36525
  type: 'test'
  ...
# Subtest: W145 refreshed zero count removes a previous unscoped notice
ok 14 - W145 refreshed zero count removes a previous unscoped notice
  ---
  duration_ms: 2.42
  type: 'test'
  ...
# Subtest: W147 UI inactive owned witness remains checked and locked
ok 15 - W147 UI inactive owned witness remains checked and locked
  ---
  duration_ms: 1.343333
  type: 'test'
  ...
# Subtest: W136 blank optional panel text is omitted; fresh offered option becomes a new assertion
ok 16 - W136 blank optional panel text is omitted; fresh offered option becomes a new assertion
  ---
  duration_ms: 3.147041
  type: 'test'
  ...
# Subtest: W134 diagnosis door names the closed-encounter refusal
ok 17 - W134 diagnosis door names the closed-encounter refusal
  ---
  duration_ms: 0.397542
  type: 'test'
  ...
# Subtest: V36 canonical fact controls section Clear visibility
ok 18 - V36 canonical fact controls section Clear visibility
  ---
  duration_ms: 1.553791
  type: 'test'
  ...
# Subtest: V36 canonical absent controls section Clear visibility
ok 19 - V36 canonical absent controls section Clear visibility
  ---
  duration_ms: 1.058625
  type: 'test'
  ...
# Subtest: V36 canonical panel controls section Clear visibility
ok 20 - V36 canonical panel controls section Clear visibility
  ---
  duration_ms: 0.976292
  type: 'test'
  ...
# Subtest: V36 canonical negative controls section Clear visibility
ok 21 - V36 canonical negative controls section Clear visibility
  ---
  duration_ms: 0.969291
  type: 'test'
  ...
# Subtest: V36 canonical retired controls section Clear visibility
ok 22 - V36 canonical retired controls section Clear visibility
  ---
  duration_ms: 0.913208
  type: 'test'
  ...
# Subtest: V36 canonical empty controls section Clear visibility
ok 23 - V36 canonical empty controls section Clear visibility
  ---
  duration_ms: 1.112375
  type: 'test'
  ...
1..23
# tests 23
# suites 0
# pass 23
# fail 0
# cancelled 0
# skipped 0
# todo 0
# duration_ms 339.966667
