TAP version 13
# Subtest: V36 canonical fact controls section Clear visibility
not ok 1 - V36 canonical fact controls section Clear visibility
  ---
  duration_ms: 22.265333
  type: 'test'
  location: '/Users/ericr.bang/GitHub/ODOS2020/.worktrees/r10-a3-2/ui/tests/r10A3OcularEditor.test.tsx:1:12029'
  failureType: 'testCodeFailure'
  error: |-
    Expected values to be strictly equal:

    0 !== 1

  code: 'ERR_ASSERTION'
  name: 'AssertionError'
  expected: 1
  actual: 0
  operator: 'strictEqual'
  stack: |-
    TestContext.<anonymous> (/Users/ericr.bang/GitHub/ODOS2020/.worktrees/r10-a3-2/ui/tests/r10A3OcularEditor.test.tsx:115:10)
    async Test.run (node:internal/test_runner/test:1054:7)
    async startSubtestAfterBootstrap (node:internal/test_runner/harness:296:3)
  ...
# Subtest: V36 canonical absent controls section Clear visibility
not ok 2 - V36 canonical absent controls section Clear visibility
  ---
  duration_ms: 3.971
  type: 'test'
  location: '/Users/ericr.bang/GitHub/ODOS2020/.worktrees/r10-a3-2/ui/tests/r10A3OcularEditor.test.tsx:1:12029'
  failureType: 'testCodeFailure'
  error: |-
    Expected values to be strictly equal:

    0 !== 1

  code: 'ERR_ASSERTION'
  name: 'AssertionError'
  expected: 1
  actual: 0
  operator: 'strictEqual'
  stack: |-
    TestContext.<anonymous> (/Users/ericr.bang/GitHub/ODOS2020/.worktrees/r10-a3-2/ui/tests/r10A3OcularEditor.test.tsx:115:10)
    async Test.run (node:internal/test_runner/test:1054:7)
    async Test.processPendingSubtests (node:internal/test_runner/test:744:7)
  ...
# Subtest: V36 canonical panel controls section Clear visibility
not ok 3 - V36 canonical panel controls section Clear visibility
  ---
  duration_ms: 2.87225
  type: 'test'
  location: '/Users/ericr.bang/GitHub/ODOS2020/.worktrees/r10-a3-2/ui/tests/r10A3OcularEditor.test.tsx:1:12029'
  failureType: 'testCodeFailure'
  error: |-
    Expected values to be strictly equal:

    0 !== 1

  code: 'ERR_ASSERTION'
  name: 'AssertionError'
  expected: 1
  actual: 0
  operator: 'strictEqual'
  stack: |-
    TestContext.<anonymous> (/Users/ericr.bang/GitHub/ODOS2020/.worktrees/r10-a3-2/ui/tests/r10A3OcularEditor.test.tsx:115:10)
    async Test.run (node:internal/test_runner/test:1054:7)
    async Test.processPendingSubtests (node:internal/test_runner/test:744:7)
  ...
# Subtest: V36 canonical negative controls section Clear visibility
not ok 4 - V36 canonical negative controls section Clear visibility
  ---
  duration_ms: 2.472333
  type: 'test'
  location: '/Users/ericr.bang/GitHub/ODOS2020/.worktrees/r10-a3-2/ui/tests/r10A3OcularEditor.test.tsx:1:12029'
  failureType: 'testCodeFailure'
  error: |-
    Expected values to be strictly equal:

    0 !== 1

  code: 'ERR_ASSERTION'
  name: 'AssertionError'
  expected: 1
  actual: 0
  operator: 'strictEqual'
  stack: |-
    TestContext.<anonymous> (/Users/ericr.bang/GitHub/ODOS2020/.worktrees/r10-a3-2/ui/tests/r10A3OcularEditor.test.tsx:115:10)
    async Test.run (node:internal/test_runner/test:1054:7)
    async Test.processPendingSubtests (node:internal/test_runner/test:744:7)
  ...
# Subtest: V36 canonical retired controls section Clear visibility
ok 5 - V36 canonical retired controls section Clear visibility
  ---
  duration_ms: 2.990125
  type: 'test'
  ...
# Subtest: V36 canonical empty controls section Clear visibility
ok 6 - V36 canonical empty controls section Clear visibility
  ---
  duration_ms: 2.643667
  type: 'test'
  ...
1..6
# tests 6
# suites 0
# pass 2
# fail 4
# cancelled 0
# skipped 0
# todo 0
# duration_ms 325.384667
