TAP version 13
# Subtest: W138 canonical ocular panels expose Deferred independently of the legacy definition flag
not ok 1 - W138 canonical ocular panels expose Deferred independently of the legacy definition flag
  ---
  duration_ms: 8.828458
  type: 'test'
  location: '/Users/ericr.bang/GitHub/ODOS2020/.worktrees/r10-a3-2/ui/tests/customSections.test.tsx:1:39293'
  failureType: 'testCodeFailure'
  error: |-
    Expected values to be strictly equal:

    2 !== 4

  code: 'ERR_ASSERTION'
  name: 'AssertionError'
  expected: 4
  actual: 2
  operator: 'strictEqual'
  stack: |-
    TestContext.<anonymous> (/Users/ericr.bang/GitHub/ODOS2020/.worktrees/r10-a3-2/ui/tests/customSections.test.tsx:1247:10)
    Test.runInAsyncScope (node:async_hooks:214:14)
    Test.run (node:internal/test_runner/test:1047:25)
    async startSubtestAfterBootstrap (node:internal/test_runner/harness:296:3)
  ...
1..1
# tests 1
# suites 0
# pass 0
# fail 1
# cancelled 0
# skipped 0
# todo 0
# duration_ms 553.42125
