TAP version 13
# Subtest: W130/W147 signed present witness is checked and locked; absent is outside loaded
ok 1 - W130/W147 signed present witness is checked and locked; absent is outside loaded
  ---
  duration_ms: 27.727083
  type: 'test'
  ...
# Subtest: W137 recorded absent requires explicit selection and fromPresence
ok 2 - W137 recorded absent requires explicit selection and fromPresence
  ---
  duration_ms: 6.376792
  type: 'test'
  ...
# Subtest: W131 unconfirmed Retry resends byte-identical request
ok 3 - W131 unconfirmed Retry resends byte-identical request
  ---
  duration_ms: 7.393125
  type: 'test'
  ...
# Subtest: W132 stale reload keeps choice and next save uses new command
ok 4 - W132 stale reload keeps choice and next save uses new command
  ---
  duration_ms: 8.236334
  type: 'test'
  ...
# Subtest: W133 negative outcome shows causal message and is never saved
ok 5 - W133 negative outcome shows causal message and is never saved
  ---
  duration_ms: 0.135625
  type: 'test'
  ...
# Subtest: W134 encounter-closed read only
ok 6 - W134 encounter-closed read only
  ---
  duration_ms: 1.848292
  type: 'test'
  ...
# Subtest: W134 pre-rebuild-test-encounter read only
ok 7 - W134 pre-rebuild-test-encounter read only
  ---
  duration_ms: 1.4505
  type: 'test'
  ...
# Subtest: W138 Deferred disables selections without deselection and toggles preserve them
ok 8 - W138 Deferred disables selections without deselection and toggles preserve them
  ---
  duration_ms: 6.900833
  type: 'test'
  ...
# Subtest: W136 per-eye Remarks and measurements are in independent panel states
ok 9 - W136 per-eye Remarks and measurements are in independent panel states
  ---
  duration_ms: 4.5605
  type: 'test'
  ...
# Subtest: W145 unscoped count 0
ok 10 - W145 unscoped count 0
  ---
  duration_ms: 1.699875
  type: 'test'
  ...
# Subtest: W145 unscoped count 2
ok 11 - W145 unscoped count 2
  ---
  duration_ms: 1.41775
  type: 'test'
  ...
# Subtest: W135 diagnosis-door refresh merges fresh sibling without erasing pending choice
ok 12 - W135 diagnosis-door refresh merges fresh sibling without erasing pending choice
  ---
  duration_ms: 5.523541
  type: 'test'
  ...
# Subtest: W133 negative-only conflict never calls onSaved
ok 13 - W133 negative-only conflict never calls onSaved
  ---
  duration_ms: 3.232042
  type: 'test'
  ...
# Subtest: W145 refreshed zero count removes a previous unscoped notice
ok 14 - W145 refreshed zero count removes a previous unscoped notice
  ---
  duration_ms: 3.218958
  type: 'test'
  ...
# Subtest: W147 UI inactive owned witness remains checked and locked
ok 15 - W147 UI inactive owned witness remains checked and locked
  ---
  duration_ms: 1.470291
  type: 'test'
  ...
# Subtest: W136 blank optional panel text is omitted; fresh offered option becomes a new assertion
ok 16 - W136 blank optional panel text is omitted; fresh offered option becomes a new assertion
  ---
  duration_ms: 2.480458
  type: 'test'
  ...
# Subtest: W134 diagnosis door names the closed-encounter refusal
ok 17 - W134 diagnosis door names the closed-encounter refusal
  ---
  duration_ms: 0.340584
  type: 'test'
  ...
1..17
# tests 17
# suites 0
# pass 17
# fail 0
# cancelled 0
# skipped 0
# todo 0
# duration_ms 361.060625
