TAP version 13
# Subtest: canonical fact dominates legacy, including its retired clear marker
ok 1 - canonical fact dominates legacy, including its retired clear marker
  ---
  duration_ms: 3.372542
  type: 'test'
  ...
# Subtest: duplicate canonical owners conflict even when assertions agree
ok 2 - duplicate canonical owners conflict even when assertions agree
  ---
  duration_ms: 0.472375
  type: 'test'
  ...
# Subtest: retired legacy atomic cannot suppress a live section positive; cancelled is retained but never live
ok 3 - retired legacy atomic cannot suppress a live section positive; cancelled is retained but never live
  ---
  duration_ms: 2.771666
  type: 'test'
  ...
# Subtest: legacy OU expands to two facts, sharing its real source
ok 4 - legacy OU expands to two facts, sharing its real source
  ---
  duration_ms: 0.3825
  type: 'test'
  ...
# Subtest: OD absent versus OU present conflicts only OD; agreeing overlap coalesces
ok 5 - OD absent versus OU present conflicts only OD; agreeing overlap coalesces
  ---
  duration_ms: 0.63375
  type: 'test'
  ...
# Subtest: latest snapshot omission stays unanswered; older snapshot never revives it
ok 6 - latest snapshot omission stays unanswered; older snapshot never revives it
  ---
  duration_ms: 0.423833
  type: 'test'
  ...
# Subtest: equal-time different snapshots conflict independent of input order
ok 7 - equal-time different snapshots conflict independent of input order
  ---
  duration_ms: 1.077167
  type: 'test'
  ...
# Subtest: atomic plus section agree only with equal typed qualifier maps
ok 8 - atomic plus section agree only with equal typed qualifier maps
  ---
  duration_ms: 1.602958
  type: 'test'
  ...
# Subtest: homes union: extension-only
ok 9 - homes union: extension-only
  ---
  duration_ms: 0.366458
  type: 'test'
  ...
# Subtest: homes union: evidence-only
ok 10 - homes union: evidence-only
  ---
  duration_ms: 0.3455
  type: 'test'
  ...
# Subtest: homes union: both
ok 11 - homes union: both
  ---
  duration_ms: 0.329792
  type: 'test'
  ...
# Subtest: homes union: disagreeing
ok 12 - homes union: disagreeing
  ---
  duration_ms: 0.220666
  type: 'test'
  ...
# Subtest: coalesced and conflicting sources union homes, canonical homes use only the canonical contributor
ok 13 - coalesced and conflicting sources union homes, canonical homes use only the canonical contributor
  ---
  duration_ms: 0.726459
  type: 'test'
  ...
# Subtest: negative act remains raw and never wins latest snapshot
ok 14 - negative act remains raw and never wins latest snapshot
  ---
  duration_ms: 0.641625
  type: 'test'
  ...
# Subtest: UNKNOWN, invalid, missing definition and unknown options remain unresolved with real references
ok 15 - UNKNOWN, invalid, missing definition and unknown options remain unresolved with real references
  ---
  duration_ms: 0.25225
  type: 'test'
  ...
# Subtest: raw sources are immutable, a single untranslated view retains bytes and its actual id
ok 16 - raw sources are immutable, a single untranslated view retains bytes and its actual id
  ---
  duration_ms: 0.391167
  type: 'test'
  ...
# Subtest: retired option translation retains typed replacement semantics without an aggregate id
ok 17 - retired option translation retains typed replacement semantics without an aggregate id
  ---
  duration_ms: 0.2105
  type: 'test'
  ...
# Subtest: mixed carried/current contributors retain attribution and newest clinical date
ok 18 - mixed carried/current contributors retain attribution and newest clinical date
  ---
  duration_ms: 0.314625
  type: 'test'
  ...
# Subtest: loader traverses pages, retains retired and refuses failed, foreign or unscoped pages
ok 19 - loader traverses pages, retains retired and refuses failed, foreign or unscoped pages
  ---
  duration_ms: 0.561709
  type: 'test'
  ...
# Subtest: nested child selections are options, never mistaken for a parent's missing qualifier
ok 20 - nested child selections are options, never mistaken for a parent's missing qualifier
  ---
  duration_ms: 0.268333
  type: 'test'
  ...
# Subtest: active option plus its retired subtype still requires a translated view
ok 21 - active option plus its retired subtype still requires a translated view
  ---
  duration_ms: 0.437208
  type: 'test'
  ...
# Subtest: inferred homes intersect eye sets and never replace explicit homes on a coalesced fact
ok 22 - inferred homes intersect eye sets and never replace explicit homes on a coalesced fact
  ---
  duration_ms: 1.089209
  type: 'test'
  ...
# Subtest: panel context and negative acts cannot replace a laterally scoped positive snapshot
ok 23 - panel context and negative acts cannot replace a laterally scoped positive snapshot
  ---
  duration_ms: 0.465458
  type: 'test'
  ...
# Subtest: typed qualifiers resolve the addressed field when a definition has multiple option fields
ok 24 - typed qualifiers resolve the addressed field when a definition has multiple option fields
  ---
  duration_ms: 0.4185
  type: 'test'
  ...
# Subtest: canonical homes ignore Condition evidence, while legacy homeSources identify each asserting resource
ok 25 - canonical homes ignore Condition evidence, while legacy homeSources identify each asserting resource
  ---
  duration_ms: 0.335583
  type: 'test'
  ...
# Subtest: later scoped negative suppresses only older snapshot positives; equal-time scope conflicts
ok 26 - later scoped negative suppresses only older snapshot positives; equal-time scope conflicts
  ---
  duration_ms: 1.859792
  type: 'test'
  ...
# Subtest: baselines select exact-eye unique live atomic, otherwise materialize or canonical
ok 27 - baselines select exact-eye unique live atomic, otherwise materialize or canonical
  ---
  duration_ms: 0.890708
  type: 'test'
  ...
# Subtest: UNKNOWN legacy retirement requires a live version; retired UNKNOWN is visible but not actionable
ok 28 - UNKNOWN legacy retirement requires a live version; retired UNKNOWN is visible but not actionable
  ---
  duration_ms: 0.175625
  type: 'test'
  ...
# Subtest: loader returns sanitized typed incomplete categories
not ok 29 - loader returns sanitized typed incomplete categories
  ---
  duration_ms: 2.013334
  type: 'test'
  location: '/Users/ericr.bang/GitHub/ODOS2020/.worktrees/r10-a2b1/mcp/tests/currentFindingReader.test.ts:1:16477'
  failureType: 'testCodeFailure'
  error: |-
    Expected values to be strictly equal:
    + actual - expected
    
    + 'missing'
    - 'upstream'
    
  code: 'ERR_ASSERTION'
  name: 'AssertionError'
  expected: 'upstream'
  actual: 'missing'
  operator: 'strictEqual'
  stack: |-
    TestContext.<anonymous> (/Users/ericr.bang/GitHub/ODOS2020/.worktrees/r10-a2b1/mcp/tests/currentFindingReader.test.ts:234:70)
    async Test.run (node:internal/test_runner/test:1054:7)
    async Test.processPendingSubtests (node:internal/test_runner/test:744:7)
  ...
# Subtest: audit lookup is opt-in and only current marked fact without matching audit is pending
not ok 30 - audit lookup is opt-in and only current marked fact without matching audit is pending
  ---
  duration_ms: 0.8835
  type: 'test'
  location: '/Users/ericr.bang/GitHub/ODOS2020/.worktrees/r10-a2b1/mcp/tests/currentFindingReader.test.ts:1:18158'
  failureType: 'testCodeFailure'
  error: |-
    Expected values to be strictly equal:
    + actual - expected
    
    + 'refused'
    - 'upstream'
    
  code: 'ERR_ASSERTION'
  name: 'AssertionError'
  expected: 'upstream'
  actual: 'refused'
  operator: 'strictEqual'
  stack: |-
    TestContext.<anonymous> (/Users/ericr.bang/GitHub/ODOS2020/.worktrees/r10-a2b1/mcp/tests/currentFindingReader.test.ts:251:68)
    async Test.run (node:internal/test_runner/test:1054:7)
    async Test.processPendingSubtests (node:internal/test_runner/test:744:7)
  ...
# Subtest: W16 full, partial, excluded and equal-time negatives use Observation time and preserve unaffected options
ok 31 - W16 full, partial, excluded and equal-time negatives use Observation time and preserve unaffected options
  ---
  duration_ms: 1.465834
  type: 'test'
  ...
# Subtest: typed incomplete maps transport refusal and missing status without upstream details
not ok 32 - typed incomplete maps transport refusal and missing status without upstream details
  ---
  duration_ms: 0.213916
  type: 'test'
  location: '/Users/ericr.bang/GitHub/ODOS2020/.worktrees/r10-a2b1/mcp/tests/currentFindingReader.test.ts:1:21203'
  failureType: 'testCodeFailure'
  error: |-
    Expected values to be strictly equal:
    + actual - expected
    
    + 'upstream'
    - 'missing'
    
  code: 'ERR_ASSERTION'
  name: 'AssertionError'
  expected: 'missing'
  actual: 'upstream'
  operator: 'strictEqual'
  stack: |-
    TestContext.<anonymous> (/Users/ericr.bang/GitHub/ODOS2020/.worktrees/r10-a2b1/mcp/tests/currentFindingReader.test.ts:280:35)
    async Test.run (node:internal/test_runner/test:1054:7)
    async Test.processPendingSubtests (node:internal/test_runner/test:744:7)
  ...
# Subtest: review regression: resource search details cannot masquerade as audit lookup failures
not ok 33 - review regression: resource search details cannot masquerade as audit lookup failures
  ---
  duration_ms: 0.396166
  type: 'test'
  location: '/Users/ericr.bang/GitHub/ODOS2020/.worktrees/r10-a2b1/mcp/tests/currentFindingReader.test.ts:1:21815'
  failureType: 'testCodeFailure'
  error: |-
    Expected values to be strictly deep-equal:
    + actual - expected
    
      {
        incomplete: true,
    +   kind: 'refused',
    -   kind: 'upstream',
        reason: 'Finding audit state could not be verified.'
      }
    
  code: 'ERR_ASSERTION'
  name: 'AssertionError'
  expected:
    incomplete: true
    kind: 'upstream'
    reason: 'Finding audit state could not be verified.'
  actual:
    incomplete: true
    kind: 'refused'
    reason: 'Finding audit state could not be verified.'
  operator: 'deepStrictEqual'
  stack: |-
    TestContext.<anonymous> (/Users/ericr.bang/GitHub/ODOS2020/.worktrees/r10-a2b1/mcp/tests/currentFindingReader.test.ts:304:10)
    async Test.run (node:internal/test_runner/test:1054:7)
    async Test.processPendingSubtests (node:internal/test_runner/test:744:7)
  ...
# Subtest: preRebuild includes retired legacy, snapshots, unresolved and invalid findings
not ok 34 - preRebuild includes retired legacy, snapshots, unresolved and invalid findings
  ---
  duration_ms: 0.214958
  type: 'test'
  location: '/Users/ericr.bang/GitHub/ODOS2020/.worktrees/r10-a2b1/mcp/tests/currentFindingReader.test.ts:1:23300'
  failureType: 'testCodeFailure'
  error: |-
    Expected values to be strictly equal:
    + actual - expected
    
    + undefined
    - true
    
  code: 'ERR_ASSERTION'
  name: 'AssertionError'
  expected: true
  operator: 'strictEqual'
  stack: |-
    TestContext.<anonymous> (/Users/ericr.bang/GitHub/ODOS2020/.worktrees/r10-a2b1/mcp/tests/currentFindingReader.test.ts:311:12)
    Test.runInAsyncScope (node:async_hooks:214:14)
    Test.run (node:internal/test_runner/test:1047:25)
    Test.processPendingSubtests (node:internal/test_runner/test:744:18)
    Test.postRun (node:internal/test_runner/test:1173:19)
    Test.run (node:internal/test_runner/test:1101:12)
    async Test.processPendingSubtests (node:internal/test_runner/test:744:7)
  ...
1..34
# tests 34
# suites 0
# pass 29
# fail 5
# cancelled 0
# skipped 0
# todo 0
# duration_ms 219.672125
