TAP version 13
# Subtest: W143 carry-incomplete reloads before replan with a new command and blocks while reload is unresolved
not ok 1 - W143 carry-incomplete reloads before replan with a new command and blocks while reload is unresolved
  ---
  duration_ms: 28.446458
  type: 'test'
  location: '/Users/ericr.bang/GitHub/ODOS2020/.worktrees/r10-a3-2/ui/tests/diagnosisCarryForward.test.tsx:1:20696'
  failureType: 'testCodeFailure'
  error: |-
    Expected "actual" to be strictly unequal to:

    '7d70276d-af4d-4c2b-9543-7637563b05bd'
  code: 'ERR_ASSERTION'
  name: 'AssertionError'
  expected: '7d70276d-af4d-4c2b-9543-7637563b05bd'
  actual: '7d70276d-af4d-4c2b-9543-7637563b05bd'
  operator: 'notStrictEqual'
  stack: |-
    TestContext.<anonymous> (/Users/ericr.bang/GitHub/ODOS2020/.worktrees/r10-a3-2/ui/tests/diagnosisCarryForward.test.tsx:575:12)
    async Test.run (node:internal/test_runner/test:1054:7)
    async startSubtestAfterBootstrap (node:internal/test_runner/harness:296:3)
  ...
# Subtest: W143 failed reload preserves the prior carry and never posts a replan
ok 2 - W143 failed reload preserves the prior carry and never posts a replan
  ---
  duration_ms: 6.473958
  type: 'test'
  ...
1..2
# tests 2
# suites 0
# pass 1
# fail 1
# cancelled 0
# skipped 0
# todo 0
# duration_ms 233.765917
