TAP version 13
# Subtest: D6 UI setting 21 routes a 19-year-old to the guardian through shared isMinorOn
not ok 1 - D6 UI setting 21 routes a 19-year-old to the guardian through shared isMinorOn
  ---
  duration_ms: 1.471667
  type: 'test'
  location: '/Users/ericr.bang/GitHub/ODOS2020/.worktrees/majority-ui-worker/ui/tests/ageOfMajority.test.tsx:1:2485'
  failureType: 'testCodeFailure'
  error: |-
    Expected values to be strictly equal:
    
    false !== true
    
  code: 'ERR_ASSERTION'
  name: 'AssertionError'
  expected: true
  actual: false
  operator: 'strictEqual'
  stack: |-
    TestContext.<anonymous> (/Users/ericr.bang/GitHub/ODOS2020/.worktrees/majority-ui-worker/ui/tests/ageOfMajority.test.tsx:37:10)
    Test.runInAsyncScope (node:async_hooks:214:14)
    Test.run (node:internal/test_runner/test:1047:25)
    Test.start (node:internal/test_runner/test:944:17)
    startSubtestAfterBootstrap (node:internal/test_runner/harness:296:17)
  ...
1..1
# tests 1
# suites 0
# pass 0
# fail 1
# cancelled 0
# skipped 0
# todo 0
# duration_ms 189.129166
