TAP version 13
# Subtest: D7 UI duplicate singleton search refuses ambiguity and Engage exposes no recipients
not ok 1 - D7 UI duplicate singleton search refuses ambiguity and Engage exposes no recipients
  ---
  duration_ms: 2.101083
  type: 'test'
  location: '/Users/ericr.bang/GitHub/ODOS2020/.worktrees/majority-ui-worker/ui/tests/ageOfMajority.test.tsx:1:5184'
  failureType: 'testCodeFailure'
  error: 'Missing expected rejection.'
  code: 'ERR_ASSERTION'
  name: 'AssertionError'
  expected:
  operator: 'rejects'
  stack: |-
    async TestContext.<anonymous> (/Users/ericr.bang/GitHub/ODOS2020/.worktrees/majority-ui-worker/ui/tests/ageOfMajority.test.tsx:93:3)
    async Test.run (node:internal/test_runner/test:1054:7)
    async startSubtestAfterBootstrap (node:internal/test_runner/harness:296:3)
  ...
1..1
# tests 1
# suites 0
# pass 0
# fail 1
# cancelled 0
# skipped 0
# todo 0
# duration_ms 266.051417
