TAP version 13
# Subtest: D6 UI setting 21 routes a 19-year-old to the guardian through shared isMinorOn
ok 1 - D6 UI setting 21 routes a 19-year-old to the guardian through shared isMinorOn
  ---
  duration_ms: 27.496625
  type: 'test'
  ...
# Subtest: D7 UI missing setting is visible and exposes neither patient nor guardian recipients
ok 2 - D7 UI missing setting is visible and exposes neither patient nor guardian recipients
  ---
  duration_ms: 3.949667
  type: 'test'
  ...
# Subtest: D7 UI invalid setting is visible and exposes neither patient nor guardian recipients
ok 3 - D7 UI invalid setting is visible and exposes neither patient nor guardian recipients
  ---
  duration_ms: 2.431
  type: 'test'
  ...
# Subtest: settings saves writer-derived value with loaded version and shows current value
ok 4 - settings saves writer-derived value with loaded version and shows current value
  ---
  duration_ms: 2.71275
  type: 'test'
  ...
# Subtest: D7 UI reopening after setting deletion clears previously loaded guardian recipients
ok 5 - D7 UI reopening after setting deletion clears previously loaded guardian recipients
  ---
  duration_ms: 5.694375
  type: 'test'
  ...
# Subtest: D7 UI duplicate singleton search refuses ambiguity and Engage exposes no recipients
ok 6 - D7 UI duplicate singleton search refuses ambiguity and Engage exposes no recipients
  ---
  duration_ms: 2.204542
  type: 'test'
  ...
# Subtest: Practice landing groups existing settings and the owner-only plan-profile route
ok 7 - Practice landing groups existing settings and the owner-only plan-profile route
  ---
  duration_ms: 4.997208
  type: 'test'
  ...
# Subtest: Find a setting filters static Manage links and Cmd-K focuses the search
ok 8 - Find a setting filters static Manage links and Cmd-K focuses the search
  ---
  duration_ms: 10.958
  type: 'test'
  ...
1..8
# tests 8
# suites 0
# pass 8
# fail 0
# cancelled 0
# skipped 0
# todo 0
# duration_ms 319.112291
