TAP version 13
# Subtest: D6 UI setting 21 routes a 19-year-old to the guardian through shared isMinorOn
ok 1 - D6 UI setting 21 routes a 19-year-old to the guardian through shared isMinorOn
  ---
  duration_ms: 22.784209
  type: 'test'
  ...
# Subtest: D7 UI missing setting is visible and exposes neither patient nor guardian recipients
ok 2 - D7 UI missing setting is visible and exposes neither patient nor guardian recipients
  ---
  duration_ms: 2.941458
  type: 'test'
  ...
# Subtest: D7 UI invalid setting is visible and exposes neither patient nor guardian recipients
ok 3 - D7 UI invalid setting is visible and exposes neither patient nor guardian recipients
  ---
  duration_ms: 2.324416
  type: 'test'
  ...
# Subtest: settings saves writer-derived value with loaded version and shows current value
ok 4 - settings saves writer-derived value with loaded version and shows current value
  ---
  duration_ms: 3.54775
  type: 'test'
  ...
# Subtest: D7 UI reopening after setting deletion clears previously loaded guardian recipients
ok 5 - D7 UI reopening after setting deletion clears previously loaded guardian recipients
  ---
  duration_ms: 4.933458
  type: 'test'
  ...
# Subtest: D7 UI duplicate singleton search refuses ambiguity and Engage exposes no recipients
ok 6 - D7 UI duplicate singleton search refuses ambiguity and Engage exposes no recipients
  ---
  duration_ms: 2.108708
  type: 'test'
  ...
1..6
# tests 6
# suites 0
# pass 6
# fail 0
# cancelled 0
# skipped 0
# todo 0
# duration_ms 270.879792
